05-16 11:25:17.234 I/AUD     (  197): DSP_LOG_SB AUDIO_DSP_CMD_SET_MEDIA_PATH 8dff ffff 0077 0002 0001
05-16 11:25:17.234 D/dsplib  (  197): libdsp_write: CMD=119, TASK=1, TYPE=1, LEN=10, FLAG=1
05-16 11:25:17.234 I/dsplib  (  197): libdsp_write: writing to byte control: 18 bytes
05-16 11:25:17.234 I/dsplib  (  197): dsp_get_mixers_xpath: mixers attribute path is: /dsplibconfig/commands[@task_id='1']/command[@num='119']/mixers[@id='141']
05-16 11:25:17.234 D/dsplib  (  197): mixer_set_path: mixer control name: In PCM0 Switch Switch
05-16 11:25:17.234 I/AUD     (  197): DSP_LOG_SB AUDIO_DSP_CMD_SET_MDRP 0500 0079 0074 004c 0003 0000 0001 0001 0000 0000 0000 0000 0000 0000 0000 0000 0000 0000 0000 0000 6000 0000 3200 0000 0900 0000 1400 0000 0100 0000 016f 0000 0100 0000 000a 0000 000a 0000 0080 0000 0100 0000
05-16 11:25:17.234 D/dsplib  (  197): libdsp_write: CMD=116, TASK=1, TYPE=2, LEN=84, FLAG=1
05-16 11:25:17.234 I/dsplib  (  197): libdsp_write: writing to byte control: 92 bytes
05-16 11:25:17.234 I/AUD     (  197): DSP_LOG_SB AUDIO_DSP_CMD_SBA_VB_SET_FIR 0500 0081 0080 008a 0003 0001 0040 0000 0000 53f3 317a f215 edb8 04ca 16fd 1465 0270 f09c ec85 f460 fe0c 00cb fdb5 fadd fcb5 0193 0562 0581 032a 00e5 0068 0116 01ba 015c 007d ffb2 ffa7 fffe 006f 0077 003c ffcb ff79 ff41 ff22 ff00 feed fefd ff3c ff95 ffed 0029 0055 007b 009f 00a9 0094 0060 0029 0000 fff4 ffed ffe5 ffd7 ffcf ffcd ffd4 ffd9 ffe1 ffe6 fff4 fff1 0000
05-16 11:25:17.234 D/dsplib  (  197): libdsp_write: CMD=128, TASK=1, TYPE=2, LEN=146, FLAG=1
05-16 11:25:17.234 I/dsplib  (  197): libdsp_write: writing to byte control: 154 bytes
05-16 11:25:17.234 I/AUD     (  197): DSP_LOG_SB AUDIO_DSP_CMD_SBA_VB_LPRO 0400 006d 007e 00c0 0003 0000 0001 0000 0030 02aa 0030 0960 2580 799a 0000 0c2e 0c2e 0c2e 0146 5a83 50e9 50e9 1734 0c2e 47fb 50e9 50e9 1734 0c2e 2d6b 50e9 50e9 1734 0c2e 7fff 50e9 50e9 1734 0c2e 7fff 4000 c59d 0000 0000 8b3a 876c 876c 7fff 722e 722e 8a40 8a40 7fff 6c80 6c80 8316 8316 7fff 7ae3 7ae3 4000 c278 0000 0000 84ef 8329 8329 7fff 79e1 79e1 8479 8479 7fff 7740 7740 8136 8136 7fff 7dc7 7dc7 4000 c83f 0000 0000 907d 8b31 8b31 7fff 6bd9 6bd9 8f24 8f24 7fff 63de 63de 84f6 84f6 7fff 786c 786c
05-16 11:25:17.234 D/dsplib  (  197): libdsp_write: CMD=126, TASK=1, TYPE=2, LEN=200, FLAG=1
05-16 11:25:17.234 I/dsplib  (  197): libdsp_write: writing to byte control: 208 bytes
05-16 11:25:17.234 I/AUD     (  197): DSP_LOG_SB AUDIO_DSP_CMD_VB_SET_GAIN_HW ffff ffff 0021 0020 0003 0400 0067 0000 0000 0005 0500 0067 0000 0000 0005 8d00 0067 0000 0000 0005
05-16 11:25:17.234 D/dsplib  (  197): libdsp_write: CMD=33, TASK=1, TYPE=2, LEN=40, FLAG=1
05-16 11:25:17.234 I/dsplib  (  197): libdsp_write: writing to byte control: 48 bytes
05-16 11:25:17.234 I/AUD     (  197): DSP_LOG_MMX AUDIO_DSP_CMD_SET_SWM ffff ffff 0072 000c 12ff ffff 0003 0001 90ff ffff
05-16 11:25:17.234 D/dsplib  (  197): libdsp_write: CMD=114, TASK=3, TYPE=1, LEN=20, FLAG=1
05-16 11:25:17.234 I/dsplib  (  197): libdsp_write: writing to byte control: 28 bytes
05-16 11:25:17.234 D/dsplib  (  197): mixer_set_swm: outpath_id[18] -> ON
05-16 11:25:17.234 I/dsplib  (  197): dsp_get_mixers_xpath: mixers attribute path is: /dsplibconfig/commands[@task_id='3']/command[@num='114']/mixers[@id='18']
05-16 11:25:17.234 D/dsplib  (  197): mixer_set_swm: mixer control name: Mix Media0 Switch Switch
05-16 11:25:17.234 I/dsplib  (  197): mixer_set_swm: mixer control path is: /dsplibconfig/commands[@task_id='3']/command[@num='114']/mixers[@id='18']/mixer[@id='144']
05-16 11:25:17.234 D/dsplib  (  197): mixer_set_swm: Mixer control name: MIX Media0 Media1
05-16 11:25:17.234 I/AUD     (  197): DSP_LOG_SB AUDIO_DSP_CMD_SET_SWM ffff ffff 0072 000c 02ff ffff 0003 0001 84ff ffff
05-16 11:25:17.234 D/dsplib  (  197): libdsp_write: CMD=114, TASK=1, TYPE=1, LEN=20, FLAG=1
05-16 11:25:17.234 I/dsplib  (  197): libdsp_write: writing to byte control: 28 bytes
05-16 11:25:17.234 D/dsplib  (  197): mixer_set_swm: outpath_id[2] -> ON
05-16 11:25:17.234 I/dsplib  (  197): dsp_get_mixers_xpath: mixers attribute path is: /dsplibconfig/commands[@task_id='1']/command[@num='114']/mixers[@id='2']
05-16 11:25:17.234 D/dsplib  (  197): mixer_set_swm: mixer control name: Mix Codec0 Switch Switch
05-16 11:25:17.234 I/dsplib  (  197): mixer_set_swm: mixer control path is: /dsplibconfig/commands[@task_id='1']/command[@num='114']/mixers[@id='2']/mixer[@id='132']
05-16 11:25:17.234 D/dsplib  (  197): mixer_set_swm: Mixer control name: MIX Codec0 Sprot_L0
05-16 11:25:17.234 I/AUD     (  197): DSP_LOG_SB AUDIO_DSP_CMD_SET_SWM ffff ffff 0072 000c 04ff ffff 0003 0001 85ff ffff
05-16 11:25:17.234 D/dsplib  (  197): libdsp_write: CMD=114, TASK=1, TYPE=1, LEN=20, FLAG=1
05-16 11:25:17.234 I/dsplib  (  197): libdsp_write: writing to byte control: 28 bytes
05-16 11:25:17.244 D/dsplib  (  197): mixer_set_swm: outpath_id[4] -> ON
05-16 11:25:17.244 I/dsplib  (  197): dsp_get_mixers_xpath: mixers attribute path is: /dsplibconfig/commands[@task_id='1']/command[@num='114']/mixers[@id='4']
05-16 11:25:17.244 D/dsplib  (  197): mixer_set_swm: mixer control name: Mix Sprot L0 Switch Switch
05-16 11:25:17.244 I/dsplib  (  197): mixer_set_swm: mixer control path is: /dsplibconfig/commands[@task_id='1']/command[@num='114']/mixers[@id='4']/mixer[@id='133']
05-16 11:25:17.244 D/dsplib  (  197): mixer_set_swm: Mixer control name: MIX Sprot L0 Media_L1
05-16 11:25:17.244 I/AUD     (  197): DSP_LOG_SB AUDIO_DSP_CMD_SET_SWM ffff ffff 0072 000c 05ff ffff 0003 0001 8dff ffff
05-16 11:25:17.244 D/dsplib  (  197): libdsp_write: CMD=114, TASK=1, TYPE=1, LEN=20, FLAG=1
05-16 11:25:17.244 I/dsplib  (  197): libdsp_write: writing to byte control: 28 bytes
05-16 11:25:17.244 D/dsplib  (  197): mixer_set_swm: outpath_id[5] -> ON
05-16 11:25:17.244 I/dsplib  (  197): dsp_get_mixers_xpath: mixers attribute path is: /dsplibconfig/commands[@task_id='1']/command[@num='114']/mixers[@id='5']
05-16 11:25:17.244 D/dsplib  (  197): mixer_set_swm: mixer control name: Mix Media L1 Switch Switch
05-16 11:25:17.244 I/dsplib  (  197): mixer_set_swm: mixer control path is: /dsplibconfig/commands[@task_id='1']/command[@num='114']/mixers[@id='5']/mixer[@id='141']
05-16 11:25:17.244 D/dsplib  (  197): mixer_set_swm: Mixer control name: MIX Media L1 PCM0
05-16 11:25:17.244 I/AUD     (  197): DSP_LOG_SB AUDIO_DSP_CMD_VB_SET_GAIN_HW ffff ffff 0021 000c 0001 0200 0067 0000 0000 0005
05-16 11:25:17.244 D/dsplib  (  197): libdsp_write: CMD=33, TASK=1, TYPE=2, LEN=20, FLAG=1
05-16 11:25:17.244 I/dsplib  (  197): libdsp_write: writing to byte control: 28 bytes
05-16 11:25:17.244 I/AUD     (  197): UtaAudioSetMuteForSource(UTA_AUDIO_SOURCE_PCM_GENERAL_A,UTA_AUDIO_MUTE_STATE_OFF)
05-16 11:25:17.244 I/AUD     (  197): DSP_LOG_MMX AUDIO_DSP_CMD_VB_SET_GAIN_HW ffff ffff 0021 000c 0001 9000 0067 0000 0000 0005
05-16 11:25:17.244 D/dsplib  (  197): libdsp_write: CMD=33, TASK=3, TYPE=2, LEN=20, FLAG=1
05-16 11:25:17.244 I/dsplib  (  197): libdsp_write: writing to byte control: 28 bytes
05-16 11:25:17.244 D/RouteManager(  197): audio-parameter-manager:     } Applying configurations
05-16 11:25:17.244 D/RouteManager(  197): audio-parameter-manager: } Configuration application request
05-16 11:25:17.244 D/RouteManager(  197): doReconsiderRouting: DONE
05-16 11:25:17.244 D/EVENT_THREAD(  197): void CEventThread::run() Do poll with timeout: -1
05-16 11:25:17.244 D/AudioResamplerIA(  197): Create AudioResamplerIA Resampler: Input rate 44100, output rate 48000
05-16 11:25:17.254 D/Vibrator(  571): switchOn : Turn ON vibrator for 30 ms request
05-16 11:25:17.254 D/EVENT_THREAD(  571): void CEventThread::startAlarm(uint32_t) 30ms
05-16 11:25:17.254 D/EVENT_THREAD(  571): void CEventThread::run() Do poll with timeout: 30
05-16 11:25:17.254 I/AudioPolicyManagerBase(  197): APM: getOutput
05-16 11:25:17.254 I/AudioPolicyManagerBase(  197): APM: getOutput
05-16 11:25:17.254 I/AudioPolicyManagerBase(  197): APM: getOutput
05-16 11:25:17.254 W/AudioTrack(  571): AUDIO_OUTPUT_FLAG_FAST denied by client
05-16 11:25:17.254 D/AudioPolicyManagerALSA(  197): startOutput() output 2, stream type 1, session 261
05-16 11:25:17.264 D/AudioResamplerIA(  197): Create AudioResamplerIA Resampler: Input rate 44100, output rate 48000
05-16 11:25:17.284 D/EVENT_THREAD(  571): void CEventThread::cancelAlarm()
05-16 11:25:17.284 D/EVENT_THREAD(  571): void CEventThread::run() Do poll with timeout: -1
05-16 11:25:17.284 I/WAKELOCK_RELEASE(  571): TIMESTAMP=70812005392869, TAG=*vibrator*, TYPE=PARTIAL_WAKE_LOCK             , COUNT=0, PID=571, UID=1000, FLAGS=
05-16 11:25:17.394 D/Vibrator(  571): switchOff : Turn OFF vibrator request
05-16 11:25:17.394 D/EVENT_THREAD(  571): void CEventThread::cancelAlarm()
05-16 11:25:17.394 D/EVENT_THREAD(  571): void CEventThread::run() Do poll with timeout: -1
05-16 11:25:17.394 I/WAKELOCK_ACQUIRE(  571): TIMESTAMP=70812118305084, TAG=*vibrator*, TYPE=PARTIAL_WAKE_LOCK             , COUNT=0, PID=571, UID=1000, FLAGS=
05-16 11:25:17.404 D/Vibrator(  571): switchOn : Turn ON vibrator for 10 ms request
05-16 11:25:17.404 D/EVENT_THREAD(  571): void CEventThread::startAlarm(uint32_t) 10ms
05-16 11:25:17.404 D/EVENT_THREAD(  571): void CEventThread::run() Do poll with timeout: 10
05-16 11:25:17.404 I/AudioPolicyManagerBase(  197): APM: getOutput
05-16 11:25:17.404 I/AudioPolicyManagerBase(  197): APM: getOutput
05-16 11:25:17.404 I/AudioPolicyManagerBase(  197): APM: getOutput
05-16 11:25:17.404 W/AudioTrack(  571): AUDIO_OUTPUT_FLAG_FAST denied by client
05-16 11:25:17.404 D/AudioPolicyManagerALSA(  197): startOutput() output 2, stream type 1, session 262
05-16 11:25:17.414 D/EVENT_THREAD(  571): void CEventThread::cancelAlarm()
05-16 11:25:17.414 D/EVENT_THREAD(  571): void CEventThread::run() Do poll with timeout: -1
05-16 11:25:17.434 D/AudioResamplerIA(  197): Create AudioResamplerIA Resampler: Input rate 44100, output rate 48000
05-16 11:25:17.434 D/Vibrator(  571): switchOn : Turn ON vibrator for 30 ms request
05-16 11:25:17.434 D/EVENT_THREAD(  571): void CEventThread::startAlarm(uint32_t) 30ms
05-16 11:25:17.434 D/EVENT_THREAD(  571): void CEventThread::run() Do poll with timeout: 30
05-16 11:25:17.464 D/EVENT_THREAD(  571): void CEventThread::cancelAlarm()
05-16 11:25:17.464 D/EVENT_THREAD(  571): void CEventThread::run() Do poll with timeout: -1
05-16 11:25:17.464 I/WAKELOCK_RELEASE(  571): TIMESTAMP=70812189630686, TAG=*vibrator*, TYPE=PARTIAL_WAKE_LOCK             , COUNT=0, PID=571, UID=1000, FLAGS=
05-16 11:25:17.544 D/Gallery (16024): [Gallery::onDestroy] called.
05-16 11:25:17.544 V/StateManager(16024): [StateManager :: destroy] destroy
05-16 11:25:17.544 E/AccountManager(16024): Listener was not previously added
05-16 11:25:17.544 I/Gallery (16024): [Gallery :: printfInfo] Gallery Ver. : 2.0.1344402
05-16 11:25:17.544 I/Gallery (16024): [Gallery :: printfInfo] totalMemory() : 24.85MB
05-16 11:25:17.544 I/Gallery (16024): [Gallery :: printfInfo] freeMemory() : 5.83MB
05-16 11:25:17.544 D/GalleryUtils(16024): [GalleryUtils :: hasSpaceForSize] available size : 23317MB, input size : 128MB.
05-16 11:25:17.544 D/KeyHash:(16024): [GalleryUtils :: getSSHKeybuild] DBcJ9reyhHKE3MrxUNViPKYzNr4=
05-16 11:25:17.604 D/dalvikvm(16024): GC_EXPLICIT freed 3534K, 38% free 15982K/25448K, paused 8ms+5ms, total 58ms
05-16 11:25:18.064 I/WifiHW  (  571): CMD: IFNAME=wlan0 SIGNAL_POLL
05-16 11:25:18.074 D/wpa_supplicant(  649): nl80211: survey data missing!
05-16 11:25:18.074 I/wpa_supplicant(  649): nl80211: send_and_recv->nl_recvmsgs failed: 20
05-16 11:25:18.074 I/WifiHW  (  571): REPLY: RSSI=-64
05-16 11:25:18.074 I/WifiHW  (  571): REPLY: LINKSPEED=24
05-16 11:25:18.074 I/WifiHW  (  571): REPLY: NOISE=9999
05-16 11:25:18.074 I/WifiHW  (  571): REPLY: FREQUENCY=2472
05-16 11:25:21.074 I/WifiHW  (  571): CMD: IFNAME=wlan0 SIGNAL_POLL
05-16 11:25:21.094 D/wpa_supplicant(  649): nl80211: survey data missing!
05-16 11:25:21.094 I/wpa_supplicant(  649): nl80211: send_and_recv->nl_recvmsgs failed: 20
05-16 11:25:21.094 I/WifiHW  (  571): REPLY: RSSI=-64
05-16 11:25:21.094 I/WifiHW  (  571): REPLY: LINKSPEED=24
05-16 11:25:21.094 I/WifiHW  (  571): REPLY: NOISE=9999
05-16 11:25:21.094 I/WifiHW  (  571): REPLY: FREQUENCY=2472
05-16 11:25:21.424 D/AudioIntelHAL(  197): stopStream: output stream
05-16 11:25:21.424 D/AudioIntelHAL/AudioPlatformState(  197): route-parameter-manager: Selection criterion changed event: Criterion name: OutputFlags, current state: <none>
05-16 11:25:21.424 D/AudioIntelHAL/AudioPlatformState(  197): route-parameter-manager: Configuration application request {
05-16 11:25:21.424 D/AudioIntelHAL/AudioPlatformState(  197): route-parameter-manager:     Applying configurations {
05-16 11:25:21.424 D/AudioIntelHAL/AudioPlatformState(  197): route-parameter-manager:         Applying configuration "NotApplicable" from domain "StreamRoute.Media.Playback"
05-16 11:25:21.424 D/AudioIntelHAL/AudioPlatformState(  197): route-parameter-manager:         Applying configuration "NotApplicable" from domain "Route.HwCodec0IA.Playback"
05-16 11:25:21.424 D/AudioIntelHAL/AudioPlatformState(  197): route-parameter-manager:         Applying configuration "NotSelected" from domain "Parameter.Outputflags.Primary"
05-16 11:25:21.424 D/AudioIntelHAL/AudioPlatformState(  197): route-parameter-manager:     } Applying configurations
05-16 11:25:21.424 D/AudioIntelHAL/AudioPlatformState(  197): route-parameter-manager: } Configuration application request
05-16 11:25:21.424 D/EVENT_THREAD(  197): void CEventThread::trig(uint16_t): in
05-16 11:25:21.424 D/EVENT_THREAD(  197): void CEventThread::trig(uint16_t): out
05-16 11:25:21.424 D/RouteManager(  197): doReconsiderRouting: Route state:
05-16 11:25:21.424 D/RouteManager(  197): 	-Previously Enabled Route in Input = <none>
05-16 11:25:21.424 D/RouteManager(  197): 	-Previously Enabled Route in Output = Media|HwCodec0IA
05-16 11:25:21.424 D/RouteManager(  197): 	-Selected Route in Input = <none>
05-16 11:25:21.424 D/RouteManager(  197): 	-Selected Route in Output = <none>
05-16 11:25:21.424 D/RouteManager(  197): 		-executeMuteRoutingStage-
05-16 11:25:21.424 D/RouteManager(  197): audio-parameter-manager: Selection criterion changed event: Criterion name: RoutageState, current state: Flow
05-16 11:25:21.424 D/RouteManager(  197): audio-parameter-manager: Selection criterion changed event: Criterion name: ClosingPlaybackRoutes, current state: Media|HwCodec0IA
05-16 11:25:21.424 D/RouteManager(  197): audio-parameter-manager: Selection criterion changed event: Criterion name: OpenedPlaybackRoutes, current state: <none>
05-16 11:25:21.424 D/RouteManager(  197): audio-parameter-manager: Configuration application request {
05-16 11:25:21.424 D/RouteManager(  197): audio-parameter-manager:     Applying configurations {
05-16 11:25:21.424 D/RouteManager(  197): audio-parameter-manager:         Applying configuration "Mute" from domain "Routing.Mute.PCM.Playback"
05-16 11:25:21.424 D/RouteManager(  197): audio-parameter-manager:         Applying configuration "Mute" from domain "Routing.Mute.HwCodec.Playback.Internal"
05-16 11:25:21.424 D/RouteManager(  197): audio-parameter-manager:         Applying configuration "Mute" from domain "Routing.Mute.CodecWM8958.Playback.Internal.IHF"
05-16 11:25:21.424 I/AUD     (  197): UtaAudioSetMuteForDestination(UTA_AUDIO_DESTINATION_SSP_D,UTA_AUDIO_MUTE_STATE_ON)
05-16 11:25:21.424 I/AUD     (  197): DSP_LOG_SB AUDIO_DSP_CMD_VB_SET_GAIN_HW ffff ffff 0021 000c 0001 0200 0067 fa60 fa60 0005
05-16 11:25:21.424 D/dsplib  (  197): libdsp_write: CMD=33, TASK=1, TYPE=2, LEN=20, FLAG=1
05-16 11:25:21.424 I/dsplib  (  197): libdsp_write: writing to byte control: 28 bytes
05-16 11:25:21.424 I/AUD     (  197): UtaAudioSetMuteForSource(UTA_AUDIO_SOURCE_PCM_GENERAL_A,UTA_AUDIO_MUTE_STATE_ON)
05-16 11:25:21.424 I/AUD     (  197): DSP_LOG_MMX AUDIO_DSP_CMD_VB_SET_GAIN_HW ffff ffff 0021 000c 0001 9000 0067 fa60 fa60 0005
05-16 11:25:21.424 D/dsplib  (  197): libdsp_write: CMD=33, TASK=3, TYPE=2, LEN=20, FLAG=1
05-16 11:25:21.424 I/dsplib  (  197): libdsp_write: writing to byte control: 28 bytes
05-16 11:25:21.434 D/RouteManager(  197): audio-parameter-manager:     } Applying configurations
05-16 11:25:21.434 D/RouteManager(  197): audio-parameter-manager: } Configuration application request
05-16 11:25:21.434 D/RouteManager(  197): 		-executeDisableRoutingStage-
05-16 11:25:21.434 D/RouteManager(  197): audio-parameter-manager: Selection criterion changed event: Criterion name: RoutageState, current state: Path
05-16 11:25:21.434 D/RouteManager(  197): audio-parameter-manager: Configuration application request {
05-16 11:25:21.434 D/RouteManager(  197): audio-parameter-manager:     Applying configurations {
05-16 11:25:21.434 D/RouteManager(  197): audio-parameter-manager:         Applying configuration "Disable" from domain "Routing.Enable.PCM.General.Input"
05-16 11:25:21.434 D/RouteManager(  197): audio-parameter-manager:         Applying configuration "Unbind" from domain "Routing.Enable.HwCodecIA.Playback.Internal.Mix"
05-16 11:25:21.434 D/RouteManager(  197): audio-parameter-manager:         Applying configuration "Disable" from domain "Routing.Enable.CodecWM8958.Playback.Internal.Speaker"
05-16 11:25:21.434 I/AUD     (  197): UtaAudioDisableSource(UTA_AUDIO_SOURCE_PCM_GENERAL_A)
05-16 11:25:21.434 I/AUD     (  197): DSP_LOG_SB AUDIO_DSP_CMD_SET_MDRP 0500 0079 0074 004c 0000 5a5a 5a5a 5a5a 5a5a 5a5a 5a5a 5a5a 5a5a 5a5a 5a5a 5a5a 5a5a 5a5a 5a5a 5a5a 5a5a 5a5a 5a5a 5a5a 5a5a 5a5a 5a5a 5a5a 5a5a 5a5a 5a5a 5a5a 5a5a 5a5a 5a5a 5a5a 5a5a 5a5a 5a5a 5a5a 5a5a 5a5a
05-16 11:25:21.434 D/dsplib  (  197): libdsp_write: CMD=116, TASK=1, TYPE=2, LEN=84, FLAG=1
05-16 11:25:21.434 I/dsplib  (  197): libdsp_write: writing to byte control: 92 bytes
05-16 11:25:21.434 I/AUD     (  197): DSP_LOG_SB AUDIO_DSP_CMD_SBA_VB_SET_FIR 0500 0081 0080 008a 0000 0001 5a5a 5a5a 5a5a 5a5a 5a5a 5a5a 5a5a 5a5a 5a5a 5a5a 5a5a 5a5a 5a5a 5a5a 5a5a 5a5a 5a5a 5a5a 5a5a 5a5a 5a5a 5a5a 5a5a 5a5a 5a5a 5a5a 5a5a 5a5a 5a5a 5a5a 5a5a 5a5a 5a5a 5a5a 5a5a 5a5a 5a5a 5a5a 5a5a 5a5a 5a5a 5a5a 5a5a 5a5a 5a5a 5a5a 5a5a 5a5a 5a5a 5a5a 5a5a 5a5a 5a5a 5a5a 5a5a 5a5a 5a5a 5a5a 5a5a 5a5a 5a5a 5a5a 5a5a 5a5a 5a5a 5a5a 5a5a
05-16 11:25:21.434 D/dsplib  (  197): libdsp_write: CMD=128, TASK=1, TYPE=2, LEN=146, FLAG=1
05-16 11:25:21.434 I/dsplib  (  197): libdsp_write: writing to byte control: 154 bytes
05-16 11:25:21.434 I/AUD     (  197): DSP_LOG_SB AUDIO_DSP_CMD_SBA_VB_LPRO 0400 006d 007e 00c0 0000 0000 5a5a 5a5a 5a5a 5a5a 5a5a 5a5a 5a5a 5a5a 5a5a 5a5a 5a5a 5a5a 5a5a 5a5a 5a5a 5a5a 5a5a 5a5a 5a5a 5a5a 5a5a 5a5a 5a5a 5a5a 5a5a 5a5a 5a5a 5a5a 5a5a 5a5a 5a5a 5a5a 5a5a 5a5a 5a5a 5a5a 5a5a 5a5a 5a5a 5a5a 5a5a 5a5a 5a5a 5a5a 5a5a 5a5a 5a5a 5a5a 5a5a 5a5a 5a5a 5a5a 5a5a 5a5a 5a5a 5a5a 5a5a 5a5a 5a5a 5a5a 5a5a 5a5a 5a5a 5a5a 5a5a 5a5a 5a5a 5a5a 5a5a 5a5a 5a5a 5a5a 5a5a 5a5a 5a5a 5a5a 5a5a 5a5a 5a5a 5a5a 5a5a 5a5a 5a5a 5a5a 5a5a 5a5a 5a5a 5a5a 5a5a 5a5a 5a5a 5a5a 5a5a 5a5a
05-16 11:25:21.434 D/dsplib  (  197): libdsp_write: CMD=126, TASK=1, TYPE=2, LEN=200, FLAG=1
05-16 11:25:21.434 I/dsplib  (  197): libdsp_write: writing to byte control: 208 bytes
05-16 11:25:21.434 I/AUD     (  197): DSP_LOG_MMX AUDIO_DSP_CMD_SET_SWM ffff ffff 0072 0008 12ff ffff 0000 0000
05-16 11:25:21.434 D/dsplib  (  197): libdsp_write: CMD=114, TASK=3, TYPE=1, LEN=16, FLAG=1
05-16 11:25:21.434 I/dsplib  (  197): libdsp_write: writing to byte control: 24 bytes
05-16 11:25:21.434 D/dsplib  (  197): mixer_set_swm: outpath_id[18] -> OFF
05-16 11:25:21.434 I/dsplib  (  197): dsp_get_mixers_xpath: mixers attribute path is: /dsplibconfig/commands[@task_id='3']/command[@num='114']/mixers[@id='18']
05-16 11:25:21.434 D/dsplib  (  197): mixer_set_swm: mixer control name: Mix Media0 Switch Switch
05-16 11:25:21.444 I/AUD     (  197): DSP_LOG_SB AUDIO_DSP_CMD_SET_SWM ffff ffff 0072 0008 02ff ffff 0000 0000
05-16 11:25:21.444 D/dsplib  (  197): libdsp_write: CMD=114, TASK=1, TYPE=1, LEN=16, FLAG=1
05-16 11:25:21.444 I/dsplib  (  197): libdsp_write: writing to byte control: 24 bytes
05-16 11:25:21.444 D/dsplib  (  197): mixer_set_swm: outpath_id[2] -> OFF
05-16 11:25:21.444 I/dsplib  (  197): dsp_get_mixers_xpath: mixers attribute path is: /dsplibconfig/commands[@task_id='1']/command[@num='114']/mixers[@id='2']
05-16 11:25:21.444 D/dsplib  (  197): mixer_set_swm: mixer control name: Mix Codec0 Switch Switch
05-16 11:25:21.444 I/AUD     (  197): DSP_LOG_SB AUDIO_DSP_CMD_SET_SWM ffff ffff 0072 0008 04ff ffff 0000 0000
05-16 11:25:21.444 D/dsplib  (  197): libdsp_write: CMD=114, TASK=1, TYPE=1, LEN=16, FLAG=1
05-16 11:25:21.444 I/dsplib  (  197): libdsp_write: writing to byte control: 24 bytes
05-16 11:25:21.444 D/dsplib  (  197): mixer_set_swm: outpath_id[4] -> OFF
05-16 11:25:21.444 I/dsplib  (  197): dsp_get_mixers_xpath: mixers attribute path is: /dsplibconfig/commands[@task_id='1']/command[@num='114']/mixers[@id='4']
05-16 11:25:21.444 D/dsplib  (  197): mixer_set_swm: mixer control name: Mix Sprot L0 Switch Switch
05-16 11:25:21.444 I/AUD     (  197): DSP_LOG_SB AUDIO_DSP_CMD_SET_SWM ffff ffff 0072 0008 05ff ffff 0000 0000
05-16 11:25:21.444 D/dsplib  (  197): libdsp_write: CMD=114, TASK=1, TYPE=1, LEN=16, FLAG=1
05-16 11:25:21.444 I/dsplib  (  197): libdsp_write: writing to byte control: 24 bytes
05-16 11:25:21.444 D/dsplib  (  197): mixer_set_swm: outpath_id[5] -> OFF
05-16 11:25:21.444 I/dsplib  (  197): dsp_get_mixers_xpath: mixers attribute path is: /dsplibconfig/commands[@task_id='1']/command[@num='114']/mixers[@id='5']
05-16 11:25:21.444 D/dsplib  (  197): mixer_set_swm: mixer control name: Mix Media L1 Switch Switch
05-16 11:25:21.444 I/AUD     (  197): DSP_LOG_SB AUDIO_DSP_CMD_VB_HW_SET_SSP ffff ffff 0075 0012 0003 0000 0918 ff0f ff0f 0003 0101 0001 0000
05-16 11:25:21.444 D/dsplib  (  197): libdsp_write: CMD=117, TASK=1, TYPE=1, LEN=26, FLAG=1
05-16 11:25:21.444 I/dsplib  (  197): libdsp_write: writing to byte control: 34 bytes
05-16 11:25:21.444 D/dsplib  (  197): mixer_hw_set_ssp: SSP[3] -> OFF
05-16 11:25:21.444 I/dsplib  (  197): dsp_get_mixers_xpath: mixers attribute path is: /dsplibconfig/commands[@task_id='1']/command[@num='117']/mixers[@id='3']
05-16 11:25:21.444 I/dsplib  (  197): set_ssp_mixer: mixer control path is: /dsplibconfig/commands[@task_id='1']/command[@num='117']/mixers[@id='3']/mixer[@id='259']
05-16 11:25:21.444 D/dsplib  (  197): set_ssp_mixer: mixer control name: Out Codec0 Switch Switch
05-16 11:25:21.444 I/dsplib  (  197): set_ssp_mixer: mixer control path is: /dsplibconfig/commands[@task_id='1']/command[@num='117']/mixers[@id='3']/mixer[@id='3']
05-16 11:25:21.444 D/dsplib  (  197): set_ssp_mixer: mixer control name: In Codec0 Switch Switch
05-16 11:25:21.444 I/dsplib  (  197): set_ssp_mixer: mixer control path is: /dsplibconfig/commands[@task_id='1']/command[@num='117']/mixers[@id='3']/mixer[@id='275']
05-16 11:25:21.444 D/dsplib  (  197): set_ssp_mixer: mixer control name: Out Codec1 Switch Switch
05-16 11:25:21.444 I/dsplib  (  197): set_ssp_mixer: mixer control path is: /dsplibconfig/commands[@task_id='1']/command[@num='117']/mixers[@id='3']/mixer[@id='19']
05-16 11:25:21.444 D/dsplib  (  197): set_ssp_mixer: mixer control name: In Codec1 Switch Switch
05-16 11:25:21.444 I/AUD     (  197): DSP_LOG_SB AUDIO_DSP_CMD_VB_SET_MEDIA_LOOP_MAP 0500 ffff 0076 0006 0000 5a5a 5a5a
05-16 11:25:21.444 D/dsplib  (  197): libdsp_write: CMD=118, TASK=1, TYPE=1, LEN=14, FLAG=1
05-16 11:25:21.444 I/dsplib  (  197): libdsp_write: writing to byte control: 22 bytes
05-16 11:25:21.444 I/AUD     (  197): DSP_LOG_SB AUDIO_DSP_CMD_VB_SET_MEDIA_LOOP_MAP 0400 ffff 0076 0006 0000 5a5a 5a5a
05-16 11:25:21.444 D/dsplib  (  197): libdsp_write: CMD=118, TASK=1, TYPE=1, LEN=14, FLAG=1
05-16 11:25:21.444 I/dsplib  (  197): libdsp_write: writing to byte control: 22 bytes
05-16 11:25:21.454 I/AUD     (  197): DSP_LOG_MMX AUDIO_DSP_CMD_SET_MEDIA_PATH 12ff ffff 0077 0002 0000
05-16 11:25:21.454 D/dsplib  (  197): libdsp_write: CMD=119, TASK=3, TYPE=1, LEN=10, FLAG=1
05-16 11:25:21.454 I/dsplib  (  197): libdsp_write: writing to byte control: 18 bytes
05-16 11:25:21.454 I/dsplib  (  197): dsp_get_mixers_xpath: mixers attribute path is: /dsplibconfig/commands[@task_id='3']/command[@num='119']/mixers[@id='18']
05-16 11:25:21.454 D/dsplib  (  197): mixer_set_path: mixer control name: Out Media0 Switch Switch
05-16 11:25:21.454 I/AUD     (  197): DSP_LOG_SB AUDIO_DSP_CMD_SET_MEDIA_PATH 8dff ffff 0077 0002 0000
05-16 11:25:21.454 D/dsplib  (  197): libdsp_write: CMD=119, TASK=1, TYPE=1, LEN=10, FLAG=1
05-16 11:25:21.454 I/dsplib  (  197): libdsp_write: writing to byte control: 18 bytes
05-16 11:25:21.454 I/dsplib  (  197): dsp_get_mixers_xpath: mixers attribute path is: /dsplibconfig/commands[@task_id='1']/command[@num='119']/mixers[@id='141']
05-16 11:25:21.454 D/dsplib  (  197): mixer_set_path: mixer control name: In PCM0 Switch Switch
05-16 11:25:21.454 I/AUD     (  197): DSP_LOG_SB AUDIO_DSP_CMD_IDLE ffff ffff 000e 0000
05-16 11:25:21.454 D/dsplib  (  197): libdsp_write: CMD=14, TASK=1, TYPE=1, LEN=8, FLAG=1
05-16 11:25:21.454 I/dsplib  (  197): libdsp_write: writing to byte control: 16 bytes
05-16 11:25:21.454 I/AUD     (  197): Idle cmd sent --> powering OFF LPE
05-16 11:25:21.454 D/dsplib  (  197): libdsp_power_control: Powering OFF the LPE
05-16 11:25:21.454 I/AUD     (  197): lpe_power_control() executed - bool pwr_on = 0
05-16 11:25:21.454 I/AUD     (  197): UtaAudioSetDestinationsForSource(UTA_AUDIO_SOURCE_PCM_GENERAL_A)
05-16 11:25:21.464 D/RouteManager(  197): audio-parameter-manager:     } Applying configurations
05-16 11:25:21.464 D/RouteManager(  197): audio-parameter-manager: } Configuration application request
05-16 11:25:21.464 D/TinyAlsaAudioDevice(  197): close
05-16 11:25:21.464 D/RouteManager(  197): 		-executeConfigureRoutingStage-
05-16 11:25:21.464 D/RouteManager(  197): audio-parameter-manager: Selection criterion changed event: Criterion name: RoutageState, current state: Configure
05-16 11:25:21.464 D/RouteManager(  197): audio-parameter-manager: Selection criterion changed event: Criterion name: ClosingPlaybackRoutes, current state: <none>
05-16 11:25:21.464 D/RouteManager(  197): audio-parameter-manager: Selection criterion changed event: Criterion name: OutputFlags, current state: <none>
05-16 11:25:21.464 D/RouteManager(  197): audio-parameter-manager: Configuration application request {
05-16 11:25:21.464 D/RouteManager(  197): audio-parameter-manager:     Applying configurations {
05-16 11:25:21.464 D/RouteManager(  197): audio-parameter-manager:         Applying configuration "Disable" from domain "Routing.Configure.CodecWM8958.Playback"
05-16 11:25:21.464 D/RouteManager(  197): audio-parameter-manager:         Applying configuration "Unbind" from domain "Routing.Configure.CodecWM8958.AIF.Playback.Internal"
05-16 11:25:21.494 D/RouteManager(  197): audio-parameter-manager:     } Applying configurations
05-16 11:25:21.494 D/RouteManager(  197): audio-parameter-manager: } Configuration application request
05-16 11:25:21.494 D/RouteManager(  197): 		-executeEnableRoutingStage-
05-16 11:25:21.494 D/RouteManager(  197): audio-parameter-manager: Selection criterion changed event: Criterion name: RoutageState, current state: Path|Configure
05-16 11:25:21.494 D/RouteManager(  197): audio-parameter-manager: Configuration application request {
05-16 11:25:21.494 D/RouteManager(  197): audio-parameter-manager:     Applying configurations {
05-16 11:25:21.494 D/RouteManager(  197): audio-parameter-manager:     } Applying configurations
05-16 11:25:21.494 D/RouteManager(  197): audio-parameter-manager: } Configuration application request
05-16 11:25:21.494 D/RouteManager(  197): 		-executeUnmuteRoutingStage
05-16 11:25:21.494 D/RouteManager(  197): audio-parameter-manager: Selection criterion changed event: Criterion name: RoutageState, current state: Flow|Path|Configure
05-16 11:25:21.494 D/RouteManager(  197): audio-parameter-manager: Configuration application request {
05-16 11:25:21.494 D/RouteManager(  197): audio-parameter-manager:     Applying configurations {
05-16 11:25:21.494 D/RouteManager(  197): audio-parameter-manager:     } Applying configurations
05-16 11:25:21.494 D/RouteManager(  197): audio-parameter-manager: } Configuration application request
05-16 11:25:21.494 D/RouteManager(  197): doReconsiderRouting: DONE
05-16 11:25:21.494 D/EVENT_THREAD(  197): void CEventThread::run() Do poll with timeout: -1
05-16 11:25:21.504 I/WAKELOCK_RELEASE(  571): TIMESTAMP=70816224360736, TAG=AudioMix, TYPE=PARTIAL_WAKE_LOCK             , COUNT=0, PID=197, UID=1013, FLAGS=
05-16 11:25:22.634 D/CRASHLOG(  224): receive_inotify_events: Can't handle the event "drop658.tmp", no valid entry found, drop it...
05-16 11:25:22.634 D/CRASHLOG(  224): receive_inotify_events: Can't handle the event "drop658.tmp", no valid entry found, drop it...
05-16 11:25:22.634 D/CRASHLOG(  224): receive_inotify_events: Can't handle the event "system_app_strictmode@1400210722639.txt", no valid entry found, drop it...
05-16 11:25:22.634 I/SecurityManagerService(  704): SMS received security event: com.intel.asf.InterprocessSecurityEvent@2ea5ba00
05-16 11:25:22.634 D/AsfAosp (  571): No ASF clients are connected
05-16 11:25:22.674 I/dalvikvm(18170): Total arena pages for JIT: 201
05-16 11:25:22.674 I/dalvikvm(18170): Total arena pages for JIT: 202
05-16 11:25:24.094 I/WifiHW  (  571): CMD: IFNAME=wlan0 SIGNAL_POLL
05-16 11:25:24.114 D/wpa_supplicant(  649): nl80211: survey data missing!
05-16 11:25:24.114 I/wpa_supplicant(  649): nl80211: send_and_recv->nl_recvmsgs failed: 20
05-16 11:25:24.114 I/WifiHW  (  571): REPLY: RSSI=-64
05-16 11:25:24.114 I/WifiHW  (  571): REPLY: LINKSPEED=24
05-16 11:25:24.114 I/WifiHW  (  571): REPLY: NOISE=9999
05-16 11:25:24.114 I/WifiHW  (  571): REPLY: FREQUENCY=2472
05-16 11:25:27.114 I/WifiHW  (  571): CMD: IFNAME=wlan0 SIGNAL_POLL
05-16 11:25:27.124 D/wpa_supplicant(  649): nl80211: survey data missing!
05-16 11:25:27.124 I/wpa_supplicant(  649): nl80211: send_and_recv->nl_recvmsgs failed: 20
05-16 11:25:27.124 I/WifiHW  (  571): REPLY: RSSI=-64
05-16 11:25:27.124 I/WifiHW  (  571): REPLY: LINKSPEED=24
05-16 11:25:27.124 I/WifiHW  (  571): REPLY: NOISE=9999
05-16 11:25:27.124 I/WifiHW  (  571): REPLY: FREQUENCY=2472
05-16 11:25:30.134 I/WifiHW  (  571): CMD: IFNAME=wlan0 SIGNAL_POLL
05-16 11:25:30.144 D/wpa_supplicant(  649): nl80211: survey data missing!
05-16 11:25:30.144 I/wpa_supplicant(  649): nl80211: send_and_recv->nl_recvmsgs failed: 20
05-16 11:25:30.144 I/WifiHW  (  571): REPLY: RSSI=-64
05-16 11:25:30.144 I/WifiHW  (  571): REPLY: LINKSPEED=24
05-16 11:25:30.144 I/WifiHW  (  571): REPLY: NOISE=9999
05-16 11:25:30.144 I/WifiHW  (  571): REPLY: FREQUENCY=2472
05-16 11:25:33.154 I/WifiHW  (  571): CMD: IFNAME=wlan0 SIGNAL_POLL
05-16 11:25:33.164 D/wpa_supplicant(  649): nl80211: survey data missing!
05-16 11:25:33.164 I/wpa_supplicant(  649): nl80211: send_and_recv->nl_recvmsgs failed: 20
05-16 11:25:33.164 I/WifiHW  (  571): REPLY: RSSI=-63
05-16 11:25:33.164 I/WifiHW  (  571): REPLY: LINKSPEED=24
05-16 11:25:33.164 I/WifiHW  (  571): REPLY: NOISE=9999
05-16 11:25:33.164 I/WifiHW  (  571): REPLY: FREQUENCY=2472
05-16 11:25:36.164 I/WifiHW  (  571): CMD: IFNAME=wlan0 SIGNAL_POLL
05-16 11:25:36.184 D/wpa_supplicant(  649): nl80211: survey data missing!
05-16 11:25:36.184 I/wpa_supplicant(  649): nl80211: send_and_recv->nl_recvmsgs failed: 20
05-16 11:25:36.184 I/WifiHW  (  571): REPLY: RSSI=-63
05-16 11:25:36.184 I/WifiHW  (  571): REPLY: LINKSPEED=24
05-16 11:25:36.184 I/WifiHW  (  571): REPLY: NOISE=9999
05-16 11:25:36.184 I/WifiHW  (  571): REPLY: FREQUENCY=2472
05-16 11:25:39.184 I/WifiHW  (  571): CMD: IFNAME=wlan0 SIGNAL_POLL
05-16 11:25:39.204 D/wpa_supplicant(  649): nl80211: survey data missing!
05-16 11:25:39.204 I/wpa_supplicant(  649): nl80211: send_and_recv->nl_recvmsgs failed: 20
05-16 11:25:39.204 I/WifiHW  (  571): REPLY: RSSI=-64
05-16 11:25:39.204 I/WifiHW  (  571): REPLY: LINKSPEED=24
05-16 11:25:39.204 I/WifiHW  (  571): REPLY: NOISE=9999
05-16 11:25:39.204 I/WifiHW  (  571): REPLY: FREQUENCY=2472
05-16 11:25:42.034 I/SecurityManagerService(  704): SMS received security event: com.intel.asf.InterprocessSecurityEvent@2ea313c0
05-16 11:25:42.034 D/AsfAosp (  571): No ASF clients are connected
05-16 11:25:42.034 I/WAKELOCK_ACQUIRE(  571): TIMESTAMP=70836754787844, TAG=AlarmManager, TYPE=PARTIAL_WAKE_LOCK             , COUNT=0, PID=571, UID=1000, FLAGS=
05-16 11:25:42.034 I/WAKELOCK_ACQUIRE(  571): TIMESTAMP=70836760228004, TAG=SyncManagerHandleSyncAlarm, TYPE=PARTIAL_WAKE_LOCK             , COUNT=0, PID=571, UID=1000, FLAGS=
05-16 11:25:42.034 I/WAKELOCK_RELEASE(  571): TIMESTAMP=70836763301817, TAG=AlarmManager, TYPE=PARTIAL_WAKE_LOCK             , COUNT=0, PID=571, UID=1000, FLAGS=
05-16 11:25:42.044 V/AlarmManager(  571): triggered: act=android.content.syncmanager.SYNC_ALARM flg=0x14
05-16 11:25:42.044 V/AlarmManager(  571): Pkg: android
05-16 11:25:42.204 I/WifiHW  (  571): CMD: IFNAME=wlan0 SIGNAL_POLL
05-16 11:25:42.204 I/WAKELOCK_ACQUIRE(  571): TIMESTAMP=70836930873851, TAG=SyncLoopWakeLock, TYPE=PARTIAL_WAKE_LOCK             , COUNT=0, PID=571, UID=1000, FLAGS=
05-16 11:25:42.204 I/WAKELOCK_ACQUIRE(  571): TIMESTAMP=70836932435359, TAG=*sync*/com.google.android.apps.docs/com.google/xiaobowen1002@gmail.com, TYPE=PARTIAL_WAKE_LOCK             , COUNT=0, PID=571, UID=1000, FLAGS=
05-16 11:25:42.214 D/wpa_supplicant(  649): nl80211: survey data missing!
05-16 11:25:42.214 I/wpa_supplicant(  649): nl80211: send_and_recv->nl_recvmsgs failed: 20
05-16 11:25:42.214 I/WifiHW  (  571): REPLY: RSSI=-64
05-16 11:25:42.214 I/WifiHW  (  571): REPLY: LINKSPEED=24
05-16 11:25:42.214 I/WifiHW  (  571): REPLY: NOISE=9999
05-16 11:25:42.214 I/WifiHW  (  571): REPLY: FREQUENCY=2472
05-16 11:25:42.214 I/WAKELOCK_RELEASE(  571): TIMESTAMP=70836934838379, TAG=SyncManagerHandleSyncAlarm, TYPE=PARTIAL_WAKE_LOCK             , COUNT=0, PID=571, UID=1000, FLAGS=
05-16 11:25:42.214 I/WAKELOCK_RELEASE(  571): TIMESTAMP=70836935288018, TAG=SyncLoopWakeLock, TYPE=PARTIAL_WAKE_LOCK             , COUNT=0, PID=571, UID=1000, FLAGS=
05-16 11:25:42.224 I/WAKELOCK_ACQUIRE(  571): TIMESTAMP=70836947622318, TAG=SyncLoopWakeLock, TYPE=PARTIAL_WAKE_LOCK             , COUNT=0, PID=571, UID=1000, FLAGS=
05-16 11:25:42.224 I/WAKELOCK_RELEASE(  571): TIMESTAMP=70836950978095, TAG=SyncLoopWakeLock, TYPE=PARTIAL_WAKE_LOCK             , COUNT=0, PID=571, UID=1000, FLAGS=
05-16 11:25:42.224 I/WAKELOCK_ACQUIRE(  571): TIMESTAMP=70836952125143, TAG=SyncLoopWakeLock, TYPE=PARTIAL_WAKE_LOCK             , COUNT=0, PID=571, UID=1000, FLAGS=
05-16 11:25:42.234 I/WAKELOCK_RELEASE(  571): TIMESTAMP=70836953549895, TAG=*sync*/com.google.android.apps.docs/com.google/xiaobowen1002@gmail.com, TYPE=PARTIAL_WAKE_LOCK             , COUNT=0, PID=571, UID=1000, FLAGS=
05-16 11:25:42.234 I/WAKELOCK_ACQUIRE(  571): TIMESTAMP=70836960809661, TAG=*sync*/com.google.android.apps.docs/com.google/xiaobowen1002@gmail.com, TYPE=PARTIAL_WAKE_LOCK             , COUNT=0, PID=571, UID=1000, FLAGS=
05-16 11:25:42.244 I/WAKELOCK_RELEASE(  571): TIMESTAMP=70836964591324, TAG=SyncLoopWakeLock, TYPE=PARTIAL_WAKE_LOCK             , COUNT=0, PID=571, UID=1000, FLAGS=
05-16 11:25:42.244 I/WAKELOCK_ACQUIRE(  571): TIMESTAMP=70836964950060, TAG=SyncLoopWakeLock, TYPE=PARTIAL_WAKE_LOCK             , COUNT=0, PID=571, UID=1000, FLAGS=
05-16 11:25:42.244 I/WAKELOCK_RELEASE(  571): TIMESTAMP=70836966278899, TAG=SyncLoopWakeLock, TYPE=PARTIAL_WAKE_LOCK             , COUNT=0, PID=571, UID=1000, FLAGS=
05-16 11:25:42.244 I/WAKELOCK_ACQUIRE(  571): TIMESTAMP=70836966566339, TAG=SyncLoopWakeLock, TYPE=PARTIAL_WAKE_LOCK             , COUNT=0, PID=571, UID=1000, FLAGS=
05-16 11:25:42.244 I/WAKELOCK_RELEASE(  571): TIMESTAMP=70836970038822, TAG=SyncLoopWakeLock, TYPE=PARTIAL_WAKE_LOCK             , COUNT=0, PID=571, UID=1000, FLAGS=
05-16 11:25:42.254 I/WAKELOCK_ACQUIRE(  571): TIMESTAMP=70836975746965, TAG=DocsSyncAdapter, TYPE=PARTIAL_WAKE_LOCK             , COUNT=0, PID=15104, UID=10047, FLAGS=
05-16 11:25:42.274 I/WAKELOCK_ACQUIRE(  571): TIMESTAMP=70836994529590, TAG=SyncLoopWakeLock, TYPE=PARTIAL_WAKE_LOCK             , COUNT=0, PID=571, UID=1000, FLAGS=
05-16 11:25:42.274 I/WAKELOCK_RELEASE(  571): TIMESTAMP=70836995843127, TAG=SyncLoopWakeLock, TYPE=PARTIAL_WAKE_LOCK             , COUNT=0, PID=571, UID=1000, FLAGS=
05-16 11:25:42.324 E/ia_watchdog(  183): Refreshing Watchdog Timers
05-16 11:25:45.224 I/WifiHW  (  571): CMD: IFNAME=wlan0 SIGNAL_POLL
05-16 11:25:45.234 D/wpa_supplicant(  649): nl80211: survey data missing!
05-16 11:25:45.234 I/wpa_supplicant(  649): nl80211: send_and_recv->nl_recvmsgs failed: 20
05-16 11:25:45.234 I/WifiHW  (  571): REPLY: RSSI=-64
05-16 11:25:45.234 I/WifiHW  (  571): REPLY: LINKSPEED=24
05-16 11:25:45.234 I/WifiHW  (  571): REPLY: NOISE=9999
05-16 11:25:45.234 I/WifiHW  (  571): REPLY: FREQUENCY=2472
05-16 11:25:48.234 I/WifiHW  (  571): CMD: IFNAME=wlan0 SIGNAL_POLL
05-16 11:25:48.254 D/wpa_supplicant(  649): nl80211: survey data missing!
05-16 11:25:48.254 I/wpa_supplicant(  649): nl80211: send_and_recv->nl_recvmsgs failed: 20
05-16 11:25:48.254 I/WifiHW  (  571): REPLY: RSSI=-63
05-16 11:25:48.254 I/WifiHW  (  571): REPLY: LINKSPEED=24
05-16 11:25:48.254 I/WifiHW  (  571): REPLY: NOISE=9999
05-16 11:25:48.254 I/WifiHW  (  571): REPLY: FREQUENCY=2472
05-16 11:25:51.254 I/WifiHW  (  571): CMD: IFNAME=wlan0 SIGNAL_POLL
05-16 11:25:51.274 D/wpa_supplicant(  649): nl80211: survey data missing!
05-16 11:25:51.274 I/wpa_supplicant(  649): nl80211: send_and_recv->nl_recvmsgs failed: 20
05-16 11:25:51.274 I/WifiHW  (  571): REPLY: RSSI=-63
05-16 11:25:51.274 I/WifiHW  (  571): REPLY: LINKSPEED=24
05-16 11:25:51.274 I/WifiHW  (  571): REPLY: NOISE=9999
05-16 11:25:51.274 I/WifiHW  (  571): REPLY: FREQUENCY=2472
05-16 11:25:54.274 I/WifiHW  (  571): CMD: IFNAME=wlan0 SIGNAL_POLL
05-16 11:25:54.284 D/wpa_supplicant(  649): nl80211: survey data missing!
05-16 11:25:54.284 I/wpa_supplicant(  649): nl80211: send_and_recv->nl_recvmsgs failed: 20
05-16 11:25:54.284 I/WifiHW  (  571): REPLY: RSSI=-64
05-16 11:25:54.284 I/WifiHW  (  571): REPLY: LINKSPEED=24
05-16 11:25:54.284 I/WifiHW  (  571): REPLY: NOISE=9999
05-16 11:25:54.284 I/WifiHW  (  571): REPLY: FREQUENCY=2472
05-16 11:25:57.294 I/WifiHW  (  571): CMD: IFNAME=wlan0 SIGNAL_POLL
05-16 11:25:57.304 D/wpa_supplicant(  649): nl80211: survey data missing!
05-16 11:25:57.304 I/wpa_supplicant(  649): nl80211: send_and_recv->nl_recvmsgs failed: 20
05-16 11:25:57.304 I/WifiHW  (  571): REPLY: RSSI=-63
05-16 11:25:57.304 I/WifiHW  (  571): REPLY: LINKSPEED=24
05-16 11:25:57.304 I/WifiHW  (  571): REPLY: NOISE=9999
05-16 11:25:57.304 I/WifiHW  (  571): REPLY: FREQUENCY=2472
05-16 11:25:59.994 I/SecurityManagerService(  704): SMS received security event: com.intel.asf.InterprocessSecurityEvent@2e91fbb8
05-16 11:25:59.994 D/AsfAosp (  571): No ASF clients are connected
05-16 11:25:59.994 I/WAKELOCK_ACQUIRE(  571): TIMESTAMP=70854721801048, TAG=AlarmManager, TYPE=PARTIAL_WAKE_LOCK             , COUNT=0, PID=571, UID=1000, FLAGS=
05-16 11:26:00.024 I/WAKELOCK_RELEASE(  571): TIMESTAMP=70854748415043, TAG=AlarmManager, TYPE=PARTIAL_WAKE_LOCK             , COUNT=0, PID=571, UID=1000, FLAGS=
05-16 11:26:00.314 I/WifiHW  (  571): CMD: IFNAME=wlan0 SIGNAL_POLL
05-16 11:26:00.324 D/wpa_supplicant(  649): nl80211: survey data missing!
05-16 11:26:00.324 I/wpa_supplicant(  649): nl80211: send_and_recv->nl_recvmsgs failed: 20
05-16 11:26:00.324 I/WifiHW  (  571): REPLY: RSSI=-64
05-16 11:26:00.324 I/WifiHW  (  571): REPLY: LINKSPEED=24
05-16 11:26:00.324 I/WifiHW  (  571): REPLY: NOISE=9999
05-16 11:26:00.324 I/WifiHW  (  571): REPLY: FREQUENCY=2472
05-16 11:26:03.324 I/WifiHW  (  571): CMD: IFNAME=wlan0 SIGNAL_POLL
05-16 11:26:03.344 D/wpa_supplicant(  649): nl80211: survey data missing!
05-16 11:26:03.344 I/wpa_supplicant(  649): nl80211: send_and_recv->nl_recvmsgs failed: 20
05-16 11:26:03.344 I/WifiHW  (  571): REPLY: RSSI=-63
05-16 11:26:03.344 I/WifiHW  (  571): REPLY: LINKSPEED=24
05-16 11:26:03.344 I/WifiHW  (  571): REPLY: NOISE=9999
05-16 11:26:03.344 I/WifiHW  (  571): REPLY: FREQUENCY=2472
05-16 11:26:06.344 I/WifiHW  (  571): CMD: IFNAME=wlan0 SIGNAL_POLL
05-16 11:26:06.364 D/wpa_supplicant(  649): nl80211: survey data missing!
05-16 11:26:06.364 I/wpa_supplicant(  649): nl80211: send_and_recv->nl_recvmsgs failed: 20
05-16 11:26:06.364 I/WifiHW  (  571): REPLY: RSSI=-63
05-16 11:26:06.364 I/WifiHW  (  571): REPLY: LINKSPEED=24
05-16 11:26:06.364 I/WifiHW  (  571): REPLY: NOISE=9999
05-16 11:26:06.364 I/WifiHW  (  571): REPLY: FREQUENCY=2472
05-16 11:26:09.364 I/WifiHW  (  571): CMD: IFNAME=wlan0 SIGNAL_POLL
05-16 11:26:09.374 D/wpa_supplicant(  649): nl80211: survey data missing!
05-16 11:26:09.374 I/wpa_supplicant(  649): nl80211: send_and_recv->nl_recvmsgs failed: 20
05-16 11:26:09.374 I/WifiHW  (  571): REPLY: RSSI=-64
05-16 11:26:09.374 I/WifiHW  (  571): REPLY: LINKSPEED=24
05-16 11:26:09.374 I/WifiHW  (  571): REPLY: NOISE=9999
05-16 11:26:09.374 I/WifiHW  (  571): REPLY: FREQUENCY=2472
05-16 11:26:12.214 I/SecurityManagerService(  704): SMS received security event: com.intel.asf.InterprocessSecurityEvent@2e970940
05-16 11:26:12.214 D/AsfAosp (  571): No ASF clients are connected
05-16 11:26:12.214 I/WAKELOCK_ACQUIRE(  571): TIMESTAMP=70866936534145, TAG=AlarmManager, TYPE=PARTIAL_WAKE_LOCK             , COUNT=0, PID=571, UID=1000, FLAGS=
05-16 11:26:12.214 I/WAKELOCK_ACQUIRE(  571): TIMESTAMP=70866937555359, TAG=SyncManagerHandleSyncAlarm, TYPE=PARTIAL_WAKE_LOCK             , COUNT=0, PID=571, UID=1000, FLAGS=
05-16 11:26:12.214 I/WAKELOCK_ACQUIRE(  571): TIMESTAMP=70866938461872, TAG=SyncLoopWakeLock, TYPE=PARTIAL_WAKE_LOCK             , COUNT=0, PID=571, UID=1000, FLAGS=
05-16 11:26:12.214 I/WAKELOCK_RELEASE(  571): TIMESTAMP=70866939316800, TAG=AlarmManager, TYPE=PARTIAL_WAKE_LOCK             , COUNT=0, PID=571, UID=1000, FLAGS=
05-16 11:26:12.214 V/AlarmManager(  571): triggered: act=android.content.syncmanager.SYNC_ALARM flg=0x14
05-16 11:26:12.214 V/AlarmManager(  571): Pkg: android
05-16 11:26:12.214 I/WAKELOCK_RELEASE(  571): TIMESTAMP=70866942431343, TAG=SyncManagerHandleSyncAlarm, TYPE=PARTIAL_WAKE_LOCK             , COUNT=0, PID=571, UID=1000, FLAGS=
05-16 11:26:12.224 I/SecurityManagerService(  704): SMS received security event: com.intel.asf.InterprocessSecurityEvent@2ea70e60
05-16 11:26:12.224 D/AsfAosp (  571): No ASF clients are connected
05-16 11:26:12.224 I/WAKELOCK_RELEASE(  571): TIMESTAMP=70866946271525, TAG=SyncLoopWakeLock, TYPE=PARTIAL_WAKE_LOCK             , COUNT=0, PID=571, UID=1000, FLAGS=
05-16 11:26:12.384 I/WifiHW  (  571): CMD: IFNAME=wlan0 SIGNAL_POLL
05-16 11:26:12.394 D/wpa_supplicant(  649): nl80211: survey data missing!
05-16 11:26:12.394 I/wpa_supplicant(  649): nl80211: send_and_recv->nl_recvmsgs failed: 20
05-16 11:26:12.394 I/WifiHW  (  571): REPLY: RSSI=-64
05-16 11:26:12.394 I/WifiHW  (  571): REPLY: LINKSPEED=24
05-16 11:26:12.394 I/WifiHW  (  571): REPLY: NOISE=9999
05-16 11:26:12.394 I/WifiHW  (  571): REPLY: FREQUENCY=2472
05-16 11:26:15.404 I/WifiHW  (  571): CMD: IFNAME=wlan0 SIGNAL_POLL
05-16 11:26:15.414 D/wpa_supplicant(  649): nl80211: survey data missing!
05-16 11:26:15.414 I/wpa_supplicant(  649): nl80211: send_and_recv->nl_recvmsgs failed: 20
05-16 11:26:15.414 I/WifiHW  (  571): REPLY: RSSI=-61
05-16 11:26:15.414 I/WifiHW  (  571): REPLY: LINKSPEED=24
05-16 11:26:15.414 I/WifiHW  (  571): REPLY: NOISE=9999
05-16 11:26:15.414 I/WifiHW  (  571): REPLY: FREQUENCY=2472
05-16 11:26:18.414 I/WifiHW  (  571): CMD: IFNAME=wlan0 SIGNAL_POLL
05-16 11:26:18.434 D/wpa_supplicant(  649): nl80211: survey data missing!
05-16 11:26:18.434 I/wpa_supplicant(  649): nl80211: send_and_recv->nl_recvmsgs failed: 20
05-16 11:26:18.434 I/WifiHW  (  571): REPLY: RSSI=-62
05-16 11:26:18.434 I/WifiHW  (  571): REPLY: LINKSPEED=24
05-16 11:26:18.434 I/WifiHW  (  571): REPLY: NOISE=9999
05-16 11:26:18.434 I/WifiHW  (  571): REPLY: FREQUENCY=2472
05-16 11:26:21.434 I/WifiHW  (  571): CMD: IFNAME=wlan0 SIGNAL_POLL
05-16 11:26:21.454 D/wpa_supplicant(  649): nl80211: survey data missing!
05-16 11:26:21.454 I/wpa_supplicant(  649): nl80211: send_and_recv->nl_recvmsgs failed: 20
05-16 11:26:21.454 I/WifiHW  (  571): REPLY: RSSI=-63
05-16 11:26:21.454 I/WifiHW  (  571): REPLY: LINKSPEED=24
05-16 11:26:21.454 I/WifiHW  (  571): REPLY: NOISE=9999
05-16 11:26:21.454 I/WifiHW  (  571): REPLY: FREQUENCY=2472
05-16 11:26:24.454 I/WifiHW  (  571): CMD: IFNAME=wlan0 SIGNAL_POLL
05-16 11:26:24.464 D/wpa_supplicant(  649): nl80211: survey data missing!
05-16 11:26:24.464 I/wpa_supplicant(  649): nl80211: send_and_recv->nl_recvmsgs failed: 20
05-16 11:26:24.474 I/WifiHW  (  571): REPLY: RSSI=-62
05-16 11:26:24.474 I/WifiHW  (  571): REPLY: LINKSPEED=24
05-16 11:26:24.474 I/WifiHW  (  571): REPLY: NOISE=9999
05-16 11:26:24.474 I/WifiHW  (  571): REPLY: FREQUENCY=2472
05-16 11:26:27.474 I/WifiHW  (  571): CMD: IFNAME=wlan0 SIGNAL_POLL
05-16 11:26:27.484 D/wpa_supplicant(  649): nl80211: survey data missing!
05-16 11:26:27.484 I/wpa_supplicant(  649): nl80211: send_and_recv->nl_recvmsgs failed: 20
05-16 11:26:27.484 I/WifiHW  (  571): REPLY: RSSI=-61
05-16 11:26:27.484 I/WifiHW  (  571): REPLY: LINKSPEED=24
05-16 11:26:27.484 I/WifiHW  (  571): REPLY: NOISE=9999
05-16 11:26:27.484 I/WifiHW  (  571): REPLY: FREQUENCY=2472
05-16 11:26:30.494 I/WifiHW  (  571): CMD: IFNAME=wlan0 SIGNAL_POLL
05-16 11:26:30.504 D/wpa_supplicant(  649): nl80211: survey data missing!
05-16 11:26:30.504 I/wpa_supplicant(  649): nl80211: send_and_recv->nl_recvmsgs failed: 20
05-16 11:26:30.504 I/WifiHW  (  571): REPLY: RSSI=-62
05-16 11:26:30.504 I/WifiHW  (  571): REPLY: LINKSPEED=24
05-16 11:26:30.504 I/WifiHW  (  571): REPLY: NOISE=9999
05-16 11:26:30.504 I/WifiHW  (  571): REPLY: FREQUENCY=2472
05-16 11:26:33.504 I/WifiHW  (  571): CMD: IFNAME=wlan0 SIGNAL_POLL
05-16 11:26:33.524 D/wpa_supplicant(  649): nl80211: survey data missing!
05-16 11:26:33.524 I/wpa_supplicant(  649): nl80211: send_and_recv->nl_recvmsgs failed: 20
05-16 11:26:33.524 I/WifiHW  (  571): REPLY: RSSI=-61
05-16 11:26:33.524 I/WifiHW  (  571): REPLY: LINKSPEED=24
05-16 11:26:33.524 I/WifiHW  (  571): REPLY: NOISE=9999
05-16 11:26:33.524 I/WifiHW  (  571): REPLY: FREQUENCY=2472
05-16 11:26:36.524 I/WifiHW  (  571): CMD: IFNAME=wlan0 SIGNAL_POLL
05-16 11:26:36.544 D/wpa_supplicant(  649): nl80211: survey data missing!
05-16 11:26:36.544 I/wpa_supplicant(  649): nl80211: send_and_recv->nl_recvmsgs failed: 20
05-16 11:26:36.544 I/WifiHW  (  571): REPLY: RSSI=-61
05-16 11:26:36.544 I/WifiHW  (  571): REPLY: LINKSPEED=24
05-16 11:26:36.544 I/WifiHW  (  571): REPLY: NOISE=9999
05-16 11:26:36.544 I/WifiHW  (  571): REPLY: FREQUENCY=2472
05-16 11:26:39.544 I/WifiHW  (  571): CMD: IFNAME=wlan0 SIGNAL_POLL
05-16 11:26:39.554 D/wpa_supplicant(  649): nl80211: survey data missing!
05-16 11:26:39.554 I/wpa_supplicant(  649): nl80211: send_and_recv->nl_recvmsgs failed: 20
05-16 11:26:39.564 I/WifiHW  (  571): REPLY: RSSI=-62
05-16 11:26:39.564 I/WifiHW  (  571): REPLY: LINKSPEED=24
05-16 11:26:39.564 I/WifiHW  (  571): REPLY: NOISE=9999
05-16 11:26:39.564 I/WifiHW  (  571): REPLY: FREQUENCY=2472
05-16 11:26:41.944 E/CRASHLOG(  224): log service stopped whereas property is set .. restarting
05-16 11:26:41.944 I/CRASHLOG(  224): [IPTRAK] check_iptrak_file: Initial value of 'need_update' 0.
05-16 11:26:41.944 I/CRASHLOG(  224): [IPTRAK] check_iptrak_file: Force update value 0.
05-16 11:26:41.944 I/CRASHLOG(  224): [IPTRAK] check_iptrak_file: 'need_update' value 0.
05-16 11:26:42.264 I/SecurityManagerService(  704): SMS received security event: com.intel.asf.InterprocessSecurityEvent@2ead7860
05-16 11:26:42.264 D/AsfAosp (  571): No ASF clients are connected
05-16 11:26:42.264 I/WAKELOCK_ACQUIRE(  571): TIMESTAMP=70896990389098, TAG=AlarmManager, TYPE=PARTIAL_WAKE_LOCK             , COUNT=0, PID=571, UID=1000, FLAGS=
05-16 11:26:42.264 I/WAKELOCK_ACQUIRE(  571): TIMESTAMP=70896991273203, TAG=SyncManagerHandleSyncAlarm, TYPE=PARTIAL_WAKE_LOCK             , COUNT=0, PID=571, UID=1000, FLAGS=
05-16 11:26:42.264 I/WAKELOCK_ACQUIRE(  571): TIMESTAMP=70896992209456, TAG=SyncLoopWakeLock, TYPE=PARTIAL_WAKE_LOCK             , COUNT=0, PID=571, UID=1000, FLAGS=
05-16 11:26:42.264 I/WAKELOCK_RELEASE(  571): TIMESTAMP=70896992891638, TAG=AlarmManager, TYPE=PARTIAL_WAKE_LOCK             , COUNT=0, PID=571, UID=1000, FLAGS=
05-16 11:26:42.264 V/AlarmManager(  571): triggered: act=android.content.syncmanager.SYNC_ALARM flg=0x14
05-16 11:26:42.264 V/AlarmManager(  571): Pkg: android
05-16 11:26:42.274 I/WAKELOCK_RELEASE(  571): TIMESTAMP=70896997104641, TAG=SyncManagerHandleSyncAlarm, TYPE=PARTIAL_WAKE_LOCK             , COUNT=0, PID=571, UID=1000, FLAGS=
05-16 11:26:42.274 I/WAKELOCK_RELEASE(  571): TIMESTAMP=70896998275126, TAG=SyncLoopWakeLock, TYPE=PARTIAL_WAKE_LOCK             , COUNT=0, PID=571, UID=1000, FLAGS=
05-16 11:26:42.324 E/ia_watchdog(  183): Refreshing Watchdog Timers
05-16 11:26:42.564 I/WifiHW  (  571): CMD: IFNAME=wlan0 SIGNAL_POLL
05-16 11:26:42.564 E/HttpIssuerBase(15104): Attempt to consume entity of HttpIssuer when no request is executing.
05-16 11:26:42.564 E/HttpIssuerBase(15104): Attempt to close HttpIssuer when no request is executing.
05-16 11:26:42.564 E/HttpIssuerBase(15104): java.io.IOException
05-16 11:26:42.564 E/HttpIssuerBase(15104): 	at ayQ.b(HttpIssuerBase.java:191)
05-16 11:26:42.564 E/HttpIssuerBase(15104): 	at ayv.b(DefaultAuthenticatedHttpIssuer.java:141)
05-16 11:26:42.564 E/HttpIssuerBase(15104): 	at aIi.a(AccountMetadataUpdater.java:200)
05-16 11:26:42.564 E/HttpIssuerBase(15104): 	at aIi.a(AccountMetadataUpdater.java:113)
