05-16 11:25:08.334 D/EVENT_THREAD(  571): void CEventThread::startAlarm(uint32_t) 30ms
05-16 11:25:08.334 D/EVENT_THREAD(  571): void CEventThread::run() Do poll with timeout: 30
05-16 11:25:08.344 D/dalvikvm(17694): GC_EXPLICIT freed 177K, 13% free 14891K/17012K, paused 0ms+2ms, total 23ms
05-16 11:25:08.344 D/Gallery (16024): [Gallery :: onResume] called..
05-16 11:25:08.344 I/AlbumSetPage(16024): [AlbumSetPage :: onResume] onResume
05-16 11:25:08.344 V/ACS     (16024): [AlbumSetPage :: onResume] Entering AlbumSet View
05-16 11:25:08.344 D/TAG     (16024): [GalleryUtils :: setSpinnerVisibility] Set Spinner visibility true
05-16 11:25:08.344 V/LooooooG(17694): [ ActivityBase.java:64 ] - onWindowFocusChanged.hasFocus=false.mOnResumePending=false
05-16 11:25:08.344 D/LooooooG(17694): [ ShutterButton.java:57 ] - drawableStateChanged pressed: false mOldPressed: false
05-16 11:25:08.354 V/GalleryActionBar(16024): [GalleryActionBar :: showClusterMenu] showClusterMenu: runner=com.intel.android.gallery3d.app.AlbumSetPage@2e8d4320
05-16 11:25:08.354 V/GalleryActionBar(16024): [GalleryActionBar :: showClusterMenu] showClusterMenu: runner=com.intel.android.gallery3d.app.AlbumSetPage@2e8d4320
05-16 11:25:08.354 D/Gallery.MultiSetSync(16024): [MediaSet$MultiSetSyncFuture :: onSyncDone] onSyncDone: MTP devices #pending=2
05-16 11:25:08.354 D/Gallery.MultiSetSync(16024): [MediaSet$MultiSetSyncFuture :: <init>]   request sync: MTP devices
05-16 11:25:08.354 I/WAKELOCK_RELEASE(  571): TIMESTAMP=70803075112631, TAG=WindowManager, TYPE=SCREEN_BRIGHT_WAKE_LOCK       , COUNT=0, PID=571, UID=1000, FLAGS= ON_AFTER_RELEASE
05-16 11:25:08.364 D/Gallery.MultiSetSync(16024): [MediaSet$MultiSetSyncFuture :: onSyncDone] onSyncDone: Local albums #pending=1
05-16 11:25:08.364 D/Gallery.MultiSetSync(16024): [MediaSet$MultiSetSyncFuture :: <init>]   request sync: Local albums
05-16 11:25:08.364 D/Gallery.MultiSetSync(16024): [MediaSet$MultiSetSyncFuture :: onSyncDone] onSyncDone: Picasa albums #pending=0
05-16 11:25:08.364 D/Gallery.MultiSetSync(16024): [MediaSet$MultiSetSyncFuture :: <init>]   request sync: Picasa albums
05-16 11:25:08.364 D/EVENT_THREAD(  571): void CEventThread::cancelAlarm()
05-16 11:25:08.364 D/EVENT_THREAD(  571): void CEventThread::run() Do poll with timeout: -1
05-16 11:25:08.364 I/AlbumSetPage(16024): [AlbumSetPage :: onCreateActionBar] onCreateActionBar
05-16 11:25:08.364 V/GalleryActionBar(16024): [GalleryActionBar :: showClusterMenu] showClusterMenu: runner=com.intel.android.gallery3d.app.AlbumSetPage@2e8d4320
05-16 11:25:08.364 I/WAKELOCK_RELEASE(  571): TIMESTAMP=70803084147532, TAG=*vibrator*, TYPE=PARTIAL_WAKE_LOCK             , COUNT=0, PID=571, UID=1000, FLAGS=
05-16 11:25:08.394 I/GalleryEGLConfigChooser(16024): [GalleryEGLConfigChooser :: logConfig] Config chosen: R5 G6 B5 A0 D24 S8 ID7 CAVEAT12344 
05-16 11:25:08.394 D/GLRootView(16024): [surfaceChanged] size(720x1134)
05-16 11:25:08.404 I/GLRootView(16024): [GLRootView :: onSurfaceCreated] GLObject has changed from com.google.android.gles_jni.GLImpl@2ec0f4b8 to com.google.android.gles_jni.GLImpl@2eb64040
05-16 11:25:08.404 I/GLRootView(16024): [GLRootView :: onSurfaceChanged] onSurfaceChanged: 720x1134, gl10: com.google.android.gles_jni.GLImpl@2eb64040
05-16 11:25:08.434 I/GLRootView(16024): [GLRootView :: onSurfaceChanged] onSurfaceChanged: 720x1134, gl10: com.google.android.gles_jni.GLImpl@2eb64040
05-16 11:25:08.454 W/ViewRootImpl(16024): Dropping event due to no window focus: KeyEvent { action=ACTION_DOWN, keyCode=KEYCODE_BACK, scanCode=0, metaState=0, flags=0x48, repeatCount=0, eventTime=18816217, downTime=18816217, deviceId=-1, source=0x101 }
05-16 11:25:08.464 V/MtpDeviceSet(16024): loadDevices: [], size=0
05-16 11:25:08.464 D/PicasaAlbumSet(16024): ALBUMS_URI : content://com.intel.android.gallery.picasa.contentprovider/albums cursor.getCount() : 0
05-16 11:25:08.484 I/AudioPolicyManagerBase(  197): APM: getOutput
05-16 11:25:08.484 I/AudioPolicyManagerBase(  197): APM: getOutput
05-16 11:25:08.484 I/AudioPolicyManagerBase(  197): APM: getOutput
05-16 11:25:08.484 W/AudioTrack(  571): AUDIO_OUTPUT_FLAG_FAST denied by client
05-16 11:25:08.484 D/AudioPolicyManagerALSA(  197): startOutput() output 2, stream type 1, session 258
05-16 11:25:08.494 D/AudioResamplerIA(  197): Create AudioResamplerIA Resampler: Input rate 44100, output rate 48000
05-16 11:25:08.504 D/InputMethodManagerService(  571): --- calledFromForegroundUserOrSystemProcess ? calling uid = 10085 system uid = 1000 calling userId = 0, foreground user id = 0, calling pid = 16024com.android.server.InputMethodManagerService.windowGainedFocus(InputMethodManagerService.java:1882)
05-16 11:25:08.504 V/InputMethodManagerService(  571): windowGainedFocus: android.os.BinderProxy@2f512ad0 controlFlags=#105 softInputMode=#20 windowFlags=#1810100
05-16 11:25:08.524 V/InputMethodManagerService(  571): Unspecified window will hide input
05-16 11:25:08.524 V/InputMethodManagerService(  571): unbindCurrentInputLocked: client = android.os.BinderProxy@2ece1dd8
05-16 11:25:08.524 V/InputMethodManagerService(  571): Hide switching menu
05-16 11:25:08.524 V/InputMethodManagerService(  571): switching to client: client = android.os.BinderProxy@2f512ad0 keyguard=false
05-16 11:25:08.524 V/InputMethodManagerService(  571): Disabling: SessionState{uid 1000 pid 17694 method 2ed68bc0 session 2ed26ec0 channel ClientState{2f0a4ff8 uid 1000 pid 17694} (server)}
05-16 11:25:08.524 V/InputMethodManagerService(  571): Enabling: SessionState{uid 10085 pid 16024 method 2ed68bc0 session 2ef2f370 channel ClientState{2f0bbac0 uid 10085 pid 16024} (server)}
05-16 11:25:08.534 D/TAG     (16024): [GalleryUtils :: setSpinnerVisibility] Set Spinner visibility false
05-16 11:25:08.534 I/WAKELOCK_RELEASE(  571): TIMESTAMP=70803257421031, TAG=ActivityManager-Launch, TYPE=PARTIAL_WAKE_LOCK             , COUNT=0, PID=571, UID=1000, FLAGS=
05-16 11:25:08.544 D/hwcomposer(  189): virtual bool android::intel::OverlayPlaneBase::isDisabled(): overlay 0 status DISABLED on device 0, current device 0
05-16 11:25:08.544 I/AlbumSetPage(16024): [AlbumSetPage :: onCreateActionBar] onCreateActionBar
05-16 11:25:08.544 V/GalleryActionBar(16024): [GalleryActionBar :: showClusterMenu] showClusterMenu: runner=com.intel.android.gallery3d.app.AlbumSetPage@2e8d4320
05-16 11:25:08.574 I/WAKELOCK_ACQUIRE(  571): TIMESTAMP=70803295141667, TAG=WindowManager, TYPE=SCREEN_BRIGHT_WAKE_LOCK       , COUNT=0, PID=571, UID=1000, FLAGS= ON_AFTER_RELEASE
05-16 11:25:09.004 I/WifiHW  (  571): CMD: IFNAME=wlan0 SIGNAL_POLL
05-16 11:25:09.014 D/wpa_supplicant(  649): nl80211: survey data missing!
05-16 11:25:09.014 I/wpa_supplicant(  649): nl80211: send_and_recv->nl_recvmsgs failed: 20
05-16 11:25:09.024 I/WifiHW  (  571): REPLY: RSSI=-65
05-16 11:25:09.024 I/WifiHW  (  571): REPLY: LINKSPEED=24
05-16 11:25:09.024 I/WifiHW  (  571): REPLY: NOISE=9999
05-16 11:25:09.024 I/WifiHW  (  571): REPLY: FREQUENCY=2472
05-16 11:25:09.214 W/QueryController(17642): AccessibilityNodeInfo returned a null child (1 of 2)
05-16 11:25:09.214 W/QueryController(17642): parent = android.view.accessibility.AccessibilityNodeInfo@3941c; boundsInParent: Rect(0, 0 - 720, 1134); boundsInScreen: Rect(0, 50 - 720, 1184); packageName: com.intel.android.gallery3d; className: android.view.View; text: null; contentDescription: null; viewIdResName: null; checkable: false; checked: false; focusable: true; focused: true; selected: false; clickable: false; longClickable: false; enabled: true; password: false; scrollable: false; [ACTION_CLEAR_FOCUS, ACTION_SELECT, ACTION_CLEAR_SELECTION, ACTION_ACCESSIBILITY_FOCUS]
05-16 11:25:09.254 E/HttpIssuerBase(15104): Attempt to consume entity of HttpIssuer when no request is executing.
05-16 11:25:09.264 E/HttpIssuerBase(15104): Attempt to close HttpIssuer when no request is executing.
05-16 11:25:09.264 E/HttpIssuerBase(15104): java.io.IOException
05-16 11:25:09.264 E/HttpIssuerBase(15104): 	at ayQ.b(HttpIssuerBase.java:191)
05-16 11:25:09.264 E/HttpIssuerBase(15104): 	at ayv.b(DefaultAuthenticatedHttpIssuer.java:141)
05-16 11:25:09.264 E/HttpIssuerBase(15104): 	at aIi.a(AccountMetadataUpdater.java:200)
05-16 11:25:09.264 E/HttpIssuerBase(15104): 	at aIi.a(AccountMetadataUpdater.java:113)
05-16 11:25:09.264 E/HttpIssuerBase(15104): 	at aJx.a(SyncManager.java:449)
05-16 11:25:09.264 E/HttpIssuerBase(15104): 	at aJx.a(SyncManager.java:298)
05-16 11:25:09.264 E/HttpIssuerBase(15104): 	at aIJ.a(DocsSyncAdapter.java:46)
05-16 11:25:09.264 E/HttpIssuerBase(15104): 	at aIL.run(DocsSyncAdapter.java:122)
05-16 11:25:09.264 E/HttpIssuerBase(15104): 	at aOc.a(NetworkUtilitiesImpl.java:29)
05-16 11:25:09.264 E/HttpIssuerBase(15104): 	at aIK.run(DocsSyncAdapter.java:119)
05-16 11:25:09.274 E/DocsSyncAdapter(15104): Network error
05-16 11:25:09.274 E/DocsSyncAdapter(15104): javax.net.ssl.SSLPeerUnverifiedException: No peer certificate
05-16 11:25:09.274 E/DocsSyncAdapter(15104): 	at com.android.org.conscrypt.SSLSessionImpl.getPeerCertificates(SSLSessionImpl.java:146)
05-16 11:25:09.274 E/DocsSyncAdapter(15104): 	at org.apache.http.conn.ssl.AbstractVerifier.verify(AbstractVerifier.java:93)
05-16 11:25:09.274 E/DocsSyncAdapter(15104): 	at org.apache.http.conn.ssl.SSLSocketFactory.createSocket(SSLSocketFactory.java:388)
05-16 11:25:09.274 E/DocsSyncAdapter(15104): 	at org.apache.http.impl.conn.DefaultClientConnectionOperator.openConnection(DefaultClientConnectionOperator.java:165)
05-16 11:25:09.274 E/DocsSyncAdapter(15104): 	at org.apache.http.impl.conn.AbstractPoolEntry.open(AbstractPoolEntry.java:164)
05-16 11:25:09.274 E/DocsSyncAdapter(15104): 	at org.apache.http.impl.conn.AbstractPooledConnAdapter.open(AbstractPooledConnAdapter.java:119)
05-16 11:25:09.274 E/DocsSyncAdapter(15104): 	at org.apache.http.impl.client.DefaultRequestDirector.execute(DefaultRequestDirector.java:360)
05-16 11:25:09.274 E/DocsSyncAdapter(15104): 	at org.apache.http.impl.client.AbstractHttpClient.execute(AbstractHttpClient.java:555)
05-16 11:25:09.274 E/DocsSyncAdapter(15104): 	at org.apache.http.impl.client.AbstractHttpClient.execute(AbstractHttpClient.java:487)
05-16 11:25:09.274 E/DocsSyncAdapter(15104): 	at org.apache.http.impl.client.AbstractHttpClient.execute(AbstractHttpClient.java:465)
05-16 11:25:09.274 E/DocsSyncAdapter(15104): 	at ayM.execute(HttpClientImpl.java:255)
05-16 11:25:09.274 E/DocsSyncAdapter(15104): 	at ayH.a(DefaultHttpIssuer.java:53)
05-16 11:25:09.274 E/DocsSyncAdapter(15104): 	at ayQ.b(HttpIssuerBase.java:123)
05-16 11:25:09.274 E/DocsSyncAdapter(15104): 	at ayQ.a(HttpIssuerBase.java:111)
05-16 11:25:09.274 E/DocsSyncAdapter(15104): 	at ayv.b(DefaultAuthenticatedHttpIssuer.java:213)
05-16 11:25:09.274 E/DocsSyncAdapter(15104): 	at ayv.a(DefaultAuthenticatedHttpIssuer.java:161)
05-16 11:25:09.274 E/DocsSyncAdapter(15104): 	at ayv.a(DefaultAuthenticatedHttpIssuer.java:100)
05-16 11:25:09.274 E/DocsSyncAdapter(15104): 	at aIi.a(AccountMetadataUpdater.java:191)
05-16 11:25:09.274 E/DocsSyncAdapter(15104): 	at aIi.a(AccountMetadataUpdater.java:113)
05-16 11:25:09.274 E/DocsSyncAdapter(15104): 	at aJx.a(SyncManager.java:449)
05-16 11:25:09.274 E/DocsSyncAdapter(15104): 	at aJx.a(SyncManager.java:298)
05-16 11:25:09.274 E/DocsSyncAdapter(15104): 	at aIJ.a(DocsSyncAdapter.java:46)
05-16 11:25:09.274 E/DocsSyncAdapter(15104): 	at aIL.run(DocsSyncAdapter.java:122)
05-16 11:25:09.274 E/DocsSyncAdapter(15104): 	at aOc.a(NetworkUtilitiesImpl.java:29)
05-16 11:25:09.274 E/DocsSyncAdapter(15104): 	at aIK.run(DocsSyncAdapter.java:119)
05-16 11:25:09.274 I/WAKELOCK_RELEASE(  571): TIMESTAMP=70803999087006, TAG=DocsSyncAdapter, TYPE=PARTIAL_WAKE_LOCK             , COUNT=0, PID=15104, UID=10047, FLAGS=
05-16 11:25:09.284 I/WAKELOCK_ACQUIRE(  571): TIMESTAMP=70804006891491, TAG=SyncLoopWakeLock, TYPE=PARTIAL_WAKE_LOCK             , COUNT=0, PID=571, UID=1000, FLAGS=
05-16 11:25:09.304 D/SyncManager(  571): failed sync operation xiaobowen1002@gmail.com u0 (com.google), com.google.android.apps.docs, POLL, latestRunTime 70590441, reason: AccountsUpdated, SyncResult: stats [ numIoExceptions: 1]
05-16 11:25:09.304 D/dalvikvm(17694): GC_EXPLICIT freed 60K, 13% free 14878K/17012K, paused 1ms+1ms, total 18ms
05-16 11:25:09.304 I/WAKELOCK_RELEASE(  571): TIMESTAMP=70804025494421, TAG=*sync*/com.google.android.apps.docs/com.google/xiaobowen1002@gmail.com, TYPE=PARTIAL_WAKE_LOCK             , COUNT=0, PID=571, UID=1000, FLAGS=
05-16 11:25:09.334 I/SecurityManagerService(  704): SMS received security event: com.intel.asf.InterprocessSecurityEvent@2e91fd08
05-16 11:25:09.334 D/AsfAosp (  571): No ASF clients are connected
05-16 11:25:09.344 I/WAKELOCK_RELEASE(  571): TIMESTAMP=70804063971757, TAG=SyncLoopWakeLock, TYPE=PARTIAL_WAKE_LOCK             , COUNT=0, PID=571, UID=1000, FLAGS=
05-16 11:25:09.344 I/WAKELOCK_ACQUIRE(  571): TIMESTAMP=70804064287202, TAG=SyncLoopWakeLock, TYPE=PARTIAL_WAKE_LOCK             , COUNT=0, PID=571, UID=1000, FLAGS=
05-16 11:25:09.344 I/WAKELOCK_RELEASE(  571): TIMESTAMP=70804065610850, TAG=SyncLoopWakeLock, TYPE=PARTIAL_WAKE_LOCK             , COUNT=0, PID=571, UID=1000, FLAGS=
05-16 11:25:12.024 I/WifiHW  (  571): CMD: IFNAME=wlan0 SIGNAL_POLL
05-16 11:25:12.034 D/wpa_supplicant(  649): nl80211: survey data missing!
05-16 11:25:12.034 I/wpa_supplicant(  649): nl80211: send_and_recv->nl_recvmsgs failed: 20
05-16 11:25:12.034 I/WifiHW  (  571): REPLY: RSSI=-64
05-16 11:25:12.034 I/WifiHW  (  571): REPLY: LINKSPEED=24
05-16 11:25:12.034 I/WifiHW  (  571): REPLY: NOISE=9999
05-16 11:25:12.034 I/WifiHW  (  571): REPLY: FREQUENCY=2472
05-16 11:25:12.494 D/AudioIntelHAL(  197): stopStream: output stream
05-16 11:25:12.494 D/AudioIntelHAL/AudioPlatformState(  197): route-parameter-manager: Selection criterion changed event: Criterion name: OutputFlags, current state: <none>
05-16 11:25:12.494 D/AudioIntelHAL/AudioPlatformState(  197): route-parameter-manager: Configuration application request {
05-16 11:25:12.494 D/AudioIntelHAL/AudioPlatformState(  197): route-parameter-manager:     Applying configurations {
05-16 11:25:12.494 D/AudioIntelHAL/AudioPlatformState(  197): route-parameter-manager:         Applying configuration "NotApplicable" from domain "StreamRoute.Media.Playback"
05-16 11:25:12.494 D/AudioIntelHAL/AudioPlatformState(  197): route-parameter-manager:         Applying configuration "NotApplicable" from domain "Route.HwCodec0IA.Playback"
05-16 11:25:12.494 D/AudioIntelHAL/AudioPlatformState(  197): route-parameter-manager:         Applying configuration "NotSelected" from domain "Parameter.Outputflags.Primary"
05-16 11:25:12.494 D/AudioIntelHAL/AudioPlatformState(  197): route-parameter-manager:     } Applying configurations
05-16 11:25:12.494 D/AudioIntelHAL/AudioPlatformState(  197): route-parameter-manager: } Configuration application request
05-16 11:25:12.494 D/EVENT_THREAD(  197): void CEventThread::trig(uint16_t): in
05-16 11:25:12.494 D/EVENT_THREAD(  197): void CEventThread::trig(uint16_t): out
05-16 11:25:12.494 D/RouteManager(  197): doReconsiderRouting: Route state:
05-16 11:25:12.494 D/RouteManager(  197): 	-Previously Enabled Route in Input = <none>
05-16 11:25:12.494 D/RouteManager(  197): 	-Previously Enabled Route in Output = Media|HwCodec0IA
05-16 11:25:12.494 D/RouteManager(  197): 	-Selected Route in Input = <none>
05-16 11:25:12.494 D/RouteManager(  197): 	-Selected Route in Output = <none>
05-16 11:25:12.494 D/RouteManager(  197): 		-executeMuteRoutingStage-
05-16 11:25:12.494 D/RouteManager(  197): audio-parameter-manager: Selection criterion changed event: Criterion name: RoutageState, current state: Flow
05-16 11:25:12.494 D/RouteManager(  197): audio-parameter-manager: Selection criterion changed event: Criterion name: ClosingPlaybackRoutes, current state: Media|HwCodec0IA
05-16 11:25:12.494 D/RouteManager(  197): audio-parameter-manager: Selection criterion changed event: Criterion name: OpenedPlaybackRoutes, current state: <none>
05-16 11:25:12.494 D/RouteManager(  197): audio-parameter-manager: Configuration application request {
05-16 11:25:12.494 D/RouteManager(  197): audio-parameter-manager:     Applying configurations {
05-16 11:25:12.494 D/RouteManager(  197): audio-parameter-manager:         Applying configuration "Mute" from domain "Routing.Mute.PCM.Playback"
05-16 11:25:12.494 D/RouteManager(  197): audio-parameter-manager:         Applying configuration "Mute" from domain "Routing.Mute.HwCodec.Playback.Internal"
05-16 11:25:12.494 D/RouteManager(  197): audio-parameter-manager:         Applying configuration "Mute" from domain "Routing.Mute.CodecWM8958.Playback.Internal.IHF"
05-16 11:25:12.494 I/AUD     (  197): UtaAudioSetMuteForDestination(UTA_AUDIO_DESTINATION_SSP_D,UTA_AUDIO_MUTE_STATE_ON)
05-16 11:25:12.494 I/AUD     (  197): DSP_LOG_SB AUDIO_DSP_CMD_VB_SET_GAIN_HW ffff ffff 0021 000c 0001 0200 0067 fa60 fa60 0005
05-16 11:25:12.494 D/dsplib  (  197): libdsp_write: CMD=33, TASK=1, TYPE=2, LEN=20, FLAG=1
05-16 11:25:12.494 I/dsplib  (  197): libdsp_write: writing to byte control: 28 bytes
05-16 11:25:12.494 I/AUD     (  197): UtaAudioSetMuteForSource(UTA_AUDIO_SOURCE_PCM_GENERAL_A,UTA_AUDIO_MUTE_STATE_ON)
05-16 11:25:12.494 I/AUD     (  197): DSP_LOG_MMX AUDIO_DSP_CMD_VB_SET_GAIN_HW ffff ffff 0021 000c 0001 9000 0067 fa60 fa60 0005
05-16 11:25:12.494 D/dsplib  (  197): libdsp_write: CMD=33, TASK=3, TYPE=2, LEN=20, FLAG=1
05-16 11:25:12.494 I/dsplib  (  197): libdsp_write: writing to byte control: 28 bytes
05-16 11:25:12.504 D/RouteManager(  197): audio-parameter-manager:     } Applying configurations
05-16 11:25:12.504 D/RouteManager(  197): audio-parameter-manager: } Configuration application request
05-16 11:25:12.504 D/RouteManager(  197): 		-executeDisableRoutingStage-
05-16 11:25:12.504 D/RouteManager(  197): audio-parameter-manager: Selection criterion changed event: Criterion name: RoutageState, current state: Path
05-16 11:25:12.504 D/RouteManager(  197): audio-parameter-manager: Configuration application request {
05-16 11:25:12.504 D/RouteManager(  197): audio-parameter-manager:     Applying configurations {
05-16 11:25:12.504 D/RouteManager(  197): audio-parameter-manager:         Applying configuration "Disable" from domain "Routing.Enable.PCM.General.Input"
05-16 11:25:12.504 D/RouteManager(  197): audio-parameter-manager:         Applying configuration "Unbind" from domain "Routing.Enable.HwCodecIA.Playback.Internal.Mix"
05-16 11:25:12.504 D/RouteManager(  197): audio-parameter-manager:         Applying configuration "Disable" from domain "Routing.Enable.CodecWM8958.Playback.Internal.Speaker"
05-16 11:25:12.504 I/AUD     (  197): UtaAudioDisableSource(UTA_AUDIO_SOURCE_PCM_GENERAL_A)
05-16 11:25:12.504 I/AUD     (  197): DSP_LOG_SB AUDIO_DSP_CMD_SET_MDRP 0500 0079 0074 004c 0000 5a5a 5a5a 5a5a 5a5a 5a5a 5a5a 5a5a 5a5a 5a5a 5a5a 5a5a 5a5a 5a5a 5a5a 5a5a 5a5a 5a5a 5a5a 5a5a 5a5a 5a5a 5a5a 5a5a 5a5a 5a5a 5a5a 5a5a 5a5a 5a5a 5a5a 5a5a 5a5a 5a5a 5a5a 5a5a 5a5a 5a5a
05-16 11:25:12.504 D/dsplib  (  197): libdsp_write: CMD=116, TASK=1, TYPE=2, LEN=84, FLAG=1
05-16 11:25:12.504 I/dsplib  (  197): libdsp_write: writing to byte control: 92 bytes
05-16 11:25:12.504 I/AUD     (  197): DSP_LOG_SB AUDIO_DSP_CMD_SBA_VB_SET_FIR 0500 0081 0080 008a 0000 0001 5a5a 5a5a 5a5a 5a5a 5a5a 5a5a 5a5a 5a5a 5a5a 5a5a 5a5a 5a5a 5a5a 5a5a 5a5a 5a5a 5a5a 5a5a 5a5a 5a5a 5a5a 5a5a 5a5a 5a5a 5a5a 5a5a 5a5a 5a5a 5a5a 5a5a 5a5a 5a5a 5a5a 5a5a 5a5a 5a5a 5a5a 5a5a 5a5a 5a5a 5a5a 5a5a 5a5a 5a5a 5a5a 5a5a 5a5a 5a5a 5a5a 5a5a 5a5a 5a5a 5a5a 5a5a 5a5a 5a5a 5a5a 5a5a 5a5a 5a5a 5a5a 5a5a 5a5a 5a5a 5a5a 5a5a 5a5a
05-16 11:25:12.504 D/dsplib  (  197): libdsp_write: CMD=128, TASK=1, TYPE=2, LEN=146, FLAG=1
05-16 11:25:12.504 I/dsplib  (  197): libdsp_write: writing to byte control: 154 bytes
05-16 11:25:12.504 I/AUD     (  197): DSP_LOG_SB AUDIO_DSP_CMD_SBA_VB_LPRO 0400 006d 007e 00c0 0000 0000 5a5a 5a5a 5a5a 5a5a 5a5a 5a5a 5a5a 5a5a 5a5a 5a5a 5a5a 5a5a 5a5a 5a5a 5a5a 5a5a 5a5a 5a5a 5a5a 5a5a 5a5a 5a5a 5a5a 5a5a 5a5a 5a5a 5a5a 5a5a 5a5a 5a5a 5a5a 5a5a 5a5a 5a5a 5a5a 5a5a 5a5a 5a5a 5a5a 5a5a 5a5a 5a5a 5a5a 5a5a 5a5a 5a5a 5a5a 5a5a 5a5a 5a5a 5a5a 5a5a 5a5a 5a5a 5a5a 5a5a 5a5a 5a5a 5a5a 5a5a 5a5a 5a5a 5a5a 5a5a 5a5a 5a5a 5a5a 5a5a 5a5a 5a5a 5a5a 5a5a 5a5a 5a5a 5a5a 5a5a 5a5a 5a5a 5a5a 5a5a 5a5a 5a5a 5a5a 5a5a 5a5a 5a5a 5a5a 5a5a 5a5a 5a5a 5a5a 5a5a 5a5a 5a5a
05-16 11:25:12.504 D/dsplib  (  197): libdsp_write: CMD=126, TASK=1, TYPE=2, LEN=200, FLAG=1
05-16 11:25:12.504 I/dsplib  (  197): libdsp_write: writing to byte control: 208 bytes
05-16 11:25:12.504 I/AUD     (  197): DSP_LOG_MMX AUDIO_DSP_CMD_SET_SWM ffff ffff 0072 0008 12ff ffff 0000 0000
05-16 11:25:12.504 D/dsplib  (  197): libdsp_write: CMD=114, TASK=3, TYPE=1, LEN=16, FLAG=1
05-16 11:25:12.504 I/dsplib  (  197): libdsp_write: writing to byte control: 24 bytes
05-16 11:25:12.504 D/dsplib  (  197): mixer_set_swm: outpath_id[18] -> OFF
05-16 11:25:12.504 I/dsplib  (  197): dsp_get_mixers_xpath: mixers attribute path is: /dsplibconfig/commands[@task_id='3']/command[@num='114']/mixers[@id='18']
05-16 11:25:12.504 D/dsplib  (  197): mixer_set_swm: mixer control name: Mix Media0 Switch Switch
05-16 11:25:12.504 I/AUD     (  197): DSP_LOG_SB AUDIO_DSP_CMD_SET_SWM ffff ffff 0072 0008 02ff ffff 0000 0000
05-16 11:25:12.504 D/dsplib  (  197): libdsp_write: CMD=114, TASK=1, TYPE=1, LEN=16, FLAG=1
05-16 11:25:12.504 I/dsplib  (  197): libdsp_write: writing to byte control: 24 bytes
05-16 11:25:12.514 D/dsplib  (  197): mixer_set_swm: outpath_id[2] -> OFF
05-16 11:25:12.514 I/dsplib  (  197): dsp_get_mixers_xpath: mixers attribute path is: /dsplibconfig/commands[@task_id='1']/command[@num='114']/mixers[@id='2']
05-16 11:25:12.514 D/dsplib  (  197): mixer_set_swm: mixer control name: Mix Codec0 Switch Switch
05-16 11:25:12.514 I/AUD     (  197): DSP_LOG_SB AUDIO_DSP_CMD_SET_SWM ffff ffff 0072 0008 04ff ffff 0000 0000
05-16 11:25:12.514 D/dsplib  (  197): libdsp_write: CMD=114, TASK=1, TYPE=1, LEN=16, FLAG=1
05-16 11:25:12.514 I/dsplib  (  197): libdsp_write: writing to byte control: 24 bytes
05-16 11:25:12.514 D/dsplib  (  197): mixer_set_swm: outpath_id[4] -> OFF
05-16 11:25:12.514 I/dsplib  (  197): dsp_get_mixers_xpath: mixers attribute path is: /dsplibconfig/commands[@task_id='1']/command[@num='114']/mixers[@id='4']
05-16 11:25:12.514 D/dsplib  (  197): mixer_set_swm: mixer control name: Mix Sprot L0 Switch Switch
05-16 11:25:12.514 I/AUD     (  197): DSP_LOG_SB AUDIO_DSP_CMD_SET_SWM ffff ffff 0072 0008 05ff ffff 0000 0000
05-16 11:25:12.514 D/dsplib  (  197): libdsp_write: CMD=114, TASK=1, TYPE=1, LEN=16, FLAG=1
05-16 11:25:12.514 I/dsplib  (  197): libdsp_write: writing to byte control: 24 bytes
05-16 11:25:12.514 D/dsplib  (  197): mixer_set_swm: outpath_id[5] -> OFF
05-16 11:25:12.514 I/dsplib  (  197): dsp_get_mixers_xpath: mixers attribute path is: /dsplibconfig/commands[@task_id='1']/command[@num='114']/mixers[@id='5']
05-16 11:25:12.514 D/dsplib  (  197): mixer_set_swm: mixer control name: Mix Media L1 Switch Switch
05-16 11:25:12.514 I/AUD     (  197): DSP_LOG_SB AUDIO_DSP_CMD_VB_HW_SET_SSP ffff ffff 0075 0012 0003 0000 0918 ff0f ff0f 0003 0101 0001 0000
05-16 11:25:12.514 D/dsplib  (  197): libdsp_write: CMD=117, TASK=1, TYPE=1, LEN=26, FLAG=1
05-16 11:25:12.514 I/dsplib  (  197): libdsp_write: writing to byte control: 34 bytes
05-16 11:25:12.514 D/dsplib  (  197): mixer_hw_set_ssp: SSP[3] -> OFF
05-16 11:25:12.514 I/dsplib  (  197): dsp_get_mixers_xpath: mixers attribute path is: /dsplibconfig/commands[@task_id='1']/command[@num='117']/mixers[@id='3']
05-16 11:25:12.514 I/dsplib  (  197): set_ssp_mixer: mixer control path is: /dsplibconfig/commands[@task_id='1']/command[@num='117']/mixers[@id='3']/mixer[@id='259']
05-16 11:25:12.514 D/dsplib  (  197): set_ssp_mixer: mixer control name: Out Codec0 Switch Switch
05-16 11:25:12.514 I/dsplib  (  197): set_ssp_mixer: mixer control path is: /dsplibconfig/commands[@task_id='1']/command[@num='117']/mixers[@id='3']/mixer[@id='3']
05-16 11:25:12.514 D/dsplib  (  197): set_ssp_mixer: mixer control name: In Codec0 Switch Switch
05-16 11:25:12.514 I/dsplib  (  197): set_ssp_mixer: mixer control path is: /dsplibconfig/commands[@task_id='1']/command[@num='117']/mixers[@id='3']/mixer[@id='275']
05-16 11:25:12.514 D/dsplib  (  197): set_ssp_mixer: mixer control name: Out Codec1 Switch Switch
05-16 11:25:12.514 I/dsplib  (  197): set_ssp_mixer: mixer control path is: /dsplibconfig/commands[@task_id='1']/command[@num='117']/mixers[@id='3']/mixer[@id='19']
05-16 11:25:12.524 D/dsplib  (  197): set_ssp_mixer: mixer control name: In Codec1 Switch Switch
05-16 11:25:12.524 I/AUD     (  197): DSP_LOG_SB AUDIO_DSP_CMD_VB_SET_MEDIA_LOOP_MAP 0500 ffff 0076 0006 0000 5a5a 5a5a
05-16 11:25:12.524 D/dsplib  (  197): libdsp_write: CMD=118, TASK=1, TYPE=1, LEN=14, FLAG=1
05-16 11:25:12.524 I/dsplib  (  197): libdsp_write: writing to byte control: 22 bytes
05-16 11:25:12.524 I/AUD     (  197): DSP_LOG_SB AUDIO_DSP_CMD_VB_SET_MEDIA_LOOP_MAP 0400 ffff 0076 0006 0000 5a5a 5a5a
05-16 11:25:12.524 D/dsplib  (  197): libdsp_write: CMD=118, TASK=1, TYPE=1, LEN=14, FLAG=1
05-16 11:25:12.524 I/dsplib  (  197): libdsp_write: writing to byte control: 22 bytes
05-16 11:25:12.524 I/AUD     (  197): DSP_LOG_MMX AUDIO_DSP_CMD_SET_MEDIA_PATH 12ff ffff 0077 0002 0000
05-16 11:25:12.524 D/dsplib  (  197): libdsp_write: CMD=119, TASK=3, TYPE=1, LEN=10, FLAG=1
05-16 11:25:12.524 I/dsplib  (  197): libdsp_write: writing to byte control: 18 bytes
05-16 11:25:12.524 I/dsplib  (  197): dsp_get_mixers_xpath: mixers attribute path is: /dsplibconfig/commands[@task_id='3']/command[@num='119']/mixers[@id='18']
05-16 11:25:12.524 D/dsplib  (  197): mixer_set_path: mixer control name: Out Media0 Switch Switch
05-16 11:25:12.524 I/AUD     (  197): DSP_LOG_SB AUDIO_DSP_CMD_SET_MEDIA_PATH 8dff ffff 0077 0002 0000
05-16 11:25:12.524 D/dsplib  (  197): libdsp_write: CMD=119, TASK=1, TYPE=1, LEN=10, FLAG=1
05-16 11:25:12.524 I/dsplib  (  197): libdsp_write: writing to byte control: 18 bytes
05-16 11:25:12.524 I/dsplib  (  197): dsp_get_mixers_xpath: mixers attribute path is: /dsplibconfig/commands[@task_id='1']/command[@num='119']/mixers[@id='141']
05-16 11:25:12.524 D/dsplib  (  197): mixer_set_path: mixer control name: In PCM0 Switch Switch
05-16 11:25:12.524 I/AUD     (  197): DSP_LOG_SB AUDIO_DSP_CMD_IDLE ffff ffff 000e 0000
05-16 11:25:12.524 D/dsplib  (  197): libdsp_write: CMD=14, TASK=1, TYPE=1, LEN=8, FLAG=1
05-16 11:25:12.524 I/dsplib  (  197): libdsp_write: writing to byte control: 16 bytes
05-16 11:25:12.524 I/AUD     (  197): Idle cmd sent --> powering OFF LPE
05-16 11:25:12.524 D/dsplib  (  197): libdsp_power_control: Powering OFF the LPE
05-16 11:25:12.524 I/AUD     (  197): lpe_power_control() executed - bool pwr_on = 0
05-16 11:25:12.524 I/AUD     (  197): UtaAudioSetDestinationsForSource(UTA_AUDIO_SOURCE_PCM_GENERAL_A)
05-16 11:25:12.534 D/RouteManager(  197): audio-parameter-manager:     } Applying configurations
05-16 11:25:12.534 D/RouteManager(  197): audio-parameter-manager: } Configuration application request
05-16 11:25:12.534 D/TinyAlsaAudioDevice(  197): close
05-16 11:25:12.534 D/RouteManager(  197): 		-executeConfigureRoutingStage-
05-16 11:25:12.534 D/RouteManager(  197): audio-parameter-manager: Selection criterion changed event: Criterion name: RoutageState, current state: Configure
05-16 11:25:12.534 D/RouteManager(  197): audio-parameter-manager: Selection criterion changed event: Criterion name: ClosingPlaybackRoutes, current state: <none>
05-16 11:25:12.534 D/RouteManager(  197): audio-parameter-manager: Selection criterion changed event: Criterion name: OutputFlags, current state: <none>
05-16 11:25:12.534 D/RouteManager(  197): audio-parameter-manager: Configuration application request {
05-16 11:25:12.534 D/RouteManager(  197): audio-parameter-manager:     Applying configurations {
05-16 11:25:12.534 D/RouteManager(  197): audio-parameter-manager:         Applying configuration "Disable" from domain "Routing.Configure.CodecWM8958.Playback"
05-16 11:25:12.534 D/RouteManager(  197): audio-parameter-manager:         Applying configuration "Unbind" from domain "Routing.Configure.CodecWM8958.AIF.Playback.Internal"
05-16 11:25:12.554 D/RouteManager(  197): audio-parameter-manager:     } Applying configurations
05-16 11:25:12.554 D/RouteManager(  197): audio-parameter-manager: } Configuration application request
05-16 11:25:12.554 D/RouteManager(  197): 		-executeEnableRoutingStage-
05-16 11:25:12.554 D/RouteManager(  197): audio-parameter-manager: Selection criterion changed event: Criterion name: RoutageState, current state: Path|Configure
05-16 11:25:12.554 D/RouteManager(  197): audio-parameter-manager: Configuration application request {
05-16 11:25:12.554 D/RouteManager(  197): audio-parameter-manager:     Applying configurations {
05-16 11:25:12.554 D/RouteManager(  197): audio-parameter-manager:     } Applying configurations
05-16 11:25:12.554 D/RouteManager(  197): audio-parameter-manager: } Configuration application request
05-16 11:25:12.554 D/RouteManager(  197): 		-executeUnmuteRoutingStage
05-16 11:25:12.554 D/RouteManager(  197): audio-parameter-manager: Selection criterion changed event: Criterion name: RoutageState, current state: Flow|Path|Configure
05-16 11:25:12.554 D/RouteManager(  197): audio-parameter-manager: Configuration application request {
05-16 11:25:12.554 D/RouteManager(  197): audio-parameter-manager:     Applying configurations {
05-16 11:25:12.564 D/RouteManager(  197): audio-parameter-manager:     } Applying configurations
05-16 11:25:12.564 D/RouteManager(  197): audio-parameter-manager: } Configuration application request
05-16 11:25:12.564 D/RouteManager(  197): doReconsiderRouting: DONE
05-16 11:25:12.564 D/EVENT_THREAD(  197): void CEventThread::run() Do poll with timeout: -1
05-16 11:25:12.564 I/WAKELOCK_RELEASE(  571): TIMESTAMP=70807284398339, TAG=AudioMix, TYPE=PARTIAL_WAKE_LOCK             , COUNT=0, PID=197, UID=1013, FLAGS=
05-16 11:25:12.574 I/WAKELOCK_RELEASE(  571): TIMESTAMP=70807300946416, TAG=WindowManager, TYPE=SCREEN_BRIGHT_WAKE_LOCK       , COUNT=0, PID=571, UID=1000, FLAGS= ON_AFTER_RELEASE
05-16 11:25:14.334 D/CRASHLOG(  224): receive_inotify_events: Can't handle the event "drop653.tmp", no valid entry found, drop it...
05-16 11:25:14.334 D/CRASHLOG(  224): receive_inotify_events: Can't handle the event "drop653.tmp", no valid entry found, drop it...
05-16 11:25:14.334 D/CRASHLOG(  224): receive_inotify_events: Can't handle the event "system_app_strictmode@1400210714336.txt", no valid entry found, drop it...
05-16 11:25:14.334 I/SecurityManagerService(  704): SMS received security event: com.intel.asf.InterprocessSecurityEvent@2e970a90
05-16 11:25:14.334 D/AsfAosp (  571): No ASF clients are connected
05-16 11:25:15.044 I/WifiHW  (  571): CMD: IFNAME=wlan0 SIGNAL_POLL
05-16 11:25:15.054 D/wpa_supplicant(  649): nl80211: survey data missing!
05-16 11:25:15.054 I/wpa_supplicant(  649): nl80211: send_and_recv->nl_recvmsgs failed: 20
05-16 11:25:15.054 I/WifiHW  (  571): REPLY: RSSI=-64
05-16 11:25:15.054 I/WifiHW  (  571): REPLY: LINKSPEED=24
05-16 11:25:15.054 I/WifiHW  (  571): REPLY: NOISE=9999
05-16 11:25:15.054 I/WifiHW  (  571): REPLY: FREQUENCY=2472
05-16 11:25:16.824 D/Vibrator(  571): switchOff : Turn OFF vibrator request
05-16 11:25:16.824 D/EVENT_THREAD(  571): void CEventThread::cancelAlarm()
05-16 11:25:16.824 D/EVENT_THREAD(  571): void CEventThread::run() Do poll with timeout: -1
05-16 11:25:16.824 D/Vibrator(  571): switchOn : Turn ON vibrator for 10 ms request
05-16 11:25:16.824 I/WAKELOCK_ACQUIRE(  571): TIMESTAMP=70811546405502, TAG=*vibrator*, TYPE=PARTIAL_WAKE_LOCK             , COUNT=0, PID=571, UID=1000, FLAGS=
05-16 11:25:16.824 I/NotificationService(  571): cancelToast pkg=com.intel.android.gallery3d callback=android.app.ITransientNotification$Stub$Proxy@2e8db5b0
05-16 11:25:16.824 W/NotificationService(  571): Toast already cancelled. pkg=com.intel.android.gallery3d callback=android.app.ITransientNotification$Stub$Proxy@2e8db5b0
05-16 11:25:16.834 D/EVENT_THREAD(  571): void CEventThread::startAlarm(uint32_t) 10ms
05-16 11:25:16.834 D/EVENT_THREAD(  571): void CEventThread::run() Do poll with timeout: 10
05-16 11:25:16.844 D/EVENT_THREAD(  571): void CEventThread::cancelAlarm()
05-16 11:25:16.844 D/EVENT_THREAD(  571): void CEventThread::run() Do poll with timeout: -1
05-16 11:25:16.864 D/Vibrator(  571): switchOn : Turn ON vibrator for 30 ms request
05-16 11:25:16.864 D/EVENT_THREAD(  571): void CEventThread::startAlarm(uint32_t) 30ms
05-16 11:25:16.864 D/EVENT_THREAD(  571): void CEventThread::run() Do poll with timeout: 30
05-16 11:25:16.884 V/StateManager(16024): [StateManager :: finishState] finishState class com.intel.android.gallery3d.app.AlbumSetPage
05-16 11:25:16.884 I/AudioPolicyManagerBase(  197): APM: getOutput
05-16 11:25:16.884 I/AlbumSetPage(16024): [AlbumSetPage :: onPause] onPause
05-16 11:25:16.884 I/AudioPolicyManagerBase(  197): APM: getOutput
05-16 11:25:16.884 I/AudioPolicyManagerBase(  197): APM: getOutput
05-16 11:25:16.884 W/AudioTrack(  571): AUDIO_OUTPUT_FLAG_FAST denied by client
05-16 11:25:16.894 D/TAG     (16024): [GalleryUtils :: setSpinnerVisibility] Set Spinner visibility false
05-16 11:25:16.894 I/AlbumSetPage(16024): [AlbumSetPage :: onDestroy] onDestroy
05-16 11:25:16.894 V/StateManager(16024): [StateManager :: finishState] no more state, finish activity
05-16 11:25:16.894 I/SecurityManagerService(  704): SMS received security event: [DEVICE_ACCESS/SCREEN_CAPTURE/system_server/null]
05-16 11:25:16.894 D/EVENT_THREAD(  571): void CEventThread::cancelAlarm()
05-16 11:25:16.894 D/EVENT_THREAD(  571): void CEventThread::run() Do poll with timeout: -1
05-16 11:25:16.894 D/AudioPolicyManagerALSA(  197): startOutput() output 2, stream type 1, session 259
05-16 11:25:16.894 D/AudioIntelHAL(  197): setStreamParameters: key value pair routing=2
05-16 11:25:16.894 I/WAKELOCK_RELEASE(  571): TIMESTAMP=70811614011294, TAG=*vibrator*, TYPE=PARTIAL_WAKE_LOCK             , COUNT=0, PID=571, UID=1000, FLAGS=
05-16 11:25:16.894 I/WAKELOCK_ACQUIRE(  571): TIMESTAMP=70811622328421, TAG=AudioMix, TYPE=PARTIAL_WAKE_LOCK             , COUNT=0, PID=197, UID=1013, FLAGS=
05-16 11:25:16.914 D/AudioResamplerIA(  197): Create AudioResamplerIA Resampler: Input rate 44100, output rate 48000
05-16 11:25:16.914 D/PROPERTY(  197): get media.dump_output.befconv: 0
05-16 11:25:16.914 D/PROPERTY(  197): get media.dump_output.aftconv: 0
05-16 11:25:16.914 D/AudioIntelHAL(  197): startStream: output stream
05-16 11:25:16.914 D/AudioIntelHAL/AudioPlatformState(  197): route-parameter-manager: Selection criterion changed event: Criterion name: OutputFlags, current state: Primary
05-16 11:25:16.914 D/AudioIntelHAL/AudioPlatformState(  197): route-parameter-manager: Configuration application request {
05-16 11:25:16.914 D/AudioIntelHAL/AudioPlatformState(  197): route-parameter-manager:     Applying configurations {
05-16 11:25:16.914 D/AudioIntelHAL/AudioPlatformState(  197): route-parameter-manager:         Applying configuration "Applicable" from domain "StreamRoute.Media.Playback"
05-16 11:25:16.914 D/AudioIntelHAL/AudioPlatformState(  197): route-parameter-manager:         Applying configuration "Applicable" from domain "Route.HwCodec0IA.Playback"
05-16 11:25:16.914 D/AudioIntelHAL/AudioPlatformState(  197): route-parameter-manager:         Applying configuration "Selected" from domain "Parameter.Outputflags.Primary"
05-16 11:25:16.914 D/AudioIntelHAL/AudioPlatformState(  197): route-parameter-manager:     } Applying configurations
05-16 11:25:16.914 D/AudioIntelHAL/AudioPlatformState(  197): route-parameter-manager: } Configuration application request
05-16 11:25:16.914 D/EVENT_THREAD(  197): void CEventThread::trig(uint16_t): in
05-16 11:25:16.914 D/EVENT_THREAD(  197): void CEventThread::trig(uint16_t): out
05-16 11:25:16.914 D/RouteManager(  197): doReconsiderRouting: Route state:
05-16 11:25:16.914 D/RouteManager(  197): 	-Previously Enabled Route in Input = <none>
05-16 11:25:16.914 D/RouteManager(  197): 	-Previously Enabled Route in Output = <none>
05-16 11:25:16.914 D/RouteManager(  197): 	-Selected Route in Input = <none>
05-16 11:25:16.914 D/RouteManager(  197): 	-Selected Route in Output = Media|HwCodec0IA
05-16 11:25:16.914 D/RouteManager(  197): 		-executeMuteRoutingStage-
05-16 11:25:16.914 D/RouteManager(  197): audio-parameter-manager: Selection criterion changed event: Criterion name: RoutageState, current state: Flow
05-16 11:25:16.914 D/RouteManager(  197): audio-parameter-manager: Configuration application request {
05-16 11:25:16.914 D/RouteManager(  197): audio-parameter-manager:     Applying configurations {
05-16 11:25:16.914 D/RouteManager(  197): audio-parameter-manager:     } Applying configurations
05-16 11:25:16.914 D/RouteManager(  197): audio-parameter-manager: } Configuration application request
05-16 11:25:16.914 D/RouteManager(  197): 		-executeDisableRoutingStage-
05-16 11:25:16.914 D/RouteManager(  197): audio-parameter-manager: Selection criterion changed event: Criterion name: RoutageState, current state: Path
05-16 11:25:16.914 D/RouteManager(  197): audio-parameter-manager: Configuration application request {
05-16 11:25:16.914 D/RouteManager(  197): audio-parameter-manager:     Applying configurations {
05-16 11:25:16.914 D/RouteManager(  197): audio-parameter-manager:     } Applying configurations
05-16 11:25:16.914 D/RouteManager(  197): audio-parameter-manager: } Configuration application request
05-16 11:25:16.914 D/RouteManager(  197): 		-executeConfigureRoutingStage-
05-16 11:25:16.914 D/RouteManager(  197): audio-parameter-manager: Selection criterion changed event: Criterion name: RoutageState, current state: Configure
05-16 11:25:16.914 D/RouteManager(  197): audio-parameter-manager: Selection criterion changed event: Criterion name: OpenedPlaybackRoutes, current state: Media|HwCodec0IA
05-16 11:25:16.914 D/RouteManager(  197): audio-parameter-manager: Selection criterion changed event: Criterion name: OutputFlags, current state: AUDIO_OUTPUT_FLAG_PRIMARY
05-16 11:25:16.914 D/RouteManager(  197): audio-parameter-manager: Configuration application request {
05-16 11:25:16.914 D/RouteManager(  197): audio-parameter-manager:     Applying configurations {
05-16 11:25:16.914 D/RouteManager(  197): audio-parameter-manager:         Applying configuration "Enable" from domain "Routing.Configure.CodecWM8958.Playback"
05-16 11:25:16.914 D/RouteManager(  197): audio-parameter-manager:         Applying configuration "SpeakerEarpieceBind" from domain "Routing.Configure.CodecWM8958.AIF.Playback.Internal"
05-16 11:25:16.944 D/dalvikvm(  571): GC_FOR_ALLOC freed 1302K, 21% free 29430K/37228K, paused 39ms, total 39ms
05-16 11:25:16.944 I/WAKELOCK_ACQUIRE(  571): TIMESTAMP=70811669323494, TAG=ActivityManager-Launch, TYPE=PARTIAL_WAKE_LOCK             , COUNT=0, PID=571, UID=1000, FLAGS=
05-16 11:25:16.954 D/Gallery (16024): [Gallery :: onPause] called...
05-16 11:25:17.034 D/InputMethodManagerService(  571): --- calledFromForegroundUserOrSystemProcess ? calling uid = 10014 system uid = 1000 calling userId = 0, foreground user id = 0, calling pid = 918com.android.server.InputMethodManagerService.windowGainedFocus(InputMethodManagerService.java:1882)
05-16 11:25:17.034 V/InputMethodManagerService(  571): windowGainedFocus: android.os.BinderProxy@2ee00c60 controlFlags=#104 softInputMode=#20 windowFlags=#1910100
05-16 11:25:17.034 V/InputMethodManagerService(  571): Unspecified window will hide input
05-16 11:25:17.044 V/InputMethodManagerService(  571): unbindCurrentInputLocked: client = android.os.BinderProxy@2f512ad0
05-16 11:25:17.044 V/InputMethodManagerService(  571): Hide switching menu
05-16 11:25:17.044 V/InputMethodManagerService(  571): switching to client: client = android.os.BinderProxy@2ee00c60 keyguard=false
05-16 11:25:17.044 V/InputMethodManagerService(  571): Disabling: SessionState{uid 10085 pid 16024 method 2ed68bc0 session 2ef2f370 channel ClientState{2f0bbac0 uid 10085 pid 16024} (server)}
05-16 11:25:17.044 V/InputMethodManagerService(  571): Enabling: SessionState{uid 10014 pid 918 method 2ed68bc0 session 2edf3138 channel ClientState{2ee152b8 uid 10014 pid 918} (server)}
05-16 11:25:17.054 D/Vibrator(  571): switchOff : Turn OFF vibrator request
05-16 11:25:17.054 D/EVENT_THREAD(  571): void CEventThread::cancelAlarm()
05-16 11:25:17.054 D/EVENT_THREAD(  571): void CEventThread::run() Do poll with timeout: -1
05-16 11:25:17.054 D/Vibrator(  571): switchOn : Turn ON vibrator for 10 ms request
05-16 11:25:17.054 I/WAKELOCK_ACQUIRE(  571): TIMESTAMP=70811781601867, TAG=*vibrator*, TYPE=PARTIAL_WAKE_LOCK             , COUNT=0, PID=571, UID=1000, FLAGS=
05-16 11:25:17.064 D/EVENT_THREAD(  571): void CEventThread::startAlarm(uint32_t) 10ms
05-16 11:25:17.064 D/EVENT_THREAD(  571): void CEventThread::run() Do poll with timeout: 10
05-16 11:25:17.064 D/dalvikvm(  918): GC_FOR_ALLOC freed 3415K, 29% free 13725K/19136K, paused 8ms, total 8ms
05-16 11:25:17.074 D/EVENT_THREAD(  571): void CEventThread::cancelAlarm()
05-16 11:25:17.074 D/EVENT_THREAD(  571): void CEventThread::run() Do poll with timeout: -1
05-16 11:25:17.084 I/AudioPolicyManagerBase(  197): APM: getOutput
05-16 11:25:17.084 I/AudioPolicyManagerBase(  197): APM: getOutput
05-16 11:25:17.084 I/AudioPolicyManagerBase(  197): APM: getOutput
05-16 11:25:17.084 W/AudioTrack(  571): AUDIO_OUTPUT_FLAG_FAST denied by client
05-16 11:25:17.084 D/AudioPolicyManagerALSA(  197): startOutput() output 2, stream type 1, session 260
05-16 11:25:17.084 D/Vibrator(  571): switchOn : Turn ON vibrator for 30 ms request
05-16 11:25:17.094 D/RenderScript(  918): The debug.rs.dev.scripts property forces scripts on GPU
05-16 11:25:17.094 D/RenderScript(  918): The debug.rs.dev.intrinsics property forces intrinsics on GPU
05-16 11:25:17.094 V/RenderScript(  918): Application requested CPU execution
05-16 11:25:17.094 D/EVENT_THREAD(  571): void CEventThread::startAlarm(uint32_t) 30ms
05-16 11:25:17.094 D/EVENT_THREAD(  571): void CEventThread::run() Do poll with timeout: 30
05-16 11:25:17.094 V/RenderScript(  918): 0x7134b650 Launching thread(s), CPUs 2
05-16 11:25:17.094 D/RenderScript(  918): Load RS driver 'libRSDriver.so' successfully.
05-16 11:25:17.114 I/WAKELOCK_RELEASE(  571): TIMESTAMP=70811843353377, TAG=*vibrator*, TYPE=PARTIAL_WAKE_LOCK             , COUNT=0, PID=571, UID=1000, FLAGS=
05-16 11:25:17.124 D/EVENT_THREAD(  571): void CEventThread::cancelAlarm()
05-16 11:25:17.124 D/EVENT_THREAD(  571): void CEventThread::run() Do poll with timeout: -1
05-16 11:25:17.134 I/WAKELOCK_RELEASE(  571): TIMESTAMP=70811862973885, TAG=ActivityManager-Launch, TYPE=PARTIAL_WAKE_LOCK             , COUNT=0, PID=571, UID=1000, FLAGS=
05-16 11:25:17.204 D/RouteManager(  197): audio-parameter-manager:     } Applying configurations
05-16 11:25:17.204 D/RouteManager(  197): audio-parameter-manager: } Configuration application request
05-16 11:25:17.204 D/RouteManager(  197): 		-executeEnableRoutingStage-
05-16 11:25:17.204 D/RouteManager(  197): audio-parameter-manager: Selection criterion changed event: Criterion name: RoutageState, current state: Path|Configure
05-16 11:25:17.204 D/TinyAlsaAudioDevice(  197): open card (wm8958audio,0) with config (rate(48000), format(0), channels(2))
05-16 11:25:17.204 D/TinyAlsaAudioDevice(  197): open	 RingBuffer config: periodSize=1152, nbPeriod=4 startTh=1151, stop Th=4608 silence Th=0
05-16 11:25:17.214 D/Vibrator(  571): switchOff : Turn OFF vibrator request
05-16 11:25:17.214 D/EVENT_THREAD(  571): void CEventThread::cancelAlarm()
05-16 11:25:17.214 D/EVENT_THREAD(  571): void CEventThread::run() Do poll with timeout: -1
05-16 11:25:17.214 I/WAKELOCK_ACQUIRE(  571): TIMESTAMP=70811940781248, TAG=*vibrator*, TYPE=PARTIAL_WAKE_LOCK             , COUNT=0, PID=571, UID=1000, FLAGS=
05-16 11:25:17.224 D/Vibrator(  571): switchOn : Turn ON vibrator for 10 ms request
05-16 11:25:17.224 D/EVENT_THREAD(  571): void CEventThread::startAlarm(uint32_t) 10ms
05-16 11:25:17.224 D/EVENT_THREAD(  571): void CEventThread::run() Do poll with timeout: 10
05-16 11:25:17.224 D/RouteManager(  197): audio-parameter-manager: Configuration application request {
05-16 11:25:17.224 D/RouteManager(  197): audio-parameter-manager:     Applying configurations {
05-16 11:25:17.224 D/RouteManager(  197): audio-parameter-manager:         Applying configuration "Enable" from domain "Routing.Enable.PCM.General.Input"
05-16 11:25:17.224 D/RouteManager(  197): audio-parameter-manager:         Applying configuration "Bind" from domain "Routing.Enable.HwCodecIA.Playback.Internal.Mix"
05-16 11:25:17.224 D/RouteManager(  197): audio-parameter-manager:         Applying configuration "SpeakerEnable" from domain "Routing.Enable.CodecWM8958.Playback.Internal.Speaker"
05-16 11:25:17.224 I/AUD     (  197): UtaAudioEnableSource(UTA_AUDIO_SOURCE_PCM_GENERAL_A)
05-16 11:25:17.224 D/dsplib  (  197): libdsp_power_control: Powering ON the LPE
05-16 11:25:17.224 I/AUD     (  197): lpe_power_control() executed - bool pwr_on = 1
05-16 11:25:17.224 I/AUD     (  197): DSP_LOG_SB AUDIO_DSP_CMD_VB_START ffff ffff 0055 0000
05-16 11:25:17.224 D/dsplib  (  197): libdsp_write: CMD=85, TASK=1, TYPE=1, LEN=8, FLAG=1
05-16 11:25:17.224 I/dsplib  (  197): libdsp_write: writing to byte control: 16 bytes
05-16 11:25:17.224 I/AUD     (  197): UtaAudioSetDestinationsForSource(UTA_AUDIO_SOURCE_PCM_GENERAL_A)
05-16 11:25:17.224 I/AUD     (  197): Connected destination: UTA_AUDIO_DESTINATION_SSP_D
05-16 11:25:17.234 I/AUD     (  197): DSP_LOG_SB AUDIO_DSP_CMD_VB_HW_SET_SSP ffff ffff 0075 0012 0003 0003 0918 ff0f ff0f 0003 0101 0001 0000
05-16 11:25:17.234 D/dsplib  (  197): libdsp_write: CMD=117, TASK=1, TYPE=1, LEN=26, FLAG=1
05-16 11:25:17.234 I/dsplib  (  197): libdsp_write: writing to byte control: 34 bytes
05-16 11:25:17.234 D/RouteManager(  197): audio-parameter-manager:     } Applying configurations
05-16 11:25:17.234 D/RouteManager(  197): audio-parameter-manager: } Configuration application request
05-16 11:25:17.234 D/AudioConversion(  197): configure: no convertion required
05-16 11:25:17.234 D/RouteManager(  197): 		-executeUnmuteRoutingStage
05-16 11:25:17.234 D/RouteManager(  197): audio-parameter-manager: Selection criterion changed event: Criterion name: RoutageState, current state: Flow|Path|Configure
05-16 11:25:17.234 D/RouteManager(  197): audio-parameter-manager: Configuration application request {
05-16 11:25:17.234 D/RouteManager(  197): audio-parameter-manager:     Applying configurations {
05-16 11:25:17.234 D/RouteManager(  197): audio-parameter-manager:         Applying configuration "Unmute" from domain "Routing.Mute.PCM.Playback"
05-16 11:25:17.234 D/RouteManager(  197): audio-parameter-manager:         Applying configuration "Unmute" from domain "Routing.Mute.HwCodec.Playback.Internal"
05-16 11:25:17.234 D/RouteManager(  197): audio-parameter-manager:         Applying configuration "Unmute" from domain "Routing.Mute.CodecWM8958.Playback.Internal.IHF"
05-16 11:25:17.234 I/AUD     (  197): UtaAudioSetMuteForDestination(UTA_AUDIO_DESTINATION_SSP_D,UTA_AUDIO_MUTE_STATE_OFF)
05-16 11:25:17.234 D/dsplib  (  197): mixer_hw_set_ssp: SSP[3] -> ON
05-16 11:25:17.234 I/dsplib  (  197): dsp_get_mixers_xpath: mixers attribute path is: /dsplibconfig/commands[@task_id='1']/command[@num='117']/mixers[@id='3']
05-16 11:25:17.234 I/dsplib  (  197): set_ssp_mixer: mixer control path is: /dsplibconfig/commands[@task_id='1']/command[@num='117']/mixers[@id='3']/mixer[@id='259']
05-16 11:25:17.234 D/dsplib  (  197): set_ssp_mixer: mixer control name: Out Codec0 Switch Switch
05-16 11:25:17.234 I/dsplib  (  197): set_ssp_mixer: mixer control path is: /dsplibconfig/commands[@task_id='1']/command[@num='117']/mixers[@id='3']/mixer[@id='3']
05-16 11:25:17.234 D/dsplib  (  197): set_ssp_mixer: mixer control name: In Codec0 Switch Switch
05-16 11:25:17.234 I/dsplib  (  197): set_ssp_mixer: mixer control path is: /dsplibconfig/commands[@task_id='1']/command[@num='117']/mixers[@id='3']/mixer[@id='275']
05-16 11:25:17.234 D/dsplib  (  197): set_ssp_mixer: mixer control name: Out Codec1 Switch Switch
05-16 11:25:17.234 I/dsplib  (  197): set_ssp_mixer: mixer control path is: /dsplibconfig/commands[@task_id='1']/command[@num='117']/mixers[@id='3']/mixer[@id='19']
05-16 11:25:17.234 D/dsplib  (  197): set_ssp_mixer: mixer control name: In Codec1 Switch Switch
05-16 11:25:17.234 I/AUD     (  197): DSP_LOG_SB AUDIO_DSP_CMD_VB_SET_MEDIA_LOOP_MAP 0500 ffff 0076 0006 0003 0900 ffff
05-16 11:25:17.234 D/dsplib  (  197): libdsp_write: CMD=118, TASK=1, TYPE=1, LEN=14, FLAG=1
05-16 11:25:17.234 I/dsplib  (  197): libdsp_write: writing to byte control: 22 bytes
05-16 11:25:17.234 D/EVENT_THREAD(  571): void CEventThread::cancelAlarm()
05-16 11:25:17.234 I/AUD     (  197): DSP_LOG_SB AUDIO_DSP_CMD_VB_SET_MEDIA_LOOP_MAP 0400 ffff 0076 0006 0003 6900 ffff
05-16 11:25:17.234 D/dsplib  (  197): libdsp_write: CMD=118, TASK=1, TYPE=1, LEN=14, FLAG=1
05-16 11:25:17.234 I/dsplib  (  197): libdsp_write: writing to byte control: 22 bytes
05-16 11:25:17.234 D/EVENT_THREAD(  571): void CEventThread::run() Do poll with timeout: -1
05-16 11:25:17.234 I/AUD     (  197): DSP_LOG_MMX AUDIO_DSP_CMD_SET_MEDIA_PATH 12ff ffff 0077 0002 0001
05-16 11:25:17.234 D/dsplib  (  197): libdsp_write: CMD=119, TASK=3, TYPE=1, LEN=10, FLAG=1
05-16 11:25:17.234 I/dsplib  (  197): libdsp_write: writing to byte control: 18 bytes
05-16 11:25:17.234 I/dsplib  (  197): dsp_get_mixers_xpath: mixers attribute path is: /dsplibconfig/commands[@task_id='3']/command[@num='119']/mixers[@id='18']
05-16 11:25:17.234 D/dsplib  (  197): mixer_set_path: mixer control name: Out Media0 Switch Switch
