05-16 11:27:54.994 I/wpa_supplicant(  649): nl80211: send_and_recv->nl_recvmsgs failed: 20
05-16 11:27:54.994 I/WifiHW  (  571): REPLY: RSSI=-63
05-16 11:27:54.994 I/WifiHW  (  571): REPLY: LINKSPEED=36
05-16 11:27:54.994 I/WifiHW  (  571): REPLY: NOISE=9999
05-16 11:27:54.994 I/WifiHW  (  571): REPLY: FREQUENCY=2472
05-16 11:27:57.244 D/wpa_supplicant(  649): wlan0: BSS: Remove id 5151 BSSID fc:75:16:99:29:8e SSID 'himitsu' due to wpa_bss_flush_by_age
05-16 11:27:57.244 D/wpa_supplicant(  649): wlan0: BSS: Remove id 5152 BSSID 00:1f:45:f2:f0:8a SSID 'BORQS Test' due to wpa_bss_flush_by_age
05-16 11:27:57.244 I/WifiHW  (  571): EVENT: IFNAME=wlan0 CTRL-EVENT-BSS-REMOVED 5151 fc:75:16:99:29:8e
05-16 11:27:57.244 D/wpa_supplicant(  649): wlan0: BSS: Remove id 5153 BSSID 3c:e5:a6:2a:37:90 SSID 'S-space' due to wpa_bss_flush_by_age
05-16 11:27:57.244 D/wpa_supplicant(  649): wlan0: BSS: Remove id 5154 BSSID 58:6d:8f:85:cf:56 SSID 'PnP-Server' due to wpa_bss_flush_by_age
05-16 11:27:57.244 D/wpa_supplicant(  649): wlan0: BSS: Remove id 5155 BSSID 5c:33:8e:06:fb:51 SSID 'CTS-01' due to wpa_bss_flush_by_age
05-16 11:27:57.244 D/wpa_supplicant(  649): wlan0: BSS: Remove id 5156 BSSID 3c:e5:a6:2a:37:d0 SSID 'RD-office' due to wpa_bss_flush_by_age
05-16 11:27:57.244 I/WifiHW  (  571): EVENT: IFNAME=wlan0 CTRL-EVENT-BSS-REMOVED 5152 00:1f:45:f2:f0:8a
05-16 11:27:57.244 D/wpa_supplicant(  649): wlan0: BSS: Remove id 5157 BSSID 00:36:76:32:af:f5 SSID '360WiFi-AFF5' due to wpa_bss_flush_by_age
05-16 11:27:57.244 D/wpa_supplicant(  649): wlan0: BSS: Remove id 5158 BSSID 20:b3:99:1d:66:2b SSID 'BORQS Wifi' due to wpa_bss_flush_by_age
05-16 11:27:57.244 D/wpa_supplicant(  649): wlan0: BSS: Remove id 5159 BSSID e0:46:9a:6a:e5:a2 SSID 'test-zzy' due to wpa_bss_flush_by_age
05-16 11:27:57.244 D/wpa_supplicant(  649): wlan0: BSS: Remove id 5160 BSSID 00:36:76:0f:9e:2d SSID '360WiFi-9E2D' due to wpa_bss_flush_by_age
05-16 11:27:57.244 D/wpa_supplicant(  649): wlan0: BSS: Remove id 5161 BSSID c4:ca:d9:8b:be:60 SSID 'RD-office' due to wpa_bss_flush_by_age
05-16 11:27:57.244 D/wpa_supplicant(  649): wlan0: BSS: Remove id 5162 BSSID 00:1d:7e:19:41:3d SSID 'linksys1' due to wpa_bss_flush_by_age
05-16 11:27:57.244 D/wpa_supplicant(  649): wlan0: BSS: Remove id 5163 BSSID 00:36:76:0f:b9:7d SSID 'ZSB97D' due to wpa_bss_flush_by_age
05-16 11:27:57.244 D/wpa_supplicant(  649): wlan0: BSS: Remove id 5164 BSSID 40:16:9f:74:a2:7e SSID '' due to wpa_bss_flush_by_age
05-16 11:27:57.244 D/wpa_supplicant(  649): wlan0: BSS: Remove id 5165 BSSID 3c:e5:a6:2a:27:e0 SSID 'RD-office' due to wpa_bss_flush_by_age
05-16 11:27:57.244 D/wpa_supplicant(  649): wlan0: BSS: Remove id 5166 BSSID c8:3a:35:0e:ad:68 SSID 'Tenda_0EAD68' due to wpa_bss_flush_by_age
05-16 11:27:57.244 D/wpa_supplicant(  649): wlan0: BSS: Remove id 5167 BSSID 00:22:6b:a6:e5:1d SSID 'BorqsOSS' due to wpa_bss_flush_by_age
05-16 11:27:57.244 D/wpa_supplicant(  649): wlan0: BSS: Remove id 5168 BSSID 3c:e5:a6:2a:44:a0 SSID 'RD-office' due to wpa_bss_flush_by_age
05-16 11:27:57.244 D/wpa_supplicant(  649): wlan0: BSS: Remove id 5169 BSSID 00:1a:e8:14:4b:db SSID 'BORQS Wifi' due to wpa_bss_flush_by_age
05-16 11:27:57.244 D/wpa_supplicant(  649): wlan0: BSS: Remove id 5170 BSSID c4:ca:d9:8b:be:d0 SSID 'RD-office' due to wpa_bss_flush_by_age
05-16 11:27:57.244 I/WifiHW  (  571): EVENT: IFNAME=wlan0 CTRL-EVENT-BSS-REMOVED 5153 3c:e5:a6:2a:37:90
05-16 11:27:57.244 D/wpa_supplicant(  649): wlan0: BSS: Remove id 5171 BSSID c4:ca:d9:8b:b6:20 SSID 'RD-office' due to wpa_bss_flush_by_age
05-16 11:27:57.254 D/wpa_supplicant(  649): wlan0: BSS: Remove id 5172 BSSID 00:27:19:61:f5:32 SSID 'mm-near' due to wpa_bss_flush_by_age
05-16 11:27:57.254 D/wpa_supplicant(  649): wlan0: BSS: Remove id 5173 BSSID 00:1f:45:f2:f0:89 SSID 'BORQS Guest' due to wpa_bss_flush_by_age
05-16 11:27:57.254 I/WifiHW  (  571): EVENT: IFNAME=wlan0 CTRL-EVENT-BSS-REMOVED 5154 58:6d:8f:85:cf:56
05-16 11:27:57.254 D/wpa_supplicant(  649): wlan0: BSS: Remove id 5174 BSSID 00:1a:e8:14:4f:d9 SSID 'BORQS Guest' due to wpa_bss_flush_by_age
05-16 11:27:57.254 I/WifiHW  (  571): EVENT: IFNAME=wlan0 CTRL-EVENT-BSS-REMOVED 5155 5c:33:8e:06:fb:51
05-16 11:27:57.254 D/wpa_supplicant(  649): wlan0: BSS: Remove id 5175 BSSID 20:b3:99:1d:66:29 SSID 'BORQS Guest' due to wpa_bss_flush_by_age
05-16 11:27:57.254 I/WifiHW  (  571): EVENT: IFNAME=wlan0 CTRL-EVENT-BSS-REMOVED 5156 3c:e5:a6:2a:37:d0
05-16 11:27:57.254 I/WifiHW  (  571): EVENT: IFNAME=wlan0 CTRL-EVENT-BSS-REMOVED 5157 00:36:76:32:af:f5
05-16 11:27:57.254 I/WifiHW  (  571): EVENT: IFNAME=wlan0 CTRL-EVENT-BSS-REMOVED 5158 20:b3:99:1d:66:2b
05-16 11:27:57.254 I/WifiHW  (  571): EVENT: IFNAME=wlan0 CTRL-EVENT-BSS-REMOVED 5159 e0:46:9a:6a:e5:a2
05-16 11:27:57.254 I/WifiHW  (  571): EVENT: IFNAME=wlan0 CTRL-EVENT-BSS-REMOVED 5160 00:36:76:0f:9e:2d
05-16 11:27:57.254 I/WifiHW  (  571): EVENT: IFNAME=wlan0 CTRL-EVENT-BSS-REMOVED 5161 c4:ca:d9:8b:be:60
05-16 11:27:57.254 I/WifiHW  (  571): EVENT: IFNAME=wlan0 CTRL-EVENT-BSS-REMOVED 5162 00:1d:7e:19:41:3d
05-16 11:27:57.254 I/WifiHW  (  571): EVENT: IFNAME=wlan0 CTRL-EVENT-BSS-REMOVED 5163 00:36:76:0f:b9:7d
05-16 11:27:57.254 I/WifiHW  (  571): EVENT: IFNAME=wlan0 CTRL-EVENT-BSS-REMOVED 5164 40:16:9f:74:a2:7e
05-16 11:27:57.254 I/WifiHW  (  571): EVENT: IFNAME=wlan0 CTRL-EVENT-BSS-REMOVED 5165 3c:e5:a6:2a:27:e0
05-16 11:27:57.254 I/WifiHW  (  571): EVENT: IFNAME=wlan0 CTRL-EVENT-BSS-REMOVED 5166 c8:3a:35:0e:ad:68
05-16 11:27:57.254 I/WifiHW  (  571): EVENT: IFNAME=wlan0 CTRL-EVENT-BSS-REMOVED 5167 00:22:6b:a6:e5:1d
05-16 11:27:57.254 I/WifiHW  (  571): EVENT: IFNAME=wlan0 CTRL-EVENT-BSS-REMOVED 5168 3c:e5:a6:2a:44:a0
05-16 11:27:57.254 I/WifiHW  (  571): EVENT: IFNAME=wlan0 CTRL-EVENT-BSS-REMOVED 5169 00:1a:e8:14:4b:db
05-16 11:27:57.254 I/WifiHW  (  571): EVENT: IFNAME=wlan0 CTRL-EVENT-BSS-REMOVED 5170 c4:ca:d9:8b:be:d0
05-16 11:27:57.254 I/WifiHW  (  571): EVENT: IFNAME=wlan0 CTRL-EVENT-BSS-REMOVED 5171 c4:ca:d9:8b:b6:20
05-16 11:27:57.254 I/WifiHW  (  571): EVENT: IFNAME=wlan0 CTRL-EVENT-BSS-REMOVED 5172 00:27:19:61:f5:32
05-16 11:27:57.254 I/WifiHW  (  571): EVENT: IFNAME=wlan0 CTRL-EVENT-BSS-REMOVED 5173 00:1f:45:f2:f0:89
05-16 11:27:57.254 I/WifiHW  (  571): EVENT: IFNAME=wlan0 CTRL-EVENT-BSS-REMOVED 5174 00:1a:e8:14:4f:d9
05-16 11:27:57.254 I/WifiHW  (  571): EVENT: IFNAME=wlan0 CTRL-EVENT-BSS-REMOVED 5175 20:b3:99:1d:66:29
05-16 11:27:57.994 I/WifiHW  (  571): CMD: IFNAME=wlan0 SIGNAL_POLL
05-16 11:27:58.004 D/wpa_supplicant(  649): nl80211: survey data missing!
05-16 11:27:58.004 I/wpa_supplicant(  649): nl80211: send_and_recv->nl_recvmsgs failed: 20
05-16 11:27:58.004 I/WifiHW  (  571): REPLY: RSSI=-63
05-16 11:27:58.004 I/WifiHW  (  571): REPLY: LINKSPEED=36
05-16 11:27:58.004 I/WifiHW  (  571): REPLY: NOISE=9999
05-16 11:27:58.004 I/WifiHW  (  571): REPLY: FREQUENCY=2472
05-16 11:27:59.994 I/SecurityManagerService(  704): SMS received security event: com.intel.asf.InterprocessSecurityEvent@2ead7710
05-16 11:27:59.994 D/AsfAosp (  571): No ASF clients are connected
05-16 11:27:59.994 I/WAKELOCK_ACQUIRE(  571): TIMESTAMP=70974721680025, TAG=AlarmManager, TYPE=PARTIAL_WAKE_LOCK             , COUNT=0, PID=571, UID=1000, FLAGS=
05-16 11:28:00.034 I/WAKELOCK_RELEASE(  571): TIMESTAMP=70974754797476, TAG=AlarmManager, TYPE=PARTIAL_WAKE_LOCK             , COUNT=0, PID=571, UID=1000, FLAGS=
05-16 11:28:01.014 I/WifiHW  (  571): CMD: IFNAME=wlan0 SIGNAL_POLL
05-16 11:28:01.024 D/wpa_supplicant(  649): nl80211: survey data missing!
05-16 11:28:01.024 I/wpa_supplicant(  649): nl80211: send_and_recv->nl_recvmsgs failed: 20
05-16 11:28:01.024 I/WifiHW  (  571): REPLY: RSSI=-62
05-16 11:28:01.024 I/WifiHW  (  571): REPLY: LINKSPEED=36
05-16 11:28:01.024 I/WifiHW  (  571): REPLY: NOISE=9999
05-16 11:28:01.024 I/WifiHW  (  571): REPLY: FREQUENCY=2472
05-16 11:28:03.524 I/SecurityManagerService(  704): SMS received security event: com.intel.asf.InterprocessSecurityEvent@2ea31108
05-16 11:28:03.524 D/AsfAosp (  571): No ASF clients are connected
05-16 11:28:04.034 I/WifiHW  (  571): CMD: IFNAME=wlan0 SIGNAL_POLL
05-16 11:28:04.044 D/wpa_supplicant(  649): nl80211: survey data missing!
05-16 11:28:04.044 I/wpa_supplicant(  649): nl80211: send_and_recv->nl_recvmsgs failed: 20
05-16 11:28:04.044 I/WifiHW  (  571): REPLY: RSSI=-65
05-16 11:28:04.044 I/WifiHW  (  571): REPLY: LINKSPEED=36
05-16 11:28:04.044 I/WifiHW  (  571): REPLY: NOISE=9999
05-16 11:28:04.044 I/WifiHW  (  571): REPLY: FREQUENCY=2472
05-16 11:28:06.164 D/dalvikvm(  689): GC_CONCURRENT freed 3957K, 50% free 12566K/24804K, paused 2ms+4ms, total 23ms
05-16 11:28:07.044 I/WifiHW  (  571): CMD: IFNAME=wlan0 SIGNAL_POLL
05-16 11:28:07.064 D/wpa_supplicant(  649): nl80211: survey data missing!
05-16 11:28:07.064 I/wpa_supplicant(  649): nl80211: send_and_recv->nl_recvmsgs failed: 20
05-16 11:28:07.064 I/WifiHW  (  571): REPLY: RSSI=-65
05-16 11:28:07.064 I/WifiHW  (  571): REPLY: LINKSPEED=36
05-16 11:28:07.064 I/WifiHW  (  571): REPLY: NOISE=9999
05-16 11:28:07.064 I/WifiHW  (  571): REPLY: FREQUENCY=2472
05-16 11:28:10.064 I/WifiHW  (  571): CMD: IFNAME=wlan0 SIGNAL_POLL
05-16 11:28:10.084 D/wpa_supplicant(  649): nl80211: survey data missing!
05-16 11:28:10.084 I/wpa_supplicant(  649): nl80211: send_and_recv->nl_recvmsgs failed: 20
05-16 11:28:10.084 I/WifiHW  (  571): REPLY: RSSI=-65
05-16 11:28:10.084 I/WifiHW  (  571): REPLY: LINKSPEED=36
05-16 11:28:10.084 I/WifiHW  (  571): REPLY: NOISE=9999
05-16 11:28:10.084 I/WifiHW  (  571): REPLY: FREQUENCY=2472
05-16 11:28:11.204 D/dalvikvm(  689): GC_CONCURRENT freed 25K, 50% free 12561K/24804K, paused 2ms+2ms, total 39ms
05-16 11:28:13.084 I/WifiHW  (  571): CMD: IFNAME=wlan0 SIGNAL_POLL
05-16 11:28:13.094 D/wpa_supplicant(  649): nl80211: survey data missing!
05-16 11:28:13.094 I/wpa_supplicant(  649): nl80211: send_and_recv->nl_recvmsgs failed: 20
05-16 11:28:13.104 I/WifiHW  (  571): REPLY: RSSI=-65
05-16 11:28:13.104 I/WifiHW  (  571): REPLY: LINKSPEED=36
05-16 11:28:13.104 I/WifiHW  (  571): REPLY: NOISE=9999
05-16 11:28:13.104 I/WifiHW  (  571): REPLY: FREQUENCY=2472
05-16 11:28:16.104 I/WifiHW  (  571): CMD: IFNAME=wlan0 SIGNAL_POLL
05-16 11:28:16.114 D/wpa_supplicant(  649): nl80211: survey data missing!
05-16 11:28:16.114 I/wpa_supplicant(  649): nl80211: send_and_recv->nl_recvmsgs failed: 20
05-16 11:28:16.114 I/WifiHW  (  571): REPLY: RSSI=-64
05-16 11:28:16.114 I/WifiHW  (  571): REPLY: LINKSPEED=36
05-16 11:28:16.114 I/WifiHW  (  571): REPLY: NOISE=9999
05-16 11:28:16.114 I/WifiHW  (  571): REPLY: FREQUENCY=2472
05-16 11:28:19.124 I/WifiHW  (  571): CMD: IFNAME=wlan0 SIGNAL_POLL
05-16 11:28:19.134 D/wpa_supplicant(  649): nl80211: survey data missing!
05-16 11:28:19.134 I/wpa_supplicant(  649): nl80211: send_and_recv->nl_recvmsgs failed: 20
05-16 11:28:19.134 I/WifiHW  (  571): REPLY: RSSI=-65
05-16 11:28:19.134 I/WifiHW  (  571): REPLY: LINKSPEED=36
05-16 11:28:19.134 I/WifiHW  (  571): REPLY: NOISE=9999
05-16 11:28:19.134 I/WifiHW  (  571): REPLY: FREQUENCY=2472
05-16 11:28:22.134 I/WifiHW  (  571): CMD: IFNAME=wlan0 SIGNAL_POLL
05-16 11:28:22.154 D/wpa_supplicant(  649): nl80211: survey data missing!
05-16 11:28:22.154 I/wpa_supplicant(  649): nl80211: send_and_recv->nl_recvmsgs failed: 20
05-16 11:28:22.154 I/WifiHW  (  571): REPLY: RSSI=-63
05-16 11:28:22.154 I/WifiHW  (  571): REPLY: LINKSPEED=36
05-16 11:28:22.154 I/WifiHW  (  571): REPLY: NOISE=9999
05-16 11:28:22.154 I/WifiHW  (  571): REPLY: FREQUENCY=2472
05-16 11:28:25.154 I/WifiHW  (  571): CMD: IFNAME=wlan0 SIGNAL_POLL
05-16 11:28:25.174 D/wpa_supplicant(  649): nl80211: survey data missing!
05-16 11:28:25.174 I/wpa_supplicant(  649): nl80211: send_and_recv->nl_recvmsgs failed: 20
05-16 11:28:25.174 I/WifiHW  (  571): REPLY: RSSI=-62
05-16 11:28:25.174 I/WifiHW  (  571): REPLY: LINKSPEED=36
05-16 11:28:25.174 I/WifiHW  (  571): REPLY: NOISE=9999
05-16 11:28:25.174 I/WifiHW  (  571): REPLY: FREQUENCY=2472
05-16 11:28:28.174 I/WifiHW  (  571): CMD: IFNAME=wlan0 SIGNAL_POLL
05-16 11:28:28.184 D/wpa_supplicant(  649): nl80211: survey data missing!
05-16 11:28:28.184 I/wpa_supplicant(  649): nl80211: send_and_recv->nl_recvmsgs failed: 20
05-16 11:28:28.184 I/WifiHW  (  571): REPLY: RSSI=-63
05-16 11:28:28.184 I/WifiHW  (  571): REPLY: LINKSPEED=36
05-16 11:28:28.184 I/WifiHW  (  571): REPLY: NOISE=9999
05-16 11:28:28.184 I/WifiHW  (  571): REPLY: FREQUENCY=2472
05-16 11:28:31.194 I/WifiHW  (  571): CMD: IFNAME=wlan0 SIGNAL_POLL
05-16 11:28:31.204 D/wpa_supplicant(  649): nl80211: survey data missing!
05-16 11:28:31.204 I/wpa_supplicant(  649): nl80211: send_and_recv->nl_recvmsgs failed: 20
05-16 11:28:31.204 I/WifiHW  (  571): REPLY: RSSI=-64
05-16 11:28:31.204 I/WifiHW  (  571): REPLY: LINKSPEED=36
05-16 11:28:31.204 I/WifiHW  (  571): REPLY: NOISE=9999
05-16 11:28:31.204 I/WifiHW  (  571): REPLY: FREQUENCY=2472
05-16 11:28:34.204 I/WifiHW  (  571): CMD: IFNAME=wlan0 SIGNAL_POLL
05-16 11:28:34.224 D/wpa_supplicant(  649): nl80211: survey data missing!
05-16 11:28:34.224 I/wpa_supplicant(  649): nl80211: send_and_recv->nl_recvmsgs failed: 20
05-16 11:28:34.224 I/WifiHW  (  571): REPLY: RSSI=-65
05-16 11:28:34.224 I/WifiHW  (  571): REPLY: LINKSPEED=36
05-16 11:28:34.224 I/WifiHW  (  571): REPLY: NOISE=9999
05-16 11:28:34.224 I/WifiHW  (  571): REPLY: FREQUENCY=2472
05-16 11:28:37.224 I/WifiHW  (  571): CMD: IFNAME=wlan0 SIGNAL_POLL
05-16 11:28:37.244 D/wpa_supplicant(  649): nl80211: survey data missing!
05-16 11:28:37.244 I/wpa_supplicant(  649): nl80211: send_and_recv->nl_recvmsgs failed: 20
05-16 11:28:37.244 I/WifiHW  (  571): REPLY: RSSI=-65
05-16 11:28:37.244 I/WifiHW  (  571): REPLY: LINKSPEED=36
05-16 11:28:37.244 I/WifiHW  (  571): REPLY: NOISE=9999
05-16 11:28:37.244 I/WifiHW  (  571): REPLY: FREQUENCY=2472
05-16 11:28:40.244 I/WifiHW  (  571): CMD: IFNAME=wlan0 SIGNAL_POLL
05-16 11:28:40.254 D/wpa_supplicant(  649): nl80211: survey data missing!
05-16 11:28:40.254 I/wpa_supplicant(  649): nl80211: send_and_recv->nl_recvmsgs failed: 20
05-16 11:28:40.254 I/WifiHW  (  571): REPLY: RSSI=-64
05-16 11:28:40.254 I/WifiHW  (  571): REPLY: LINKSPEED=36
05-16 11:28:40.254 I/WifiHW  (  571): REPLY: NOISE=9999
05-16 11:28:40.254 I/WifiHW  (  571): REPLY: FREQUENCY=2472
05-16 11:28:42.324 E/ia_watchdog(  183): Refreshing Watchdog Timers
05-16 11:28:42.784 E/HttpIssuerBase(15104): Attempt to consume entity of HttpIssuer when no request is executing.
05-16 11:28:42.784 E/HttpIssuerBase(15104): Attempt to close HttpIssuer when no request is executing.
05-16 11:28:42.784 E/HttpIssuerBase(15104): java.io.IOException
05-16 11:28:42.784 E/HttpIssuerBase(15104): 	at ayQ.b(HttpIssuerBase.java:191)
05-16 11:28:42.784 E/HttpIssuerBase(15104): 	at ayv.b(DefaultAuthenticatedHttpIssuer.java:141)
05-16 11:28:42.784 E/HttpIssuerBase(15104): 	at aIi.a(AccountMetadataUpdater.java:200)
05-16 11:28:42.784 E/HttpIssuerBase(15104): 	at aIi.a(AccountMetadataUpdater.java:113)
05-16 11:28:42.784 E/HttpIssuerBase(15104): 	at aJx.a(SyncManager.java:449)
05-16 11:28:42.784 E/HttpIssuerBase(15104): 	at aJx.a(SyncManager.java:298)
05-16 11:28:42.784 E/HttpIssuerBase(15104): 	at aIJ.a(DocsSyncAdapter.java:46)
05-16 11:28:42.784 E/HttpIssuerBase(15104): 	at aIL.run(DocsSyncAdapter.java:122)
05-16 11:28:42.784 E/HttpIssuerBase(15104): 	at aOc.a(NetworkUtilitiesImpl.java:29)
05-16 11:28:42.784 E/HttpIssuerBase(15104): 	at aIK.run(DocsSyncAdapter.java:119)
05-16 11:28:42.784 E/DocsSyncAdapter(15104): Network error
05-16 11:28:42.784 E/DocsSyncAdapter(15104): javax.net.ssl.SSLPeerUnverifiedException: No peer certificate
05-16 11:28:42.784 E/DocsSyncAdapter(15104): 	at com.android.org.conscrypt.SSLSessionImpl.getPeerCertificates(SSLSessionImpl.java:146)
05-16 11:28:42.784 E/DocsSyncAdapter(15104): 	at org.apache.http.conn.ssl.AbstractVerifier.verify(AbstractVerifier.java:93)
05-16 11:28:42.784 E/DocsSyncAdapter(15104): 	at org.apache.http.conn.ssl.SSLSocketFactory.createSocket(SSLSocketFactory.java:388)
05-16 11:28:42.784 E/DocsSyncAdapter(15104): 	at org.apache.http.impl.conn.DefaultClientConnectionOperator.openConnection(DefaultClientConnectionOperator.java:165)
05-16 11:28:42.784 E/DocsSyncAdapter(15104): 	at org.apache.http.impl.conn.AbstractPoolEntry.open(AbstractPoolEntry.java:164)
05-16 11:28:42.784 E/DocsSyncAdapter(15104): 	at org.apache.http.impl.conn.AbstractPooledConnAdapter.open(AbstractPooledConnAdapter.java:119)
05-16 11:28:42.784 E/DocsSyncAdapter(15104): 	at org.apache.http.impl.client.DefaultRequestDirector.execute(DefaultRequestDirector.java:360)
05-16 11:28:42.784 E/DocsSyncAdapter(15104): 	at org.apache.http.impl.client.AbstractHttpClient.execute(AbstractHttpClient.java:555)
05-16 11:28:42.784 E/DocsSyncAdapter(15104): 	at org.apache.http.impl.client.AbstractHttpClient.execute(AbstractHttpClient.java:487)
05-16 11:28:42.784 E/DocsSyncAdapter(15104): 	at org.apache.http.impl.client.AbstractHttpClient.execute(AbstractHttpClient.java:465)
05-16 11:28:42.784 E/DocsSyncAdapter(15104): 	at ayM.execute(HttpClientImpl.java:255)
05-16 11:28:42.784 E/DocsSyncAdapter(15104): 	at ayH.a(DefaultHttpIssuer.java:53)
05-16 11:28:42.784 E/DocsSyncAdapter(15104): 	at ayQ.b(HttpIssuerBase.java:123)
05-16 11:28:42.784 E/DocsSyncAdapter(15104): 	at ayQ.a(HttpIssuerBase.java:111)
05-16 11:28:42.784 E/DocsSyncAdapter(15104): 	at ayv.b(DefaultAuthenticatedHttpIssuer.java:213)
05-16 11:28:42.784 E/DocsSyncAdapter(15104): 	at ayv.a(DefaultAuthenticatedHttpIssuer.java:161)
05-16 11:28:42.784 E/DocsSyncAdapter(15104): 	at ayv.a(DefaultAuthenticatedHttpIssuer.java:100)
05-16 11:28:42.784 E/DocsSyncAdapter(15104): 	at aIi.a(AccountMetadataUpdater.java:191)
05-16 11:28:42.784 E/DocsSyncAdapter(15104): 	at aIi.a(AccountMetadataUpdater.java:113)
05-16 11:28:42.784 E/DocsSyncAdapter(15104): 	at aJx.a(SyncManager.java:449)
05-16 11:28:42.784 E/DocsSyncAdapter(15104): 	at aJx.a(SyncManager.java:298)
05-16 11:28:42.784 E/DocsSyncAdapter(15104): 	at aIJ.a(DocsSyncAdapter.java:46)
05-16 11:28:42.784 E/DocsSyncAdapter(15104): 	at aIL.run(DocsSyncAdapter.java:122)
05-16 11:28:42.784 E/DocsSyncAdapter(15104): 	at aOc.a(NetworkUtilitiesImpl.java:29)
05-16 11:28:42.784 E/DocsSyncAdapter(15104): 	at aIK.run(DocsSyncAdapter.java:119)
05-16 11:28:42.794 I/WAKELOCK_RELEASE(  571): TIMESTAMP=71017517075884, TAG=DocsSyncAdapter, TYPE=PARTIAL_WAKE_LOCK             , COUNT=0, PID=15104, UID=10047, FLAGS=
05-16 11:28:42.804 D/SyncManager(  571): failed sync operation xiaobowen1002@gmail.com u0 (com.google), com.google.android.apps.docs, POLL, latestRunTime 70804039, reason: AccountsUpdated, SyncResult: stats [ numIoExceptions: 1]
05-16 11:28:42.804 I/WAKELOCK_ACQUIRE(  571): TIMESTAMP=71017523942569, TAG=SyncLoopWakeLock, TYPE=PARTIAL_WAKE_LOCK             , COUNT=0, PID=571, UID=1000, FLAGS=
05-16 11:28:42.804 I/WAKELOCK_RELEASE(  571): TIMESTAMP=71017531480452, TAG=*sync*/com.google.android.apps.docs/com.google/xiaobowen1002@gmail.com, TYPE=PARTIAL_WAKE_LOCK             , COUNT=0, PID=571, UID=1000, FLAGS=
05-16 11:28:42.844 I/SecurityManagerService(  704): SMS received security event: com.intel.asf.InterprocessSecurityEvent@2e91f930
05-16 11:28:42.844 D/AsfAosp (  571): No ASF clients are connected
05-16 11:28:42.854 I/WAKELOCK_RELEASE(  571): TIMESTAMP=71017573825742, TAG=SyncLoopWakeLock, TYPE=PARTIAL_WAKE_LOCK             , COUNT=0, PID=571, UID=1000, FLAGS=
05-16 11:28:42.854 I/WAKELOCK_ACQUIRE(  571): TIMESTAMP=71017574150840, TAG=SyncLoopWakeLock, TYPE=PARTIAL_WAKE_LOCK             , COUNT=0, PID=571, UID=1000, FLAGS=
05-16 11:28:42.854 I/WAKELOCK_RELEASE(  571): TIMESTAMP=71017575362761, TAG=SyncLoopWakeLock, TYPE=PARTIAL_WAKE_LOCK             , COUNT=0, PID=571, UID=1000, FLAGS=
05-16 11:28:43.264 I/WifiHW  (  571): CMD: IFNAME=wlan0 SIGNAL_POLL
05-16 11:28:43.274 D/wpa_supplicant(  649): nl80211: survey data missing!
05-16 11:28:43.274 I/wpa_supplicant(  649): nl80211: send_and_recv->nl_recvmsgs failed: 20
05-16 11:28:43.274 I/WifiHW  (  571): REPLY: RSSI=-64
05-16 11:28:43.274 I/WifiHW  (  571): REPLY: LINKSPEED=36
05-16 11:28:43.274 I/WifiHW  (  571): REPLY: NOISE=9999
05-16 11:28:43.274 I/WifiHW  (  571): REPLY: FREQUENCY=2472
05-16 11:28:46.274 I/WifiHW  (  571): CMD: IFNAME=wlan0 SIGNAL_POLL
05-16 11:28:46.294 D/wpa_supplicant(  649): nl80211: survey data missing!
05-16 11:28:46.294 I/wpa_supplicant(  649): nl80211: send_and_recv->nl_recvmsgs failed: 20
05-16 11:28:46.294 I/WifiHW  (  571): REPLY: RSSI=-64
05-16 11:28:46.294 I/WifiHW  (  571): REPLY: LINKSPEED=36
05-16 11:28:46.294 I/WifiHW  (  571): REPLY: NOISE=9999
05-16 11:28:46.294 I/WifiHW  (  571): REPLY: FREQUENCY=2472
05-16 11:28:49.294 I/WifiHW  (  571): CMD: IFNAME=wlan0 SIGNAL_POLL
05-16 11:28:49.314 D/wpa_supplicant(  649): nl80211: survey data missing!
05-16 11:28:49.314 I/wpa_supplicant(  649): nl80211: send_and_recv->nl_recvmsgs failed: 20
05-16 11:28:49.314 I/WifiHW  (  571): REPLY: RSSI=-63
05-16 11:28:49.314 I/WifiHW  (  571): REPLY: LINKSPEED=36
05-16 11:28:49.314 I/WifiHW  (  571): REPLY: NOISE=9999
05-16 11:28:49.314 I/WifiHW  (  571): REPLY: FREQUENCY=2472
05-16 11:28:52.314 I/WifiHW  (  571): CMD: IFNAME=wlan0 SIGNAL_POLL
05-16 11:28:52.324 D/wpa_supplicant(  649): nl80211: survey data missing!
05-16 11:28:52.324 I/wpa_supplicant(  649): nl80211: send_and_recv->nl_recvmsgs failed: 20
05-16 11:28:52.324 I/WifiHW  (  571): REPLY: RSSI=-63
05-16 11:28:52.324 I/WifiHW  (  571): REPLY: LINKSPEED=36
05-16 11:28:52.324 I/WifiHW  (  571): REPLY: NOISE=9999
05-16 11:28:52.324 I/WifiHW  (  571): REPLY: FREQUENCY=2472
05-16 11:28:55.334 I/WifiHW  (  571): CMD: IFNAME=wlan0 SIGNAL_POLL
05-16 11:28:55.344 D/wpa_supplicant(  649): nl80211: survey data missing!
05-16 11:28:55.344 I/wpa_supplicant(  649): nl80211: send_and_recv->nl_recvmsgs failed: 20
05-16 11:28:55.344 I/WifiHW  (  571): REPLY: RSSI=-64
05-16 11:28:55.344 I/WifiHW  (  571): REPLY: LINKSPEED=36
05-16 11:28:55.344 I/WifiHW  (  571): REPLY: NOISE=9999
05-16 11:28:55.344 I/WifiHW  (  571): REPLY: FREQUENCY=2472
05-16 11:28:58.344 I/WifiHW  (  571): CMD: IFNAME=wlan0 SIGNAL_POLL
05-16 11:28:58.364 D/wpa_supplicant(  649): nl80211: survey data missing!
05-16 11:28:58.364 I/wpa_supplicant(  649): nl80211: send_and_recv->nl_recvmsgs failed: 20
05-16 11:28:58.364 I/WifiHW  (  571): REPLY: RSSI=-65
05-16 11:28:58.364 I/WifiHW  (  571): REPLY: LINKSPEED=36
05-16 11:28:58.364 I/WifiHW  (  571): REPLY: NOISE=9999
05-16 11:28:58.364 I/WifiHW  (  571): REPLY: FREQUENCY=2472
05-16 11:28:59.994 I/SecurityManagerService(  704): SMS received security event: com.intel.asf.InterprocessSecurityEvent@2e916490
05-16 11:28:59.994 D/AsfAosp (  571): No ASF clients are connected
05-16 11:28:59.994 I/WAKELOCK_ACQUIRE(  571): TIMESTAMP=71034722000418, TAG=AlarmManager, TYPE=PARTIAL_WAKE_LOCK             , COUNT=0, PID=571, UID=1000, FLAGS=
05-16 11:29:00.014 I/WAKELOCK_RELEASE(  571): TIMESTAMP=71034739490683, TAG=AlarmManager, TYPE=PARTIAL_WAKE_LOCK             , COUNT=0, PID=571, UID=1000, FLAGS=
05-16 11:29:01.364 I/WifiHW  (  571): CMD: IFNAME=wlan0 SIGNAL_POLL
05-16 11:29:01.384 D/wpa_supplicant(  649): nl80211: survey data missing!
05-16 11:29:01.384 I/wpa_supplicant(  649): nl80211: send_and_recv->nl_recvmsgs failed: 20
05-16 11:29:01.384 I/WifiHW  (  571): REPLY: RSSI=-68
05-16 11:29:01.384 I/WifiHW  (  571): REPLY: LINKSPEED=36
05-16 11:29:01.384 I/WifiHW  (  571): REPLY: NOISE=9999
05-16 11:29:01.384 I/WifiHW  (  571): REPLY: FREQUENCY=2472
05-16 11:29:01.384 I/SecurityManagerService(  704): SMS received security event: com.intel.asf.InterprocessSecurityEvent@2ea70bd8
05-16 11:29:01.384 D/AsfAosp (  571): No ASF clients are connected
05-16 11:29:04.384 I/WifiHW  (  571): CMD: IFNAME=wlan0 SIGNAL_POLL
05-16 11:29:04.404 D/wpa_supplicant(  649): nl80211: survey data missing!
05-16 11:29:04.404 I/wpa_supplicant(  649): nl80211: send_and_recv->nl_recvmsgs failed: 20
05-16 11:29:04.404 I/WifiHW  (  571): REPLY: RSSI=-67
05-16 11:29:04.404 I/WifiHW  (  571): REPLY: LINKSPEED=36
05-16 11:29:04.404 I/WifiHW  (  571): REPLY: NOISE=9999
05-16 11:29:04.404 I/WifiHW  (  571): REPLY: FREQUENCY=2472
05-16 11:29:07.404 I/WifiHW  (  571): CMD: IFNAME=wlan0 SIGNAL_POLL
05-16 11:29:07.414 D/wpa_supplicant(  649): nl80211: survey data missing!
05-16 11:29:07.414 I/wpa_supplicant(  649): nl80211: send_and_recv->nl_recvmsgs failed: 20
05-16 11:29:07.414 I/WifiHW  (  571): REPLY: RSSI=-66
05-16 11:29:07.414 I/WifiHW  (  571): REPLY: LINKSPEED=36
05-16 11:29:07.414 I/WifiHW  (  571): REPLY: NOISE=9999
05-16 11:29:07.414 I/WifiHW  (  571): REPLY: FREQUENCY=2472
05-16 11:29:07.424 I/SecurityManagerService(  704): SMS received security event: com.intel.asf.InterprocessSecurityEvent@2ead75c0
05-16 11:29:07.424 D/AsfAosp (  571): No ASF clients are connected
05-16 11:29:10.424 I/WifiHW  (  571): CMD: IFNAME=wlan0 SIGNAL_POLL
05-16 11:29:10.434 D/wpa_supplicant(  649): nl80211: survey data missing!
05-16 11:29:10.434 I/wpa_supplicant(  649): nl80211: send_and_recv->nl_recvmsgs failed: 20
05-16 11:29:10.434 I/WifiHW  (  571): REPLY: RSSI=-66
05-16 11:29:10.434 I/WifiHW  (  571): REPLY: LINKSPEED=36
05-16 11:29:10.434 I/WifiHW  (  571): REPLY: NOISE=9999
05-16 11:29:10.434 I/WifiHW  (  571): REPLY: FREQUENCY=2472
05-16 11:29:13.444 I/WifiHW  (  571): CMD: IFNAME=wlan0 SIGNAL_POLL
05-16 11:29:13.454 D/wpa_supplicant(  649): nl80211: survey data missing!
05-16 11:29:13.454 I/wpa_supplicant(  649): nl80211: send_and_recv->nl_recvmsgs failed: 20
05-16 11:29:13.454 I/WifiHW  (  571): REPLY: RSSI=-66
05-16 11:29:13.454 I/WifiHW  (  571): REPLY: LINKSPEED=36
05-16 11:29:13.454 I/WifiHW  (  571): REPLY: NOISE=9999
05-16 11:29:13.454 I/WifiHW  (  571): REPLY: FREQUENCY=2472
05-16 11:29:14.214 I/SecurityManagerService(  704): SMS received security event: com.intel.asf.InterprocessSecurityEvent@2ea30f40
05-16 11:29:14.214 D/AsfAosp (  571): No ASF clients are connected
05-16 11:29:14.214 I/WAKELOCK_ACQUIRE(  571): TIMESTAMP=71048938197087, TAG=AlarmManager, TYPE=PARTIAL_WAKE_LOCK             , COUNT=0, PID=571, UID=1000, FLAGS=
05-16 11:29:14.214 I/WAKELOCK_ACQUIRE(  571): TIMESTAMP=71048938879847, TAG=SyncManagerHandleSyncAlarm, TYPE=PARTIAL_WAKE_LOCK             , COUNT=0, PID=571, UID=1000, FLAGS=
05-16 11:29:14.214 I/WAKELOCK_RELEASE(  571): TIMESTAMP=71048940387795, TAG=AlarmManager, TYPE=PARTIAL_WAKE_LOCK             , COUNT=0, PID=571, UID=1000, FLAGS=
05-16 11:29:14.214 V/AlarmManager(  571): triggered: act=android.content.syncmanager.SYNC_ALARM flg=0x14
05-16 11:29:14.214 V/AlarmManager(  571): Pkg: android
05-16 11:29:14.214 I/WAKELOCK_ACQUIRE(  571): TIMESTAMP=71048941405816, TAG=SyncLoopWakeLock, TYPE=PARTIAL_WAKE_LOCK             , COUNT=0, PID=571, UID=1000, FLAGS=
05-16 11:29:14.224 I/WAKELOCK_ACQUIRE(  571): TIMESTAMP=71048946585211, TAG=*sync*/com.google.android.apps.docs/com.google/xiaobowen1002@gmail.com, TYPE=PARTIAL_WAKE_LOCK             , COUNT=0, PID=571, UID=1000, FLAGS=
05-16 11:29:14.234 I/WAKELOCK_RELEASE(  571): TIMESTAMP=71048956841160, TAG=SyncManagerHandleSyncAlarm, TYPE=PARTIAL_WAKE_LOCK             , COUNT=0, PID=571, UID=1000, FLAGS=
05-16 11:29:14.234 I/WAKELOCK_RELEASE(  571): TIMESTAMP=71048957390372, TAG=SyncLoopWakeLock, TYPE=PARTIAL_WAKE_LOCK             , COUNT=0, PID=571, UID=1000, FLAGS=
05-16 11:29:14.234 I/WAKELOCK_ACQUIRE(  571): TIMESTAMP=71048957754712, TAG=SyncLoopWakeLock, TYPE=PARTIAL_WAKE_LOCK             , COUNT=0, PID=571, UID=1000, FLAGS=
05-16 11:29:14.234 I/WAKELOCK_RELEASE(  571): TIMESTAMP=71048961170961, TAG=SyncLoopWakeLock, TYPE=PARTIAL_WAKE_LOCK             , COUNT=0, PID=571, UID=1000, FLAGS=
05-16 11:29:14.234 I/WAKELOCK_ACQUIRE(  571): TIMESTAMP=71048961608896, TAG=SyncLoopWakeLock, TYPE=PARTIAL_WAKE_LOCK             , COUNT=0, PID=571, UID=1000, FLAGS=
05-16 11:29:14.244 I/WAKELOCK_RELEASE(  571): TIMESTAMP=71048964331387, TAG=*sync*/com.google.android.apps.docs/com.google/xiaobowen1002@gmail.com, TYPE=PARTIAL_WAKE_LOCK             , COUNT=0, PID=571, UID=1000, FLAGS=
05-16 11:29:14.254 I/WAKELOCK_ACQUIRE(  571): TIMESTAMP=71048974958175, TAG=*sync*/com.google.android.apps.docs/com.google/xiaobowen1002@gmail.com, TYPE=PARTIAL_WAKE_LOCK             , COUNT=0, PID=571, UID=1000, FLAGS=
05-16 11:29:14.254 I/WAKELOCK_RELEASE(  571): TIMESTAMP=71048977981868, TAG=SyncLoopWakeLock, TYPE=PARTIAL_WAKE_LOCK             , COUNT=0, PID=571, UID=1000, FLAGS=
05-16 11:29:14.254 I/WAKELOCK_ACQUIRE(  571): TIMESTAMP=71048978374987, TAG=SyncLoopWakeLock, TYPE=PARTIAL_WAKE_LOCK             , COUNT=0, PID=571, UID=1000, FLAGS=
05-16 11:29:14.254 I/WAKELOCK_RELEASE(  571): TIMESTAMP=71048979460459, TAG=SyncLoopWakeLock, TYPE=PARTIAL_WAKE_LOCK             , COUNT=0, PID=571, UID=1000, FLAGS=
05-16 11:29:14.254 I/WAKELOCK_ACQUIRE(  571): TIMESTAMP=71048979748304, TAG=SyncLoopWakeLock, TYPE=PARTIAL_WAKE_LOCK             , COUNT=0, PID=571, UID=1000, FLAGS=
05-16 11:29:14.254 I/WAKELOCK_RELEASE(  571): TIMESTAMP=71048981217145, TAG=SyncLoopWakeLock, TYPE=PARTIAL_WAKE_LOCK             , COUNT=0, PID=571, UID=1000, FLAGS=
05-16 11:29:14.264 I/WAKELOCK_ACQUIRE(  571): TIMESTAMP=71048985532522, TAG=DocsSyncAdapter, TYPE=PARTIAL_WAKE_LOCK             , COUNT=0, PID=15104, UID=10047, FLAGS=
05-16 11:29:14.284 I/WAKELOCK_ACQUIRE(  571): TIMESTAMP=71049006492933, TAG=SyncLoopWakeLock, TYPE=PARTIAL_WAKE_LOCK             , COUNT=0, PID=571, UID=1000, FLAGS=
05-16 11:29:14.284 I/WAKELOCK_RELEASE(  571): TIMESTAMP=71049012148815, TAG=SyncLoopWakeLock, TYPE=PARTIAL_WAKE_LOCK             , COUNT=0, PID=571, UID=1000, FLAGS=
05-16 11:29:16.464 I/WifiHW  (  571): CMD: IFNAME=wlan0 SIGNAL_POLL
05-16 11:29:16.474 D/wpa_supplicant(  649): nl80211: survey data missing!
05-16 11:29:16.474 I/wpa_supplicant(  649): nl80211: send_and_recv->nl_recvmsgs failed: 20
05-16 11:29:16.474 I/WifiHW  (  571): REPLY: RSSI=-68
05-16 11:29:16.474 I/WifiHW  (  571): REPLY: LINKSPEED=36
05-16 11:29:16.474 I/WifiHW  (  571): REPLY: NOISE=9999
05-16 11:29:16.474 I/WifiHW  (  571): REPLY: FREQUENCY=2472
05-16 11:29:16.474 I/SecurityManagerService(  704): SMS received security event: com.intel.asf.InterprocessSecurityEvent@2e91f798
05-16 11:29:16.474 D/AsfAosp (  571): No ASF clients are connected
05-16 11:29:19.474 I/WifiHW  (  571): CMD: IFNAME=wlan0 SIGNAL_POLL
05-16 11:29:19.494 D/wpa_supplicant(  649): nl80211: survey data missing!
05-16 11:29:19.494 I/wpa_supplicant(  649): nl80211: send_and_recv->nl_recvmsgs failed: 20
05-16 11:29:19.494 I/WifiHW  (  571): REPLY: RSSI=-66
05-16 11:29:19.494 I/WifiHW  (  571): REPLY: LINKSPEED=36
05-16 11:29:19.494 I/WifiHW  (  571): REPLY: NOISE=9999
05-16 11:29:19.494 I/WifiHW  (  571): REPLY: FREQUENCY=2472
05-16 11:29:19.494 I/SecurityManagerService(  704): SMS received security event: com.intel.asf.InterprocessSecurityEvent@2e916340
05-16 11:29:19.494 D/AsfAosp (  571): No ASF clients are connected
05-16 11:29:22.494 I/WifiHW  (  571): CMD: IFNAME=wlan0 SIGNAL_POLL
05-16 11:29:22.514 D/wpa_supplicant(  649): nl80211: survey data missing!
05-16 11:29:22.514 I/wpa_supplicant(  649): nl80211: send_and_recv->nl_recvmsgs failed: 20
05-16 11:29:22.514 I/WifiHW  (  571): REPLY: RSSI=-65
05-16 11:29:22.514 I/WifiHW  (  571): REPLY: LINKSPEED=36
05-16 11:29:22.514 I/WifiHW  (  571): REPLY: NOISE=9999
05-16 11:29:22.514 I/WifiHW  (  571): REPLY: FREQUENCY=2472
05-16 11:29:25.514 I/WifiHW  (  571): CMD: IFNAME=wlan0 SIGNAL_POLL
05-16 11:29:25.524 D/wpa_supplicant(  649): nl80211: survey data missing!
05-16 11:29:25.524 I/wpa_supplicant(  649): nl80211: send_and_recv->nl_recvmsgs failed: 20
05-16 11:29:25.534 I/WifiHW  (  571): REPLY: RSSI=-68
05-16 11:29:25.534 I/WifiHW  (  571): REPLY: LINKSPEED=36
05-16 11:29:25.534 I/WifiHW  (  571): REPLY: NOISE=9999
05-16 11:29:25.534 I/WifiHW  (  571): REPLY: FREQUENCY=2472
05-16 11:29:25.534 I/SecurityManagerService(  704): SMS received security event: com.intel.asf.InterprocessSecurityEvent@2ea70a88
05-16 11:29:25.534 D/AsfAosp (  571): No ASF clients are connected
05-16 11:29:28.544 I/WifiHW  (  571): CMD: IFNAME=wlan0 SIGNAL_POLL
05-16 11:29:28.554 D/wpa_supplicant(  649): nl80211: survey data missing!
05-16 11:29:28.554 I/wpa_supplicant(  649): nl80211: send_and_recv->nl_recvmsgs failed: 20
05-16 11:29:28.554 I/WifiHW  (  571): REPLY: RSSI=-67
05-16 11:29:28.554 I/WifiHW  (  571): REPLY: LINKSPEED=36
05-16 11:29:28.554 I/WifiHW  (  571): REPLY: NOISE=9999
05-16 11:29:28.554 I/WifiHW  (  571): REPLY: FREQUENCY=2472
05-16 11:29:31.554 I/WifiHW  (  571): CMD: IFNAME=wlan0 SIGNAL_POLL
05-16 11:29:31.574 D/wpa_supplicant(  649): nl80211: survey data missing!
05-16 11:29:31.574 I/wpa_supplicant(  649): nl80211: send_and_recv->nl_recvmsgs failed: 20
05-16 11:29:31.574 I/WifiHW  (  571): REPLY: RSSI=-65
05-16 11:29:31.574 I/WifiHW  (  571): REPLY: LINKSPEED=36
05-16 11:29:31.574 I/WifiHW  (  571): REPLY: NOISE=9999
05-16 11:29:31.574 I/WifiHW  (  571): REPLY: FREQUENCY=2472
05-16 11:29:31.574 I/SecurityManagerService(  704): SMS received security event: com.intel.asf.InterprocessSecurityEvent@2ead7470
05-16 11:29:31.574 D/AsfAosp (  571): No ASF clients are connected
05-16 11:29:34.584 I/WifiHW  (  571): CMD: IFNAME=wlan0 SIGNAL_POLL
05-16 11:29:34.594 D/wpa_supplicant(  649): nl80211: survey data missing!
05-16 11:29:34.594 I/wpa_supplicant(  649): nl80211: send_and_recv->nl_recvmsgs failed: 20
05-16 11:29:34.594 I/WifiHW  (  571): REPLY: RSSI=-65
05-16 11:29:34.594 I/WifiHW  (  571): REPLY: LINKSPEED=36
05-16 11:29:34.594 I/WifiHW  (  571): REPLY: NOISE=9999
05-16 11:29:34.594 I/WifiHW  (  571): REPLY: FREQUENCY=2472
05-16 11:29:37.594 I/WifiHW  (  571): CMD: IFNAME=wlan0 SIGNAL_POLL
05-16 11:29:37.614 D/wpa_supplicant(  649): nl80211: survey data missing!
05-16 11:29:37.614 I/wpa_supplicant(  649): nl80211: send_and_recv->nl_recvmsgs failed: 20
05-16 11:29:37.614 I/WifiHW  (  571): REPLY: RSSI=-65
05-16 11:29:37.614 I/WifiHW  (  571): REPLY: LINKSPEED=36
05-16 11:29:37.614 I/WifiHW  (  571): REPLY: NOISE=9999
05-16 11:29:37.614 I/WifiHW  (  571): REPLY: FREQUENCY=2472
05-16 11:29:40.614 I/WifiHW  (  571): CMD: IFNAME=wlan0 SIGNAL_POLL
05-16 11:29:40.624 D/wpa_supplicant(  649): nl80211: survey data missing!
05-16 11:29:40.624 I/wpa_supplicant(  649): nl80211: send_and_recv->nl_recvmsgs failed: 20
05-16 11:29:40.634 I/WifiHW  (  571): REPLY: RSSI=-65
05-16 11:29:40.634 I/WifiHW  (  571): REPLY: LINKSPEED=36
05-16 11:29:40.634 I/WifiHW  (  571): REPLY: NOISE=9999
05-16 11:29:40.634 I/WifiHW  (  571): REPLY: FREQUENCY=2472
05-16 11:29:42.324 E/ia_watchdog(  183): Refreshing Watchdog Timers
05-16 11:29:43.634 I/WifiHW  (  571): CMD: IFNAME=wlan0 SIGNAL_POLL
05-16 11:29:43.644 D/wpa_supplicant(  649): nl80211: survey data missing!
05-16 11:29:43.644 I/wpa_supplicant(  649): nl80211: send_and_recv->nl_recvmsgs failed: 20
05-16 11:29:43.644 I/WifiHW  (  571): REPLY: RSSI=-66
05-16 11:29:43.644 I/WifiHW  (  571): REPLY: LINKSPEED=36
05-16 11:29:43.644 I/WifiHW  (  571): REPLY: NOISE=9999
05-16 11:29:43.644 I/WifiHW  (  571): REPLY: FREQUENCY=2472
05-16 11:29:44.234 I/SecurityManagerService(  704): SMS received security event: com.intel.asf.InterprocessSecurityEvent@2ea30df0
05-16 11:29:44.234 D/AsfAosp (  571): No ASF clients are connected
05-16 11:29:44.234 I/WAKELOCK_ACQUIRE(  571): TIMESTAMP=71078959498668, TAG=AlarmManager, TYPE=PARTIAL_WAKE_LOCK             , COUNT=0, PID=571, UID=1000, FLAGS=
05-16 11:29:44.234 I/WAKELOCK_ACQUIRE(  571): TIMESTAMP=71078960121775, TAG=SyncManagerHandleSyncAlarm, TYPE=PARTIAL_WAKE_LOCK             , COUNT=0, PID=571, UID=1000, FLAGS=
05-16 11:29:44.234 I/WAKELOCK_ACQUIRE(  571): TIMESTAMP=71078961024502, TAG=SyncLoopWakeLock, TYPE=PARTIAL_WAKE_LOCK             , COUNT=0, PID=571, UID=1000, FLAGS=
05-16 11:29:44.234 I/WAKELOCK_RELEASE(  571): TIMESTAMP=71078961963466, TAG=AlarmManager, TYPE=PARTIAL_WAKE_LOCK             , COUNT=0, PID=571, UID=1000, FLAGS=
05-16 11:29:44.234 V/AlarmManager(  571): triggered: act=android.content.syncmanager.SYNC_ALARM flg=0x14
05-16 11:29:44.234 V/AlarmManager(  571): Pkg: android
05-16 11:29:44.244 I/SecurityManagerService(  704): SMS received security event: com.intel.asf.InterprocessSecurityEvent@2e8d65f0
05-16 11:29:44.244 D/AsfAosp (  571): No ASF clients are connected
05-16 11:29:44.244 I/WAKELOCK_RELEASE(  571): TIMESTAMP=71078965256578, TAG=SyncManagerHandleSyncAlarm, TYPE=PARTIAL_WAKE_LOCK             , COUNT=0, PID=571, UID=1000, FLAGS=
05-16 11:29:44.244 I/WAKELOCK_RELEASE(  571): TIMESTAMP=71078970187114, TAG=SyncLoopWakeLock, TYPE=PARTIAL_WAKE_LOCK             , COUNT=0, PID=571, UID=1000, FLAGS=
05-16 11:29:46.654 I/WifiHW  (  571): CMD: IFNAME=wlan0 SIGNAL_POLL
05-16 11:29:46.664 D/wpa_supplicant(  649): nl80211: survey data missing!
05-16 11:29:46.664 I/wpa_supplicant(  649): nl80211: send_and_recv->nl_recvmsgs failed: 20
05-16 11:29:46.664 I/WifiHW  (  571): REPLY: RSSI=-65
05-16 11:29:46.664 I/WifiHW  (  571): REPLY: LINKSPEED=36
05-16 11:29:46.664 I/WifiHW  (  571): REPLY: NOISE=9999
05-16 11:29:46.664 I/WifiHW  (  571): REPLY: FREQUENCY=2472
05-16 11:29:49.664 I/WifiHW  (  571): CMD: IFNAME=wlan0 SIGNAL_POLL
05-16 11:29:49.684 D/wpa_supplicant(  649): nl80211: survey data missing!
05-16 11:29:49.684 I/wpa_supplicant(  649): nl80211: send_and_recv->nl_recvmsgs failed: 20
05-16 11:29:49.684 I/WifiHW  (  571): REPLY: RSSI=-65
05-16 11:29:49.684 I/WifiHW  (  571): REPLY: LINKSPEED=36
05-16 11:29:49.684 I/WifiHW  (  571): REPLY: NOISE=9999
05-16 11:29:49.684 I/WifiHW  (  571): REPLY: FREQUENCY=2472
05-16 11:29:52.684 I/WifiHW  (  571): CMD: IFNAME=wlan0 SIGNAL_POLL
05-16 11:29:52.704 D/wpa_supplicant(  649): nl80211: survey data missing!
05-16 11:29:52.704 I/wpa_supplicant(  649): nl80211: send_and_recv->nl_recvmsgs failed: 20
05-16 11:29:52.704 I/WifiHW  (  571): REPLY: RSSI=-65
05-16 11:29:52.704 I/WifiHW  (  571): REPLY: LINKSPEED=36
05-16 11:29:52.704 I/WifiHW  (  571): REPLY: NOISE=9999
05-16 11:29:52.704 I/WifiHW  (  571): REPLY: FREQUENCY=2472
05-16 11:29:55.704 I/WifiHW  (  571): CMD: IFNAME=wlan0 SIGNAL_POLL
05-16 11:29:55.724 D/wpa_supplicant(  649): nl80211: survey data missing!
05-16 11:29:55.724 I/wpa_supplicant(  649): nl80211: send_and_recv->nl_recvmsgs failed: 20
05-16 11:29:55.724 I/WifiHW  (  571): REPLY: RSSI=-66
05-16 11:29:55.724 I/WifiHW  (  571): REPLY: LINKSPEED=36
05-16 11:29:55.724 I/WifiHW  (  571): REPLY: NOISE=9999
05-16 11:29:55.724 I/WifiHW  (  571): REPLY: FREQUENCY=2472
05-16 11:29:58.724 I/WifiHW  (  571): CMD: IFNAME=wlan0 SIGNAL_POLL
05-16 11:29:58.734 D/wpa_supplicant(  649): nl80211: survey data missing!
05-16 11:29:58.734 I/wpa_supplicant(  649): nl80211: send_and_recv->nl_recvmsgs failed: 20
05-16 11:29:58.734 I/WifiHW  (  571): REPLY: RSSI=-63
05-16 11:29:58.734 I/WifiHW  (  571): REPLY: LINKSPEED=36
05-16 11:29:58.734 I/WifiHW  (  571): REPLY: NOISE=9999
05-16 11:29:58.734 I/WifiHW  (  571): REPLY: FREQUENCY=2472
05-16 11:29:59.994 I/SecurityManagerService(  704): SMS received security event: com.intel.asf.InterprocessSecurityEvent@2e9161f0
05-16 11:29:59.994 D/AsfAosp (  571): No ASF clients are connected
05-16 11:29:59.994 I/WAKELOCK_ACQUIRE(  571): TIMESTAMP=71094721599170, TAG=AlarmManager, TYPE=PARTIAL_WAKE_LOCK             , COUNT=0, PID=571, UID=1000, FLAGS=
05-16 11:30:00.034 I/WAKELOCK_RELEASE(  571): TIMESTAMP=71094754888262, TAG=AlarmManager, TYPE=PARTIAL_WAKE_LOCK             , COUNT=0, PID=571, UID=1000, FLAGS=
05-16 11:30:00.994 I/SecurityManagerService(  704): SMS received security event: com.intel.asf.InterprocessSecurityEvent@2e923dc0
05-16 11:30:00.994 D/AsfAosp (  571): No ASF clients are connected
05-16 11:30:00.994 I/WAKELOCK_ACQUIRE(  571): TIMESTAMP=71095720748605, TAG=AlarmManager, TYPE=PARTIAL_WAKE_LOCK             , COUNT=0, PID=571, UID=1000, FLAGS=
05-16 11:30:01.004 I/SecurityManagerService(  704): SMS received security event: App[START/com.google.android.deskclock]
05-16 11:30:01.014 D/dalvikvm(18326): Try to disable coredump for pid 18326
05-16 11:30:01.014 D/dalvikvm(18326): Process 18326 nice name: com.google.android.deskclock
05-16 11:30:01.014 D/dalvikvm(18326): Extra Options: not specified
05-16 11:30:01.014 I/ActivityManager(  571): Start proc com.google.android.deskclock for broadcast com.google.android.deskclock/com.android.alarmclock.DigitalAppWidgetProvider: pid=18326 uid=10045 gids={50045, 1028}
05-16 11:30:01.074 D/StrictMode(18326): **BZ183200** enableDeathOnNetwork
05-16 11:30:01.074 D/StrictMode(18326): **BZ183200** setThreadPolicyMask PENALTY_DEATH_ON_NETWORK
05-16 11:30:01.074 D/StrictMode(18326): **BZ183200** setThreadPolicyMask PENALTY_DEATH_ON_NETWORK
05-16 11:30:01.084 D/StrictMode(18326): **BZ183200** setThreadPolicyMask PENALTY_DEATH_ON_NETWORK
05-16 11:30:01.094 D/StrictMode(18326): **BZ183200** setThreadPolicyMask PENALTY_DEATH_ON_NETWORK
05-16 11:30:01.104 I/WAKELOCK_RELEASE(  571): TIMESTAMP=71095827187022, TAG=AlarmManager, TYPE=PARTIAL_WAKE_LOCK             , COUNT=0, PID=571, UID=1000, FLAGS=
05-16 11:30:01.744 I/WifiHW  (  571): CMD: IFNAME=wlan0 SIGNAL_POLL
05-16 11:30:01.754 D/wpa_supplicant(  649): nl80211: survey data missing!
05-16 11:30:01.754 I/wpa_supplicant(  649): nl80211: send_and_recv->nl_recvmsgs failed: 20
05-16 11:30:01.754 I/WifiHW  (  571): REPLY: RSSI=-64
05-16 11:30:01.754 I/WifiHW  (  571): REPLY: LINKSPEED=36
05-16 11:30:01.754 I/WifiHW  (  571): REPLY: NOISE=9999
05-16 11:30:01.754 I/WifiHW  (  571): REPLY: FREQUENCY=2472
05-16 11:30:04.764 I/WifiHW  (  571): CMD: IFNAME=wlan0 SIGNAL_POLL
05-16 11:30:04.774 D/wpa_supplicant(  649): nl80211: survey data missing!
05-16 11:30:04.774 I/wpa_supplicant(  649): nl80211: send_and_recv->nl_recvmsgs failed: 20
05-16 11:30:04.774 I/WifiHW  (  571): REPLY: RSSI=-69
05-16 11:30:04.774 I/WifiHW  (  571): REPLY: LINKSPEED=36
05-16 11:30:04.774 I/WifiHW  (  571): REPLY: NOISE=9999
05-16 11:30:04.774 I/WifiHW  (  571): REPLY: FREQUENCY=2472
05-16 11:30:04.774 I/SecurityManagerService(  704): SMS received security event: com.intel.asf.InterprocessSecurityEvent@2e91a490
05-16 11:30:04.774 D/AsfAosp (  571): No ASF clients are connected
05-16 11:30:07.784 I/WifiHW  (  571): CMD: IFNAME=wlan0 SIGNAL_POLL
05-16 11:30:07.794 D/wpa_supplicant(  649): nl80211: survey data missing!
05-16 11:30:07.794 I/wpa_supplicant(  649): nl80211: send_and_recv->nl_recvmsgs failed: 20
05-16 11:30:07.794 I/WifiHW  (  571): REPLY: RSSI=-67
05-16 11:30:07.794 I/WifiHW  (  571): REPLY: LINKSPEED=36
05-16 11:30:07.794 I/WifiHW  (  571): REPLY: NOISE=9999
05-16 11:30:07.794 I/WifiHW  (  571): REPLY: FREQUENCY=2472
05-16 11:30:10.794 I/WifiHW  (  571): CMD: IFNAME=wlan0 SIGNAL_POLL
05-16 11:30:10.814 D/wpa_supplicant(  649): nl80211: survey data missing!
05-16 11:30:10.814 I/wpa_supplicant(  649): nl80211: send_and_recv->nl_recvmsgs failed: 20
05-16 11:30:10.814 I/WifiHW  (  571): REPLY: RSSI=-65
05-16 11:30:10.814 I/WifiHW  (  571): REPLY: LINKSPEED=36
05-16 11:30:10.814 I/WifiHW  (  571): REPLY: NOISE=9999
05-16 11:30:10.814 I/WifiHW  (  571): REPLY: FREQUENCY=2472
05-16 11:30:10.814 I/SecurityManagerService(  704): SMS received security event: com.intel.asf.InterprocessSecurityEvent@2e8d6398
05-16 11:30:10.814 D/AsfAosp (  571): No ASF clients are connected
05-16 11:30:13.814 I/WifiHW  (  571): CMD: IFNAME=wlan0 SIGNAL_POLL
05-16 11:30:13.834 D/wpa_supplicant(  649): nl80211: survey data missing!
05-16 11:30:13.834 I/wpa_supplicant(  649): nl80211: send_and_recv->nl_recvmsgs failed: 20
05-16 11:30:13.834 I/WifiHW  (  571): REPLY: RSSI=-64
05-16 11:30:13.834 I/WifiHW  (  571): REPLY: LINKSPEED=36
05-16 11:30:13.834 I/WifiHW  (  571): REPLY: NOISE=9999
05-16 11:30:13.834 I/WifiHW  (  571): REPLY: FREQUENCY=2472
05-16 11:30:14.264 I/SecurityManagerService(  704): SMS received security event: com.intel.asf.InterprocessSecurityEvent@2e9160a0
05-16 11:30:14.264 D/AsfAosp (  571): No ASF clients are connected
05-16 11:30:14.264 I/WAKELOCK_ACQUIRE(  571): TIMESTAMP=71108992551713, TAG=AlarmManager, TYPE=PARTIAL_WAKE_LOCK             , COUNT=0, PID=571, UID=1000, FLAGS=
05-16 11:30:14.264 I/WAKELOCK_ACQUIRE(  571): TIMESTAMP=71108993322935, TAG=SyncManagerHandleSyncAlarm, TYPE=PARTIAL_WAKE_LOCK             , COUNT=0, PID=571, UID=1000, FLAGS=
05-16 11:30:14.274 I/WAKELOCK_ACQUIRE(  571): TIMESTAMP=71108994464506, TAG=SyncLoopWakeLock, TYPE=PARTIAL_WAKE_LOCK             , COUNT=0, PID=571, UID=1000, FLAGS=
05-16 11:30:14.274 I/WAKELOCK_RELEASE(  571): TIMESTAMP=71108995146567, TAG=AlarmManager, TYPE=PARTIAL_WAKE_LOCK             , COUNT=0, PID=571, UID=1000, FLAGS=
05-16 11:30:14.274 V/AlarmManager(  571): triggered: act=android.content.syncmanager.SYNC_ALARM flg=0x14
05-16 11:30:14.274 V/AlarmManager(  571): Pkg: android
05-16 11:30:14.274 I/WAKELOCK_RELEASE(  571): TIMESTAMP=71108998775752, TAG=SyncManagerHandleSyncAlarm, TYPE=PARTIAL_WAKE_LOCK             , COUNT=0, PID=571, UID=1000, FLAGS=
05-16 11:30:14.274 I/WAKELOCK_RELEASE(  571): TIMESTAMP=71108999721853, TAG=SyncLoopWakeLock, TYPE=PARTIAL_WAKE_LOCK             , COUNT=0, PID=571, UID=1000, FLAGS=
05-16 11:30:15.034 E/HttpIssuerBase(15104): Attempt to consume entity of HttpIssuer when no request is executing.
05-16 11:30:15.034 E/HttpIssuerBase(15104): Attempt to close HttpIssuer when no request is executing.
05-16 11:30:15.034 E/HttpIssuerBase(15104): java.io.IOException
05-16 11:30:15.034 E/HttpIssuerBase(15104): 	at ayQ.b(HttpIssuerBase.java:191)
05-16 11:30:15.034 E/HttpIssuerBase(15104): 	at ayv.b(DefaultAuthenticatedHttpIssuer.java:141)
05-16 11:30:15.034 E/HttpIssuerBase(15104): 	at aIi.a(AccountMetadataUpdater.java:200)
05-16 11:30:15.034 E/HttpIssuerBase(15104): 	at aIi.a(AccountMetadataUpdater.java:113)
05-16 11:30:15.034 E/HttpIssuerBase(15104): 	at aIi.a(AccountMetadataUpdater.java:217)
05-16 11:30:15.034 E/HttpIssuerBase(15104): 	at aJx.a(SyncManager.java:259)
05-16 11:30:15.034 E/HttpIssuerBase(15104): 	at aJx.a(SyncManager.java:291)
05-16 11:30:15.034 E/HttpIssuerBase(15104): 	at aIJ.a(DocsSyncAdapter.java:46)
05-16 11:30:15.034 E/HttpIssuerBase(15104): 	at aIL.run(DocsSyncAdapter.java:122)
05-16 11:30:15.034 E/HttpIssuerBase(15104): 	at aOc.a(NetworkUtilitiesImpl.java:29)
05-16 11:30:15.034 E/HttpIssuerBase(15104): 	at aIK.run(DocsSyncAdapter.java:119)
05-16 11:30:15.044 E/AccountMetadataUpdater(15104): Error updating account capability
05-16 11:30:15.044 E/AccountMetadataUpdater(15104): javax.net.ssl.SSLPeerUnverifiedException: No peer certificate
05-16 11:30:15.044 E/AccountMetadataUpdater(15104): 	at com.android.org.conscrypt.SSLSessionImpl.getPeerCertificates(SSLSessionImpl.java:146)
05-16 11:30:15.044 E/AccountMetadataUpdater(15104): 	at org.apache.http.conn.ssl.AbstractVerifier.verify(AbstractVerifier.java:93)
05-16 11:30:15.044 E/AccountMetadataUpdater(15104): 	at org.apache.http.conn.ssl.SSLSocketFactory.createSocket(SSLSocketFactory.java:388)
05-16 11:30:15.044 E/AccountMetadataUpdater(15104): 	at org.apache.http.impl.conn.DefaultClientConnectionOperator.openConnection(DefaultClientConnectionOperator.java:165)
05-16 11:30:15.044 E/AccountMetadataUpdater(15104): 	at org.apache.http.impl.conn.AbstractPoolEntry.open(AbstractPoolEntry.java:164)
05-16 11:30:15.044 E/AccountMetadataUpdater(15104): 	at org.apache.http.impl.conn.AbstractPooledConnAdapter.open(AbstractPooledConnAdapter.java:119)
05-16 11:30:15.044 E/AccountMetadataUpdater(15104): 	at org.apache.http.impl.client.DefaultRequestDirector.execute(DefaultRequestDirector.java:360)
05-16 11:30:15.044 E/AccountMetadataUpdater(15104): 	at org.apache.http.impl.client.AbstractHttpClient.execute(AbstractHttpClient.java:555)
05-16 11:30:15.044 E/AccountMetadataUpdater(15104): 	at org.apache.http.impl.client.AbstractHttpClient.execute(AbstractHttpClient.java:487)
05-16 11:30:15.044 E/AccountMetadataUpdater(15104): 	at org.apache.http.impl.client.AbstractHttpClient.execute(AbstractHttpClient.java:465)
05-16 11:30:15.044 E/AccountMetadataUpdater(15104): 	at ayM.execute(HttpClientImpl.java:255)
05-16 11:30:15.044 E/AccountMetadataUpdater(15104): 	at ayH.a(DefaultHttpIssuer.java:53)
05-16 11:30:15.044 E/AccountMetadataUpdater(15104): 	at ayQ.b(HttpIssuerBase.java:123)
05-16 11:30:15.044 E/AccountMetadataUpdater(15104): 	at ayQ.a(HttpIssuerBase.java:111)
05-16 11:30:15.044 E/AccountMetadataUpdater(15104): 	at ayv.b(DefaultAuthenticatedHttpIssuer.java:213)
05-16 11:30:15.044 E/AccountMetadataUpdater(15104): 	at ayv.a(DefaultAuthenticatedHttpIssuer.java:161)
05-16 11:30:15.044 E/AccountMetadataUpdater(15104): 	at ayv.a(DefaultAuthenticatedHttpIssuer.java:100)
05-16 11:30:15.044 E/AccountMetadataUpdater(15104): 	at aIi.a(AccountMetadataUpdater.java:191)
05-16 11:30:15.044 E/AccountMetadataUpdater(15104): 	at aIi.a(AccountMetadataUpdater.java:113)
05-16 11:30:15.044 E/AccountMetadataUpdater(15104): 	at aIi.a(AccountMetadataUpdater.java:217)
05-16 11:30:15.044 E/AccountMetadataUpdater(15104): 	at aJx.a(SyncManager.java:259)
05-16 11:30:15.044 E/AccountMetadataUpdater(15104): 	at aJx.a(SyncManager.java:291)
05-16 11:30:15.044 E/AccountMetadataUpdater(15104): 	at aIJ.a(DocsSyncAdapter.java:46)
05-16 11:30:15.044 E/AccountMetadataUpdater(15104): 	at aIL.run(DocsSyncAdapter.java:122)
05-16 11:30:15.044 E/AccountMetadataUpdater(15104): 	at aOc.a(NetworkUtilitiesImpl.java:29)
05-16 11:30:15.044 E/AccountMetadataUpdater(15104): 	at aIK.run(DocsSyncAdapter.java:119)
05-16 11:30:15.064 D/dalvikvm(15104): GC_CONCURRENT freed 2845K, 20% free 12216K/15240K, paused 2ms+7ms, total 32ms
05-16 11:30:15.064 D/dalvikvm(15104): WAIT_FOR_CONCURRENT_GC blocked 18ms
05-16 11:30:15.064 D/dalvikvm(15104): WAIT_FOR_CONCURRENT_GC blocked 19ms
05-16 11:30:15.074 E/AndroidHttpClient(15104): Leak found
05-16 11:30:15.074 E/AndroidHttpClient(15104): java.lang.IllegalStateException: AndroidHttpClient created and never closed
05-16 11:30:15.074 E/AndroidHttpClient(15104): 	at ayM.<init>(HttpClientImpl.java:166)
05-16 11:30:15.074 E/AndroidHttpClient(15104): 	at ayM.a(HttpClientImpl.java:151)
