05-16 11:26:42.564 E/HttpIssuerBase(15104): 	at aIi.a(AccountMetadataUpdater.java:217)
05-16 11:26:42.564 E/HttpIssuerBase(15104): 	at aJx.a(SyncManager.java:259)
05-16 11:26:42.564 E/HttpIssuerBase(15104): 	at aJx.a(SyncManager.java:291)
05-16 11:26:42.564 E/HttpIssuerBase(15104): 	at aIJ.a(DocsSyncAdapter.java:46)
05-16 11:26:42.564 E/HttpIssuerBase(15104): 	at aIL.run(DocsSyncAdapter.java:122)
05-16 11:26:42.564 E/HttpIssuerBase(15104): 	at aOc.a(NetworkUtilitiesImpl.java:29)
05-16 11:26:42.564 E/HttpIssuerBase(15104): 	at aIK.run(DocsSyncAdapter.java:119)
05-16 11:26:42.564 E/AccountMetadataUpdater(15104): Error updating account capability
05-16 11:26:42.564 E/AccountMetadataUpdater(15104): javax.net.ssl.SSLPeerUnverifiedException: No peer certificate
05-16 11:26:42.564 E/AccountMetadataUpdater(15104): 	at com.android.org.conscrypt.SSLSessionImpl.getPeerCertificates(SSLSessionImpl.java:146)
05-16 11:26:42.564 E/AccountMetadataUpdater(15104): 	at org.apache.http.conn.ssl.AbstractVerifier.verify(AbstractVerifier.java:93)
05-16 11:26:42.564 E/AccountMetadataUpdater(15104): 	at org.apache.http.conn.ssl.SSLSocketFactory.createSocket(SSLSocketFactory.java:388)
05-16 11:26:42.564 E/AccountMetadataUpdater(15104): 	at org.apache.http.impl.conn.DefaultClientConnectionOperator.openConnection(DefaultClientConnectionOperator.java:165)
05-16 11:26:42.564 E/AccountMetadataUpdater(15104): 	at org.apache.http.impl.conn.AbstractPoolEntry.open(AbstractPoolEntry.java:164)
05-16 11:26:42.564 E/AccountMetadataUpdater(15104): 	at org.apache.http.impl.conn.AbstractPooledConnAdapter.open(AbstractPooledConnAdapter.java:119)
05-16 11:26:42.564 E/AccountMetadataUpdater(15104): 	at org.apache.http.impl.client.DefaultRequestDirector.execute(DefaultRequestDirector.java:360)
05-16 11:26:42.564 E/AccountMetadataUpdater(15104): 	at org.apache.http.impl.client.AbstractHttpClient.execute(AbstractHttpClient.java:555)
05-16 11:26:42.564 E/AccountMetadataUpdater(15104): 	at org.apache.http.impl.client.AbstractHttpClient.execute(AbstractHttpClient.java:487)
05-16 11:26:42.564 E/AccountMetadataUpdater(15104): 	at org.apache.http.impl.client.AbstractHttpClient.execute(AbstractHttpClient.java:465)
05-16 11:26:42.564 E/AccountMetadataUpdater(15104): 	at ayM.execute(HttpClientImpl.java:255)
05-16 11:26:42.564 E/AccountMetadataUpdater(15104): 	at ayH.a(DefaultHttpIssuer.java:53)
05-16 11:26:42.564 E/AccountMetadataUpdater(15104): 	at ayQ.b(HttpIssuerBase.java:123)
05-16 11:26:42.564 E/AccountMetadataUpdater(15104): 	at ayQ.a(HttpIssuerBase.java:111)
05-16 11:26:42.564 E/AccountMetadataUpdater(15104): 	at ayv.b(DefaultAuthenticatedHttpIssuer.java:213)
05-16 11:26:42.564 E/AccountMetadataUpdater(15104): 	at ayv.a(DefaultAuthenticatedHttpIssuer.java:161)
05-16 11:26:42.564 E/AccountMetadataUpdater(15104): 	at ayv.a(DefaultAuthenticatedHttpIssuer.java:100)
05-16 11:26:42.564 E/AccountMetadataUpdater(15104): 	at aIi.a(AccountMetadataUpdater.java:191)
05-16 11:26:42.564 E/AccountMetadataUpdater(15104): 	at aIi.a(AccountMetadataUpdater.java:113)
05-16 11:26:42.564 E/AccountMetadataUpdater(15104): 	at aIi.a(AccountMetadataUpdater.java:217)
05-16 11:26:42.564 E/AccountMetadataUpdater(15104): 	at aJx.a(SyncManager.java:259)
05-16 11:26:42.564 E/AccountMetadataUpdater(15104): 	at aJx.a(SyncManager.java:291)
05-16 11:26:42.564 E/AccountMetadataUpdater(15104): 	at aIJ.a(DocsSyncAdapter.java:46)
05-16 11:26:42.564 E/AccountMetadataUpdater(15104): 	at aIL.run(DocsSyncAdapter.java:122)
05-16 11:26:42.564 E/AccountMetadataUpdater(15104): 	at aOc.a(NetworkUtilitiesImpl.java:29)
05-16 11:26:42.564 E/AccountMetadataUpdater(15104): 	at aIK.run(DocsSyncAdapter.java:119)
05-16 11:26:42.574 D/wpa_supplicant(  649): nl80211: survey data missing!
05-16 11:26:42.574 I/wpa_supplicant(  649): nl80211: send_and_recv->nl_recvmsgs failed: 20
05-16 11:26:42.574 I/WifiHW  (  571): REPLY: RSSI=-61
05-16 11:26:42.574 I/WifiHW  (  571): REPLY: LINKSPEED=24
05-16 11:26:42.574 I/WifiHW  (  571): REPLY: NOISE=9999
05-16 11:26:42.574 I/WifiHW  (  571): REPLY: FREQUENCY=2472
05-16 11:26:45.584 I/WifiHW  (  571): CMD: IFNAME=wlan0 SIGNAL_POLL
05-16 11:26:45.594 D/wpa_supplicant(  649): nl80211: survey data missing!
05-16 11:26:45.594 I/wpa_supplicant(  649): nl80211: send_and_recv->nl_recvmsgs failed: 20
05-16 11:26:45.594 I/WifiHW  (  571): REPLY: RSSI=-62
05-16 11:26:45.594 I/WifiHW  (  571): REPLY: LINKSPEED=24
05-16 11:26:45.594 I/WifiHW  (  571): REPLY: NOISE=9999
05-16 11:26:45.594 I/WifiHW  (  571): REPLY: FREQUENCY=2472
05-16 11:26:48.604 I/WifiHW  (  571): CMD: IFNAME=wlan0 SIGNAL_POLL
05-16 11:26:48.614 D/wpa_supplicant(  649): nl80211: survey data missing!
05-16 11:26:48.614 I/wpa_supplicant(  649): nl80211: send_and_recv->nl_recvmsgs failed: 20
05-16 11:26:48.614 I/WifiHW  (  571): REPLY: RSSI=-62
05-16 11:26:48.614 I/WifiHW  (  571): REPLY: LINKSPEED=24
05-16 11:26:48.614 I/WifiHW  (  571): REPLY: NOISE=9999
05-16 11:26:48.614 I/WifiHW  (  571): REPLY: FREQUENCY=2472
05-16 11:26:51.614 I/WifiHW  (  571): CMD: IFNAME=wlan0 SIGNAL_POLL
05-16 11:26:51.624 D/wpa_supplicant(  649): nl80211: survey data missing!
05-16 11:26:51.624 I/wpa_supplicant(  649): nl80211: send_and_recv->nl_recvmsgs failed: 20
05-16 11:26:51.624 I/WifiHW  (  571): REPLY: RSSI=-62
05-16 11:26:51.624 I/WifiHW  (  571): REPLY: LINKSPEED=24
05-16 11:26:51.624 I/WifiHW  (  571): REPLY: NOISE=9999
05-16 11:26:51.624 I/WifiHW  (  571): REPLY: FREQUENCY=2472
05-16 11:26:53.274 I/SecurityManagerService(  704): SMS received security event: com.intel.asf.InterprocessSecurityEvent@2ea31270
05-16 11:26:53.274 D/AsfAosp (  571): No ASF clients are connected
05-16 11:26:53.274 I/WAKELOCK_ACQUIRE(  571): TIMESTAMP=70907998520003, TAG=AlarmManager, TYPE=PARTIAL_WAKE_LOCK             , COUNT=0, PID=571, UID=1000, FLAGS=
05-16 11:26:53.274 I/WAKELOCK_ACQUIRE(  571): TIMESTAMP=70908001010372, TAG=NlpWakeLock, TYPE=PARTIAL_WAKE_LOCK             , COUNT=0, PID=1071, UID=10009, FLAGS=
05-16 11:26:53.284 I/WAKELOCK_RELEASE(  571): TIMESTAMP=70908012932397, TAG=AlarmManager, TYPE=PARTIAL_WAKE_LOCK             , COUNT=0, PID=571, UID=1000, FLAGS=
05-16 11:26:53.294 V/AlarmManager(  571): triggered: act=com.google.android.gms.nlp.ALARM_WAKEUP_LOCATOR flg=0x14
05-16 11:26:53.294 V/AlarmManager(  571): Pkg: com.google.android.gms
05-16 11:26:53.294 I/WAKELOCK_ACQUIRE(  571): TIMESTAMP=70908020037558, TAG=NlpWakeLock, TYPE=PARTIAL_WAKE_LOCK             , COUNT=0, PID=1071, UID=10009, FLAGS=
05-16 11:26:53.304 I/WAKELOCK_RELEASE(  571): TIMESTAMP=70908029654716, TAG=NlpWakeLock, TYPE=PARTIAL_WAKE_LOCK             , COUNT=0, PID=1071, UID=10009, FLAGS=
05-16 11:26:53.314 I/WAKELOCK_ACQUIRE(  571): TIMESTAMP=70908041387250, TAG=RILJ, TYPE=PARTIAL_WAKE_LOCK             , COUNT=0, PID=876, UID=1001, FLAGS=
05-16 11:26:53.344 I/WifiHW  (  571): CMD: IFNAME=wlan0 SCAN TYPE=ONLY
05-16 11:26:53.354 D/wpa_supplicant(  649): wlan0: Setting scan request: 0 sec 0 usec
05-16 11:26:53.354 I/WifiHW  (  571): REPLY: OK
05-16 11:26:53.354 D/wpa_supplicant(  649): wlan0: Starting AP scan for wildcard SSID
05-16 11:26:53.354 D/wpa_supplicant(  649): WPS: Building WPS IE for Probe Request
05-16 11:26:53.354 D/wpa_supplicant(  649): P2P: * P2P IE header
05-16 11:26:53.354 D/wpa_supplicant(  649): P2P: * Capability dev=25 group=00
05-16 11:26:53.354 D/wpa_supplicant(  649): P2P: * Listen Channel: Regulatory Class 81 Channel 11
05-16 11:26:53.354 D/wpa_supplicant(  649): wlan0: nl80211: scan request
05-16 11:26:53.374 D/wpa_supplicant(  649): Scan requested (ret=0) - scan timeout 30 seconds
05-16 11:26:53.374 D/wpa_supplicant(  649): nl80211: Drv Event 33 (NL80211_CMD_TRIGGER_SCAN) received for wlan0
05-16 11:26:53.374 D/wpa_supplicant(  649): wlan0: nl80211: Scan trigger
05-16 11:26:53.374 I/wpa_supplicant(  649): nl80211: wpa_driver_nl80211_event_receive->nl_recvmsgs failed: -11
05-16 11:26:53.434 D/GsmLte  (  876): [GsmLteSST] EVENT_GET_CELL_INFO_LIST: error ret null, e=com.android.internal.telephony.CommandException: GENERIC_FAILURE
05-16 11:26:53.434 D/GsmLte  (  876): [GsmLteSST] SST.getAllCellInfo(): X size=0 list=null
05-16 11:26:53.434 D/GsmLte  (  876): [GsmLteSST] getCellLocation(): X empty mCellLoc and CellInfo mCellLoc=[-1,-1,-1]
05-16 11:26:53.434 I/WAKELOCK_RELEASE(  571): TIMESTAMP=70908161287762, TAG=RILJ, TYPE=PARTIAL_WAKE_LOCK             , COUNT=0, PID=876, UID=1001, FLAGS=
05-16 11:26:53.444 D/GsmLte  (  876): [GsmLteSST] SST.getAllCellInfo(): return last, back to back calls
05-16 11:26:53.444 D/GsmLte  (  876): [GsmLteSST] SST.getAllCellInfo(): X size=0 list=null
05-16 11:26:53.444 D/GsmLte  (  876): [GsmLteSST] SST.getAllCellInfo(): return last, back to back calls
05-16 11:26:53.444 D/GsmLte  (  876): [GsmLteSST] SST.getAllCellInfo(): X size=0 list=null
05-16 11:26:53.444 D/GsmLte  (  876): [GsmLteSST] getCellLocation(): X empty mCellLoc and CellInfo mCellLoc=[-1,-1,-1]
05-16 11:26:54.624 I/WifiHW  (  571): CMD: IFNAME=wlan0 SIGNAL_POLL
05-16 11:26:54.634 D/wpa_supplicant(  649): nl80211: survey data missing!
05-16 11:26:54.634 I/wpa_supplicant(  649): nl80211: send_and_recv->nl_recvmsgs failed: 20
05-16 11:26:54.634 I/WifiHW  (  571): REPLY: RSSI=-61
05-16 11:26:54.634 I/WifiHW  (  571): REPLY: LINKSPEED=24
05-16 11:26:54.634 I/WifiHW  (  571): REPLY: NOISE=9999
05-16 11:26:54.634 I/WifiHW  (  571): REPLY: FREQUENCY=2472
05-16 11:26:55.014 D/wpa_supplicant(  649): nl80211: Drv Event 34 (NL80211_CMD_NEW_SCAN_RESULTS) received for wlan0
05-16 11:26:55.014 D/wpa_supplicant(  649): wlan0: nl80211: New scan results available
05-16 11:26:55.014 D/wpa_supplicant(  649): wlan0: Event SCAN_RESULTS (3) received
05-16 11:26:55.014 D/wpa_supplicant(  649): nl80211: Associated on 2472 MHz
05-16 11:26:55.014 D/wpa_supplicant(  649): nl80211: Associated with 00:1a:e8:14:4f:da
05-16 11:26:55.014 I/wpa_supplicant(  649): nl80211: send_and_recv->nl_recvmsgs failed: 20
05-16 11:26:55.014 D/wpa_supplicant(  649): nl80211: Received scan results (26 BSSes)
05-16 11:26:55.014 D/wpa_supplicant(  649): nl80211: Survey data missing
05-16 11:26:55.014 I/wpa_supplicant(  649): nl80211: send_and_recv->nl_recvmsgs failed: 20
05-16 11:26:55.014 D/wpa_supplicant(  649): nl80211: Scan results indicate BSS status with 00:1a:e8:14:4f:da as associated
05-16 11:26:55.014 D/wpa_supplicant(  649): wlan0: BSS: Start scan result update 253
05-16 11:26:55.014 D/wpa_supplicant(  649): wlan0: BSS: Add new id 5151 BSSID fc:75:16:99:29:8e SSID 'himitsu'
05-16 11:26:55.014 D/wpa_supplicant(  649): wlan0: BSS: Add new id 5152 BSSID 00:1f:45:f2:f0:8a SSID 'BORQS Test'
05-16 11:26:55.014 D/wpa_supplicant(  649): wlan0: BSS: Add new id 5153 BSSID 3c:e5:a6:2a:37:90 SSID 'S-space'
05-16 11:26:55.014 D/wpa_supplicant(  649): wlan0: BSS: Add new id 5154 BSSID 58:6d:8f:85:cf:56 SSID 'PnP-Server'
05-16 11:26:55.014 D/wpa_supplicant(  649): wlan0: BSS: Add new id 5155 BSSID 5c:33:8e:06:fb:51 SSID 'CTS-01'
05-16 11:26:55.014 D/wpa_supplicant(  649): wlan0: BSS: Add new id 5156 BSSID 3c:e5:a6:2a:37:d0 SSID 'RD-office'
05-16 11:26:55.014 D/wpa_supplicant(  649): wlan0: BSS: Add new id 5157 BSSID 00:36:76:32:af:f5 SSID '360WiFi-AFF5'
05-16 11:26:55.014 D/wpa_supplicant(  649): wlan0: BSS: Add new id 5158 BSSID 20:b3:99:1d:66:2b SSID 'BORQS Wifi'
05-16 11:26:55.014 D/wpa_supplicant(  649): wlan0: BSS: Add new id 5159 BSSID e0:46:9a:6a:e5:a2 SSID 'test-zzy'
05-16 11:26:55.014 D/wpa_supplicant(  649): wlan0: BSS: Add new id 5160 BSSID 00:36:76:0f:9e:2d SSID '360WiFi-9E2D'
05-16 11:26:55.014 D/wpa_supplicant(  649): wlan0: BSS: Add new id 5161 BSSID c4:ca:d9:8b:be:60 SSID 'RD-office'
05-16 11:26:55.014 D/wpa_supplicant(  649): wlan0: BSS: Add new id 5162 BSSID 00:1d:7e:19:41:3d SSID 'linksys1'
05-16 11:26:55.014 D/wpa_supplicant(  649): wlan0: BSS: Add new id 5163 BSSID 00:36:76:0f:b9:7d SSID 'ZSB97D'
05-16 11:26:55.014 D/wpa_supplicant(  649): wlan0: BSS: Add new id 5164 BSSID 40:16:9f:74:a2:7e SSID ''
05-16 11:26:55.014 D/wpa_supplicant(  649): wlan0: BSS: Add new id 5165 BSSID 3c:e5:a6:2a:27:e0 SSID 'RD-office'
05-16 11:26:55.014 D/wpa_supplicant(  649): wlan0: BSS: Add new id 5166 BSSID c8:3a:35:0e:ad:68 SSID 'Tenda_0EAD68'
05-16 11:26:55.014 D/wpa_supplicant(  649): wlan0: BSS: Add new id 5167 BSSID 00:22:6b:a6:e5:1d SSID 'BorqsOSS'
05-16 11:26:55.014 D/wpa_supplicant(  649): wlan0: BSS: Add new id 5168 BSSID 3c:e5:a6:2a:44:a0 SSID 'RD-office'
05-16 11:26:55.014 D/wpa_supplicant(  649): wlan0: BSS: Add new id 5169 BSSID 00:1a:e8:14:4b:db SSID 'BORQS Wifi'
05-16 11:26:55.014 D/wpa_supplicant(  649): wlan0: BSS: Add new id 5170 BSSID c4:ca:d9:8b:be:d0 SSID 'RD-office'
05-16 11:26:55.014 D/wpa_supplicant(  649): wlan0: BSS: Add new id 5171 BSSID c4:ca:d9:8b:b6:20 SSID 'RD-office'
05-16 11:26:55.014 D/wpa_supplicant(  649): wlan0: BSS: Add new id 5172 BSSID 00:27:19:61:f5:32 SSID 'mm-near'
05-16 11:26:55.014 D/wpa_supplicant(  649): wlan0: BSS: Add new id 5173 BSSID 00:1f:45:f2:f0:89 SSID 'BORQS Guest'
05-16 11:26:55.014 D/wpa_supplicant(  649): wlan0: BSS: Add new id 5174 BSSID 00:1a:e8:14:4f:d9 SSID 'BORQS Guest'
05-16 11:26:55.014 D/wpa_supplicant(  649): wlan0: BSS: Add new id 5175 BSSID 20:b3:99:1d:66:29 SSID 'BORQS Guest'
05-16 11:26:55.014 D/wpa_supplicant(  649): BSS: last_scan_res_used=26/64 last_scan_full=0
05-16 11:26:55.014 D/wpa_supplicant(  649): wlan0: Scan-only results received
05-16 11:26:55.014 D/wpa_supplicant(  649): wlan0: P2P: Station mode scan operation not pending anymore (sta_scan_pending=0 p2p_cb_on_scan_complete=0)
05-16 11:26:55.014 I/wpa_supplicant(  649): nl80211: wpa_driver_nl80211_event_receive->nl_recvmsgs failed: -11
05-16 11:26:55.024 I/WifiHW  (  571): EVENT: IFNAME=wlan0 CTRL-EVENT-BSS-ADDED 5151 fc:75:16:99:29:8e
05-16 11:26:55.024 I/WifiHW  (  571): EVENT: IFNAME=wlan0 CTRL-EVENT-BSS-ADDED 5152 00:1f:45:f2:f0:8a
05-16 11:26:55.024 I/WifiHW  (  571): EVENT: IFNAME=wlan0 CTRL-EVENT-BSS-ADDED 5153 3c:e5:a6:2a:37:90
05-16 11:26:55.024 I/WifiHW  (  571): EVENT: IFNAME=wlan0 CTRL-EVENT-BSS-ADDED 5154 58:6d:8f:85:cf:56
05-16 11:26:55.024 I/WifiHW  (  571): EVENT: IFNAME=wlan0 CTRL-EVENT-BSS-ADDED 5155 5c:33:8e:06:fb:51
05-16 11:26:55.024 I/WifiHW  (  571): EVENT: IFNAME=wlan0 CTRL-EVENT-BSS-ADDED 5156 3c:e5:a6:2a:37:d0
05-16 11:26:55.024 I/WifiHW  (  571): EVENT: IFNAME=wlan0 CTRL-EVENT-BSS-ADDED 5157 00:36:76:32:af:f5
05-16 11:26:55.024 I/WifiHW  (  571): EVENT: IFNAME=wlan0 CTRL-EVENT-BSS-ADDED 5158 20:b3:99:1d:66:2b
05-16 11:26:55.024 I/WifiHW  (  571): EVENT: IFNAME=wlan0 CTRL-EVENT-BSS-ADDED 5159 e0:46:9a:6a:e5:a2
05-16 11:26:55.024 I/WifiHW  (  571): EVENT: IFNAME=wlan0 CTRL-EVENT-BSS-ADDED 5160 00:36:76:0f:9e:2d
05-16 11:26:55.024 I/WifiHW  (  571): EVENT: IFNAME=wlan0 CTRL-EVENT-BSS-ADDED 5161 c4:ca:d9:8b:be:60
05-16 11:26:55.024 I/WifiHW  (  571): EVENT: IFNAME=wlan0 CTRL-EVENT-BSS-ADDED 5162 00:1d:7e:19:41:3d
05-16 11:26:55.024 I/WifiHW  (  571): EVENT: IFNAME=wlan0 CTRL-EVENT-BSS-ADDED 5163 00:36:76:0f:b9:7d
05-16 11:26:55.024 I/WifiHW  (  571): EVENT: IFNAME=wlan0 CTRL-EVENT-BSS-ADDED 5164 40:16:9f:74:a2:7e
05-16 11:26:55.024 I/WifiHW  (  571): EVENT: IFNAME=wlan0 CTRL-EVENT-BSS-ADDED 5165 3c:e5:a6:2a:27:e0
05-16 11:26:55.024 I/WifiHW  (  571): EVENT: IFNAME=wlan0 CTRL-EVENT-BSS-ADDED 5166 c8:3a:35:0e:ad:68
05-16 11:26:55.024 I/WifiHW  (  571): EVENT: IFNAME=wlan0 CTRL-EVENT-BSS-ADDED 5167 00:22:6b:a6:e5:1d
05-16 11:26:55.024 I/WifiHW  (  571): EVENT: IFNAME=wlan0 CTRL-EVENT-BSS-ADDED 5168 3c:e5:a6:2a:44:a0
05-16 11:26:55.024 I/WifiHW  (  571): EVENT: IFNAME=wlan0 CTRL-EVENT-BSS-ADDED 5169 00:1a:e8:14:4b:db
05-16 11:26:55.024 I/WifiHW  (  571): EVENT: IFNAME=wlan0 CTRL-EVENT-BSS-ADDED 5170 c4:ca:d9:8b:be:d0
05-16 11:26:55.024 I/WifiHW  (  571): EVENT: IFNAME=wlan0 CTRL-EVENT-BSS-ADDED 5171 c4:ca:d9:8b:b6:20
05-16 11:26:55.024 I/WifiHW  (  571): EVENT: IFNAME=wlan0 CTRL-EVENT-BSS-ADDED 5172 00:27:19:61:f5:32
05-16 11:26:55.024 I/WifiHW  (  571): EVENT: IFNAME=wlan0 CTRL-EVENT-BSS-ADDED 5173 00:1f:45:f2:f0:89
05-16 11:26:55.024 I/WifiHW  (  571): EVENT: IFNAME=wlan0 CTRL-EVENT-BSS-ADDED 5174 00:1a:e8:14:4f:d9
05-16 11:26:55.034 I/WifiHW  (  571): EVENT: IFNAME=wlan0 CTRL-EVENT-BSS-ADDED 5175 20:b3:99:1d:66:29
05-16 11:26:55.034 I/WifiHW  (  571): EVENT: IFNAME=wlan0 CTRL-EVENT-SCAN-RESULTS 
05-16 11:26:55.034 I/WifiHW  (  571): CMD: IFNAME=wlan0 BSS RANGE=0- MASK=0x21987
05-16 11:26:55.034 I/WifiHW  (  571): REPLY: id=4860
05-16 11:26:55.034 I/WifiHW  (  571): REPLY: bssid=00:1a:e8:14:4f:da
05-16 11:26:55.034 I/WifiHW  (  571): REPLY: freq=2472
05-16 11:26:55.034 I/WifiHW  (  571): REPLY: level=-60
05-16 11:26:55.034 I/WifiHW  (  571): REPLY: tsf=0000070909737058
05-16 11:26:55.034 I/WifiHW  (  571): REPLY: flags=[WPA-PSK-CCMP+TKIP][WPA2-PSK-CCMP+TKIP][ESS]
05-16 11:26:55.034 I/WifiHW  (  571): REPLY: ssid=BORQS Test
05-16 11:26:55.034 I/WifiHW  (  571): REPLY: ====
05-16 11:26:55.034 I/WifiHW  (  571): REPLY: id=5151
05-16 11:26:55.034 I/WifiHW  (  571): REPLY: bssid=fc:75:16:99:29:8e
05-16 11:26:55.034 I/WifiHW  (  571): REPLY: freq=2417
05-16 11:26:55.034 I/WifiHW  (  571): REPLY: level=-58
05-16 11:26:55.034 I/WifiHW  (  571): REPLY: tsf=0000070909737033
05-16 11:26:55.034 I/WifiHW  (  571): REPLY: flags=[WPA-PSK-CCMP+TKIP][WPA2-PSK-CCMP+TKIP][WPS][ESS]
05-16 11:26:55.034 I/WifiHW  (  571): REPLY: ssid=himitsu
05-16 11:26:55.034 I/WifiHW  (  571): REPLY: ====
05-16 11:26:55.034 I/WifiHW  (  571): REPLY: id=5152
05-16 11:26:55.034 I/WifiHW  (  571): REPLY: bssid=00:1f:45:f2:f0:8a
05-16 11:26:55.034 I/WifiHW  (  571): REPLY: freq=2462
05-16 11:26:55.034 I/WifiHW  (  571): REPLY: level=-59
05-16 11:26:55.034 I/WifiHW  (  571): REPLY: tsf=0000070909737122
05-16 11:26:55.034 I/WifiHW  (  571): REPLY: flags=[WPA-PSK-CCMP+TKIP][WPA2-PSK-CCMP+TKIP][ESS]
05-16 11:26:55.034 I/WifiHW  (  571): REPLY: ssid=BORQS Test
05-16 11:26:55.034 I/WifiHW  (  571): REPLY: ====
05-16 11:26:55.034 I/WifiHW  (  571): REPLY: id=5153
05-16 11:26:55.034 I/WifiHW  (  571): REPLY: bssid=3c:e5:a6:2a:37:90
05-16 11:26:55.034 I/WifiHW  (  571): REPLY: freq=2412
05-16 11:26:55.034 I/WifiHW  (  571): REPLY: level=-72
05-16 11:26:55.034 I/WifiHW  (  571): REPLY: tsf=0000070909736993
05-16 11:26:55.034 I/WifiHW  (  571): REPLY: flags=[WPA2-PSK-CCMP][ESS]
05-16 11:26:55.034 I/WifiHW  (  571): REPLY: ssid=S-space
05-16 11:26:55.034 I/WifiHW  (  571): REPLY: ====
05-16 11:26:55.034 I/WifiHW  (  571): REPLY: id=5154
05-16 11:26:55.034 I/WifiHW  (  571): REPLY: bssid=58:6d:8f:85:cf:56
05-16 11:26:55.034 I/WifiHW  (  571): REPLY: freq=2412
05-16 11:26:55.034 I/WifiHW  (  571): REPLY: level=-72
05-16 11:26:55.034 I/WifiHW  (  571): REPLY: tsf=0000070909737010
05-16 11:26:55.034 I/WifiHW  (  571): REPLY: flags=[WPA-PSK-CCMP+TKIP][WPA2-PSK-CCMP+TKIP][WPS][ESS]
05-16 11:26:55.034 I/WifiHW  (  571): REPLY: ssid=PnP-Server
05-16 11:26:55.034 I/WifiHW  (  571): REPLY: ====
05-16 11:26:55.034 I/WifiHW  (  571): REPLY: id=5155
05-16 11:26:55.034 I/WifiHW  (  571): REPLY: bssid=5c:33:8e:06:fb:51
05-16 11:26:55.034 I/WifiHW  (  571): REPLY: freq=2447
05-16 11:26:55.034 I/WifiHW  (  571): REPLY: level=-76
05-16 11:26:55.034 I/WifiHW  (  571): REPLY: tsf=0000070909737099
05-16 11:26:55.034 I/WifiHW  (  571): REPLY: flags=[WPA-PSK-CCMP][WPA2-PSK-CCMP][ESS]
05-16 11:26:55.034 I/WifiHW  (  571): REPLY: ssid=CTS-01
05-16 11:26:55.034 I/WifiHW  (  571): REPLY: ====
05-16 11:26:55.034 I/WifiHW  (  571): REPLY: id=5156
05-16 11:26:55.034 I/WifiHW  (  571): REPLY: bssid=3c:e5:a6:2a:37:d0
05-16 11:26:55.034 I/WifiHW  (  571): REPLY: freq=2462
05-16 11:26:55.034 I/WifiHW  (  571): REPLY: level=-78
05-16 11:26:55.034 I/WifiHW  (  571): REPLY: tsf=0000070909737138
05-16 11:26:55.034 I/WifiHW  (  571): REPLY: flags=[WPA2-PSK-CCMP][ESS]
05-16 11:26:55.034 I/WifiHW  (  571): REPLY: ssid=RD-office
05-16 11:26:55.034 I/WifiHW  (  571): REPLY: ====
05-16 11:26:55.034 I/WifiHW  (  571): REPLY: id=5157
05-16 11:26:55.034 I/WifiHW  (  571): REPLY: bssid=00:36:76:32:af:f5
05-16 11:26:55.034 I/WifiHW  (  571): REPLY: freq=2462
05-16 11:26:55.034 I/WifiHW  (  571): REPLY: level=-79
05-16 11:26:55.034 I/WifiHW  (  571): REPLY: tsf=0000070909737145
05-16 11:26:55.034 I/WifiHW  (  571): REPLY: flags=[WPA-PSK-CCMP][WPA2-PSK-CCMP][ESS]
05-16 11:26:55.034 I/WifiHW  (  571): REPLY: ssid=360WiFi-AFF5
05-16 11:26:55.034 I/WifiHW  (  571): REPLY: ====
05-16 11:26:55.034 I/WifiHW  (  571): REPLY: id=5158
05-16 11:26:55.034 I/WifiHW  (  571): REPLY: bssid=20:b3:99:1d:66:2b
05-16 11:26:55.034 I/WifiHW  (  571): REPLY: freq=2412
05-16 11:26:55.034 I/WifiHW  (  571): REPLY: level=-79
05-16 11:26:55.034 I/WifiHW  (  571): REPLY: tsf=0000070909737017
05-16 11:26:55.034 I/WifiHW  (  571): REPLY: flags=[WPA-PSK-CCMP+TKIP][WPA2-PSK-CCMP+TKIP][ESS]
05-16 11:26:55.034 I/WifiHW  (  571): REPLY: ssid=BORQS Wifi
05-16 11:26:55.034 I/WifiHW  (  571): REPLY: ====
05-16 11:26:55.034 I/WifiHW  (  571): REPLY: id=5159
05-16 11:26:55.034 I/WifiHW  (  571): REPLY: bssid=e0:46:9a:6a:e5:a2
05-16 11:26:55.034 I/WifiHW  (  571): REPLY: freq=2412
05-16 11:26:55.034 I/WifiHW  (  571): REPLY: level=-82
05-16 11:26:55.034 I/WifiHW  (  571): REPLY: tsf=0000070909737001
05-16 11:26:55.034 I/WifiHW  (  571): REPLY: flags=[WPA-PSK-TKIP][WPS][ESS]
05-16 11:26:55.034 I/WifiHW  (  571): REPLY: ssid=test-zzy
05-16 11:26:55.034 I/WifiHW  (  571): REPLY: ====
05-16 11:26:55.034 I/WifiHW  (  571): REPLY: id=5160
05-16 11:26:55.034 I/WifiHW  (  571): REPLY: bssid=00:36:76:0f:9e:2d
05-16 11:26:55.034 I/WifiHW  (  571): REPLY: freq=2437
05-16 11:26:55.034 I/WifiHW  (  571): REPLY: level=-83
05-16 11:26:55.034 I/WifiHW  (  571): REPLY: tsf=0000070909737091
05-16 11:26:55.034 I/WifiHW  (  571): REPLY: flags=[WPA-PSK-CCMP][WPA2-PSK-CCMP][ESS]
05-16 11:26:55.034 I/WifiHW  (  571): REPLY: ssid=360WiFi-9E2D
05-16 11:26:55.034 I/WifiHW  (  571): REPLY: ====
05-16 11:26:55.034 I/WifiHW  (  571): REPLY: id=5161
05-16 11:26:55.034 I/WifiHW  (  571): REPLY: bssid=c4:ca:d9:8b:be:60
05-16 11:26:55.034 I/WifiHW  (  571): REPLY: freq=2437
05-16 11:26:55.034 I/WifiHW  (  571): REPLY: level=-85
05-16 11:26:55.034 I/WifiHW  (  571): REPLY: tsf=0000070909737082
05-16 11:26:55.034 I/WifiHW  (  571): REPLY: flags=[WPA2-PSK-CCMP][ESS]
05-16 11:26:55.034 I/WifiHW  (  571): REPLY: ssid=RD-office
05-16 11:26:55.034 I/WifiHW  (  571): REPLY: ====
05-16 11:26:55.034 I/WifiHW  (  571): REPLY: id=5162
05-16 11:26:55.034 I/WifiHW  (  571): REPLY: bssid=00:1d:7e:19:41:3d
05-16 11:26:55.034 I/WifiHW  (  571): REPLY: freq=2457
05-16 11:26:55.034 I/WifiHW  (  571): REPLY: level=-85
05-16 11:26:55.034 I/WifiHW  (  571): REPLY: tsf=0000070909737130
05-16 11:26:55.034 I/WifiHW  (  571): REPLY: flags=[WPA2-PSK-CCMP][ESS]
05-16 11:26:55.034 I/WifiHW  (  571): REPLY: ssid=linksys1
05-16 11:26:55.034 I/WifiHW  (  571): REPLY: ====
05-16 11:26:55.034 I/WifiHW  (  571): REPLY: id=5163
05-16 11:26:55.034 I/WifiHW  (  571): REPLY: bssid=00:36:76:0f:b9:7d
05-16 11:26:55.034 I/WifiHW  (  571): REPLY: freq=2437
05-16 11:26:55.034 I/WifiHW  (  571): REPLY: level=-86
05-16 11:26:55.034 I/WifiHW  (  571): REPLY: tsf=0000070909737107
05-16 11:26:55.034 I/WifiHW  (  571): REPLY: flags=[WPA-PSK-CCMP][WPA2-PSK-CCMP][ESS]
05-16 11:26:55.034 I/WifiHW  (  571): REPLY: ssid=ZSB97D
05-16 11:26:55.034 I/WifiHW  (  571): REPLY: ====
05-16 11:26:55.034 I/WifiHW  (  571): REPLY: id=5164
05-16 11:26:55.034 I/WifiHW  (  571): REPLY: bssid=40:16:9f:74:a2:7e
05-16 11:26:55.034 I/WifiHW  (  571): REPLY: freq=2462
05-16 11:26:55.034 I/WifiHW  (  571): REPLY: level=-87
05-16 11:26:55.034 I/WifiHW  (  571): REPLY: tsf=0000070909737160
05-16 11:26:55.034 I/WifiHW  (  571): REPLY: flags=[WPA-PSK-CCMP][WPA2-PSK-CCMP][WPS][ESS]
05-16 11:26:55.034 I/WifiHW  (  571): REPLY: ssid=
05-16 11:26:55.034 I/WifiHW  (  571): REPLY: ====
05-16 11:26:55.034 I/WifiHW  (  571): REPLY: id=5165
05-16 11:26:55.034 I/WifiHW  (  571): REPLY: bssid=3c:e5:a6:2a:27:e0
05-16 11:26:55.034 I/WifiHW  (  571): REPLY: freq=2412
05-16 11:26:55.034 I/WifiHW  (  571): REPLY: level=-88
05-16 11:26:55.034 I/WifiHW  (  571): REPLY: tsf=0000070909737042
05-16 11:26:55.034 I/WifiHW  (  571): REPLY: flags=[WPA2-PSK-CCMP][ESS]
05-16 11:26:55.034 I/WifiHW  (  571): REPLY: ssid=RD-office
05-16 11:26:55.034 I/WifiHW  (  571): REPLY: ====
05-16 11:26:55.034 I/WifiHW  (  571): REPLY: id=5166
05-16 11:26:55.034 I/WifiHW  (  571): REPLY: bssid=c8:3a:35:0e:ad:68
05-16 11:26:55.034 I/WifiHW  (  571): REPLY: freq=2447
05-16 11:26:55.034 I/WifiHW  (  571): REPLY: level=-89
05-16 11:26:55.034 I/WifiHW  (  571): REPLY: tsf=0000070909737114
05-16 11:26:55.034 I/WifiHW  (  571): REPLY: flags=[WPA-PSK-CCMP][ESS]
05-16 11:26:55.034 I/WifiHW  (  571): REPLY: ssid=Tenda_0EAD68
05-16 11:26:55.034 I/WifiHW  (  571): REPLY: ====
05-16 11:26:55.034 I/WifiHW  (  571): REPLY: id=5167
05-16 11:26:55.034 I/WifiHW  (  571): REPLY: bssid=00:22:6b:a6:e5:1d
05-16 11:26:55.034 I/WifiHW  (  571): REPLY: freq=2462
05-16 11:26:55.034 I/WifiHW  (  571): REPLY: level=-89
05-16 11:26:55.034 I/WifiHW  (  571): REPLY: tsf=0000070909737183
05-16 11:26:55.034 I/WifiHW  (  571): REPLY: flags=[WPA2-PSK-CCMP][ESS]
05-16 11:26:55.034 I/WifiHW  (  571): REPLY: ssid=BorqsOSS
05-16 11:26:55.034 I/WifiHW  (  571): REPLY: ====
05-16 11:26:55.034 I/WifiHW  (  571): REPLY: id=5168
05-16 11:26:55.034 I/WifiHW  (  571): REPLY: bssid=3c:e5:a6:2a:44:a0
05-16 11:26:55.034 I/WifiHW  (  571): REPLY: freq=2427
05-16 11:26:55.034 I/WifiHW  (  571): REPLY: level=-90
05-16 11:26:55.034 I/WifiHW  (  571): REPLY: tsf=0000070909737065
05-16 11:26:55.034 I/WifiHW  (  571): REPLY: flags=[WPA-PSK-CCMP][ESS]
05-16 11:26:55.034 I/WifiHW  (  571): REPLY: ssid=RD-office
05-16 11:26:55.034 I/WifiHW  (  571): REPLY: ====
05-16 11:26:55.034 I/WifiHW  (  571): REPLY: id=5169
05-16 11:26:55.034 I/WifiHW  (  571): REPLY: bssid=00:1a:e8:14:4b:db
05-16 11:26:55.034 I/WifiHW  (  571): REPLY: freq=2462
05-16 11:26:55.034 I/WifiHW  (  571): REPLY: level=-91
05-16 11:26:55.034 I/WifiHW  (  571): REPLY: tsf=0000070909737175
05-16 11:26:55.034 I/WifiHW  (  571): REPLY: flags=[WPA-PSK-CCMP+TKIP][WPA2-PSK-CCMP+TKIP][ESS]
05-16 11:26:55.034 I/WifiHW  (  571): REPLY: ssid=BORQS Wifi
05-16 11:26:55.034 I/WifiHW  (  571): REPLY: ====
05-16 11:26:55.034 I/WifiHW  (  571): REPLY: id=5170
05-16 11:26:55.034 I/WifiHW  (  571): REPLY: bssid=c4:ca:d9:8b:be:d0
05-16 11:26:55.034 I/WifiHW  (  571): REPLY: freq=2412
05-16 11:26:55.034 I/WifiHW  (  571): REPLY: level=-91
05-16 11:26:55.034 I/WifiHW  (  571): REPLY: tsf=0000070909737024
05-16 11:26:55.034 I/WifiHW  (  571): REPLY: flags=[WPA2-PSK-CCMP][ESS]
05-16 11:26:55.034 I/WifiHW  (  571): REPLY: ssid=RD-office
05-16 11:26:55.034 I/WifiHW  (  571): REPLY: ====
05-16 11:26:55.034 I/WifiHW  (  571): REPLY: id=5171
05-16 11:26:55.034 I/WifiHW  (  571): REPLY: bssid=c4:ca:d9:8b:b6:20
05-16 11:26:55.034 I/WifiHW  (  571): REPLY: freq=2462
05-16 11:26:55.034 I/WifiHW  (  571): REPLY: level=-91
05-16 11:26:55.034 I/WifiHW  (  571): REPLY: tsf=0000070909737168
05-16 11:26:55.034 I/WifiHW  (  571): REPLY: flags=[WPA2-PSK-CCMP][ESS]
05-16 11:26:55.034 I/WifiHW  (  571): REPLY: ssid=RD-office
05-16 11:26:55.034 I/WifiHW  (  571): REPLY: ====
05-16 11:26:55.034 I/WifiHW  (  571): REPLY: id=5172
05-16 11:26:55.034 I/WifiHW  (  571): REPLY: bssid=00:27:19:61:f5:32
05-16 11:26:55.034 I/WifiHW  (  571): REPLY: freq=2437
05-16 11:26:55.034 I/WifiHW  (  571): REPLY: level=-92
05-16 11:26:55.034 I/WifiHW  (  571): REPLY: tsf=0000070909737073
05-16 11:26:55.034 I/WifiHW  (  571): REPLY: flags=[WPA-PSK-CCMP+TKIP][WPA2-PSK-CCMP+TKIP][WPS][ESS]
05-16 11:26:55.034 I/WifiHW  (  571): REPLY: ssid=mm-near
05-16 11:26:55.034 I/WifiHW  (  571): REPLY: ====
05-16 11:26:55.034 I/WifiHW  (  571): REPLY: id=5173
05-16 11:26:55.034 I/WifiHW  (  571): REPLY: bssid=00:1f:45:f2:f0:89
05-16 11:26:55.034 I/WifiHW  (  571): REPLY: freq=2462
05-16 11:26:55.034 I/WifiHW  (  571): REPLY: level=-58
05-16 11:26:55.034 I/WifiHW  (  571): REPLY: tsf=0000070909737153
05-16 11:26:55.034 I/WifiHW  (  571): REPLY: flags=[ESS]
05-16 11:26:55.034 I/WifiHW  (  571): REPLY: ssid=BORQS Guest
05-16 11:26:55.034 I/WifiHW  (  571): REPLY: ====
05-16 11:26:55.034 I/WifiHW  (  571): REPLY: id=5174
05-16 11:26:55.034 I/WifiHW  (  571): REPLY: bssid=00:1a:e8:14:4f:d9
05-16 11:26:55.034 I/WifiHW  (  571): REPLY: freq=2472
05-16 11:26:55.034 I/WifiHW  (  571): REPLY: level=-62
05-16 11:26:55.034 I/WifiHW  (  571): REPLY: tsf=0000070909737191
05-16 11:26:55.034 I/WifiHW  (  571): REPLY: flags=[ESS]
05-16 11:26:55.034 I/WifiHW  (  571): REPLY: ssid=BORQS Guest
05-16 11:26:55.034 I/WifiHW  (  571): REPLY: ====
05-16 11:26:55.034 I/WifiHW  (  571): REPLY: id=5175
05-16 11:26:55.034 I/WifiHW  (  571): REPLY: bssid=20:b3:99:1d:66:29
05-16 11:26:55.034 I/WifiHW  (  571): REPLY: freq=2412
05-16 11:26:55.034 I/WifiHW  (  571): REPLY: level=-78
05-16 11:26:55.034 I/WifiHW  (  571): REPLY: tsf=0000070909737050
05-16 11:26:55.034 I/WifiHW  (  571): REPLY: flags=[ESS]
05-16 11:26:55.034 I/WifiHW  (  571): REPLY: ssid=BORQS Guest
05-16 11:26:55.034 I/WifiHW  (  571): REPLY: ####
05-16 11:26:55.044 I/SecurityManagerService(  704): SMS received security event: com.intel.asf.InterprocessSecurityEvent@2e91fa68
05-16 11:26:55.044 D/AsfAosp (  571): No ASF clients are connected
05-16 11:26:55.084 I/WAKELOCK_ACQUIRE(  571): TIMESTAMP=70909809732611, TAG=NlpWakeLock, TYPE=PARTIAL_WAKE_LOCK             , COUNT=0, PID=1071, UID=10009, FLAGS=
05-16 11:26:55.084 I/WAKELOCK_RELEASE(  571): TIMESTAMP=70909811186795, TAG=NlpWakeLock, TYPE=PARTIAL_WAKE_LOCK             , COUNT=0, PID=1071, UID=10009, FLAGS=
05-16 11:26:55.084 I/WAKELOCK_ACQUIRE(  571): TIMESTAMP=70909811360939, TAG=NlpWakeLock, TYPE=PARTIAL_WAKE_LOCK             , COUNT=0, PID=1071, UID=10009, FLAGS=
05-16 11:26:55.084 I/WAKELOCK_RELEASE(  571): TIMESTAMP=70909812701789, TAG=NlpWakeLock, TYPE=PARTIAL_WAKE_LOCK             , COUNT=0, PID=1071, UID=10009, FLAGS=
05-16 11:26:55.084 I/WAKELOCK_ACQUIRE(  571): TIMESTAMP=70909812948912, TAG=NlpWakeLock, TYPE=PARTIAL_WAKE_LOCK             , COUNT=0, PID=1071, UID=10009, FLAGS=
05-16 11:26:55.094 I/SecurityManagerService(  704): SMS received security event: com.intel.asf.InterprocessSecurityEvent@2e9707f0
05-16 11:26:55.094 D/AsfAosp (  571): No ASF clients are connected
05-16 11:26:55.094 I/WAKELOCK_RELEASE(  571): TIMESTAMP=70909814250362, TAG=NlpWakeLock, TYPE=PARTIAL_WAKE_LOCK             , COUNT=0, PID=1071, UID=10009, FLAGS=
05-16 11:26:55.094 I/WAKELOCK_ACQUIRE(  571): TIMESTAMP=70909815255989, TAG=GCoreFlp, TYPE=PARTIAL_WAKE_LOCK             , COUNT=0, PID=1071, UID=10009, FLAGS=
05-16 11:26:55.094 I/WAKELOCK_RELEASE(  571): TIMESTAMP=70909821199048, TAG=NlpWakeLock, TYPE=PARTIAL_WAKE_LOCK             , COUNT=0, PID=1071, UID=10009, FLAGS=
05-16 11:26:55.094 I/WAKELOCK_ACQUIRE(  571): TIMESTAMP=70909821761270, TAG=GCoreFlp, TYPE=PARTIAL_WAKE_LOCK             , COUNT=0, PID=1071, UID=10009, FLAGS=
05-16 11:26:55.104 I/WAKELOCK_RELEASE(  571): TIMESTAMP=70909825484106, TAG=GCoreFlp, TYPE=PARTIAL_WAKE_LOCK             , COUNT=0, PID=1071, UID=10009, FLAGS=
05-16 11:26:55.104 I/WAKELOCK_ACQUIRE(  571): TIMESTAMP=70909826238328, TAG=LocationManagerService, TYPE=PARTIAL_WAKE_LOCK             , COUNT=0, PID=571, UID=1000, FLAGS=
05-16 11:26:55.104 I/WAKELOCK_ACQUIRE(  571): TIMESTAMP=70909826527961, TAG=LocationManagerService, TYPE=PARTIAL_WAKE_LOCK             , COUNT=0, PID=571, UID=1000, FLAGS=
05-16 11:26:55.104 I/WAKELOCK_ACQUIRE(  571): TIMESTAMP=70909826925137, TAG=LocationManagerService, TYPE=PARTIAL_WAKE_LOCK             , COUNT=0, PID=571, UID=1000, FLAGS=
05-16 11:26:55.104 I/WAKELOCK_ACQUIRE(  571): TIMESTAMP=70909827821756, TAG=LocationManagerService, TYPE=PARTIAL_WAKE_LOCK             , COUNT=0, PID=571, UID=1000, FLAGS=
05-16 11:26:55.104 I/WAKELOCK_RELEASE(  571): TIMESTAMP=70909828173379, TAG=LocationManagerService, TYPE=PARTIAL_WAKE_LOCK             , COUNT=0, PID=571, UID=1000, FLAGS=
05-16 11:26:55.104 I/WAKELOCK_RELEASE(  571): TIMESTAMP=70909828326925, TAG=LocationManagerService, TYPE=PARTIAL_WAKE_LOCK             , COUNT=0, PID=571, UID=1000, FLAGS=
05-16 11:26:55.104 I/WAKELOCK_RELEASE(  571): TIMESTAMP=70909828505839, TAG=LocationManagerService, TYPE=PARTIAL_WAKE_LOCK             , COUNT=0, PID=571, UID=1000, FLAGS=
05-16 11:26:55.124 I/WAKELOCK_RELEASE(  571): TIMESTAMP=70909845197681, TAG=GCoreFlp, TYPE=PARTIAL_WAKE_LOCK             , COUNT=0, PID=1071, UID=10009, FLAGS=
05-16 11:26:55.124 I/WAKELOCK_ACQUIRE(  571): TIMESTAMP=70909845995630, TAG=LocationManagerService, TYPE=PARTIAL_WAKE_LOCK             , COUNT=0, PID=571, UID=1000, FLAGS=
05-16 11:26:55.124 I/WAKELOCK_ACQUIRE(  571): TIMESTAMP=70909846806605, TAG=LocationManagerService, TYPE=PARTIAL_WAKE_LOCK             , COUNT=0, PID=571, UID=1000, FLAGS=
05-16 11:26:55.124 I/WAKELOCK_ACQUIRE(  571): TIMESTAMP=70909847220284, TAG=LocationManagerService, TYPE=PARTIAL_WAKE_LOCK             , COUNT=0, PID=571, UID=1000, FLAGS=
05-16 11:26:55.124 I/WAKELOCK_RELEASE(  571): TIMESTAMP=70909850606800, TAG=LocationManagerService, TYPE=PARTIAL_WAKE_LOCK             , COUNT=0, PID=571, UID=1000, FLAGS=
05-16 11:26:55.124 I/WAKELOCK_RELEASE(  571): TIMESTAMP=70909850948950, TAG=LocationManagerService, TYPE=PARTIAL_WAKE_LOCK             , COUNT=0, PID=571, UID=1000, FLAGS=
05-16 11:26:55.134 I/libgps  (  571): proxy_gps_inject_location()
05-16 11:26:55.134 I/WAKELOCK_RELEASE(  571): TIMESTAMP=70909857170359, TAG=LocationManagerService, TYPE=PARTIAL_WAKE_LOCK             , COUNT=0, PID=571, UID=1000, FLAGS=
05-16 11:26:55.144 I/WAKELOCK_RELEASE(  571): TIMESTAMP=70909863025317, TAG=LocationManagerService, TYPE=PARTIAL_WAKE_LOCK             , COUNT=0, PID=571, UID=1000, FLAGS=
05-16 11:26:57.634 I/WifiHW  (  571): CMD: IFNAME=wlan0 SIGNAL_POLL
05-16 11:26:57.654 D/wpa_supplicant(  649): nl80211: survey data missing!
05-16 11:26:57.654 I/wpa_supplicant(  649): nl80211: send_and_recv->nl_recvmsgs failed: 20
05-16 11:26:57.654 I/WifiHW  (  571): REPLY: RSSI=-65
05-16 11:26:57.654 I/WifiHW  (  571): REPLY: LINKSPEED=24
05-16 11:26:57.654 I/WifiHW  (  571): REPLY: NOISE=9999
05-16 11:26:57.654 I/WifiHW  (  571): REPLY: FREQUENCY=2472
05-16 11:26:59.994 I/SecurityManagerService(  704): SMS received security event: com.intel.asf.InterprocessSecurityEvent@2ea70d28
05-16 11:26:59.994 D/AsfAosp (  571): No ASF clients are connected
05-16 11:26:59.994 I/WAKELOCK_ACQUIRE(  571): TIMESTAMP=70914721661300, TAG=AlarmManager, TYPE=PARTIAL_WAKE_LOCK             , COUNT=0, PID=571, UID=1000, FLAGS=
05-16 11:27:00.034 I/WAKELOCK_RELEASE(  571): TIMESTAMP=70914759239245, TAG=AlarmManager, TYPE=PARTIAL_WAKE_LOCK             , COUNT=0, PID=571, UID=1000, FLAGS=
05-16 11:27:00.654 I/WifiHW  (  571): CMD: IFNAME=wlan0 SIGNAL_POLL
05-16 11:27:00.664 D/wpa_supplicant(  649): nl80211: survey data missing!
05-16 11:27:00.664 I/wpa_supplicant(  649): nl80211: send_and_recv->nl_recvmsgs failed: 20
05-16 11:27:00.664 I/WifiHW  (  571): REPLY: RSSI=-63
05-16 11:27:00.664 I/WifiHW  (  571): REPLY: LINKSPEED=24
05-16 11:27:00.664 I/WifiHW  (  571): REPLY: NOISE=9999
05-16 11:27:00.664 I/WifiHW  (  571): REPLY: FREQUENCY=2472
05-16 11:27:03.674 I/WifiHW  (  571): CMD: IFNAME=wlan0 SIGNAL_POLL
05-16 11:27:03.684 D/wpa_supplicant(  649): nl80211: survey data missing!
05-16 11:27:03.684 I/wpa_supplicant(  649): nl80211: send_and_recv->nl_recvmsgs failed: 20
05-16 11:27:03.684 I/WifiHW  (  571): REPLY: RSSI=-62
05-16 11:27:03.684 I/WifiHW  (  571): REPLY: LINKSPEED=24
05-16 11:27:03.684 I/WifiHW  (  571): REPLY: NOISE=9999
05-16 11:27:03.684 I/WifiHW  (  571): REPLY: FREQUENCY=2472
05-16 11:27:06.694 I/WifiHW  (  571): CMD: IFNAME=wlan0 SIGNAL_POLL
05-16 11:27:06.704 D/wpa_supplicant(  649): nl80211: survey data missing!
05-16 11:27:06.704 I/wpa_supplicant(  649): nl80211: send_and_recv->nl_recvmsgs failed: 20
05-16 11:27:06.704 I/WifiHW  (  571): REPLY: RSSI=-62
05-16 11:27:06.704 I/WifiHW  (  571): REPLY: LINKSPEED=24
05-16 11:27:06.704 I/WifiHW  (  571): REPLY: NOISE=9999
05-16 11:27:06.704 I/WifiHW  (  571): REPLY: FREQUENCY=2472
05-16 11:27:09.704 I/WifiHW  (  571): CMD: IFNAME=wlan0 SIGNAL_POLL
05-16 11:27:09.724 D/wpa_supplicant(  649): nl80211: survey data missing!
05-16 11:27:09.724 I/wpa_supplicant(  649): nl80211: send_and_recv->nl_recvmsgs failed: 20
05-16 11:27:09.724 I/WifiHW  (  571): REPLY: RSSI=-62
05-16 11:27:09.724 I/WifiHW  (  571): REPLY: LINKSPEED=24
05-16 11:27:09.724 I/WifiHW  (  571): REPLY: NOISE=9999
05-16 11:27:09.724 I/WifiHW  (  571): REPLY: FREQUENCY=2472
05-16 11:27:12.724 I/WifiHW  (  571): CMD: IFNAME=wlan0 SIGNAL_POLL
05-16 11:27:12.744 D/wpa_supplicant(  649): nl80211: survey data missing!
05-16 11:27:12.744 I/wpa_supplicant(  649): nl80211: send_and_recv->nl_recvmsgs failed: 20
05-16 11:27:12.744 I/WifiHW  (  571): REPLY: RSSI=-61
05-16 11:27:12.744 I/WifiHW  (  571): REPLY: LINKSPEED=24
05-16 11:27:12.744 I/WifiHW  (  571): REPLY: NOISE=9999
05-16 11:27:12.744 I/WifiHW  (  571): REPLY: FREQUENCY=2472
05-16 11:27:15.744 I/WifiHW  (  571): CMD: IFNAME=wlan0 SIGNAL_POLL
05-16 11:27:15.754 D/wpa_supplicant(  649): nl80211: survey data missing!
05-16 11:27:15.754 I/wpa_supplicant(  649): nl80211: send_and_recv->nl_recvmsgs failed: 20
05-16 11:27:15.754 I/WifiHW  (  571): REPLY: RSSI=-62
05-16 11:27:15.754 I/WifiHW  (  571): REPLY: LINKSPEED=24
05-16 11:27:15.754 I/WifiHW  (  571): REPLY: NOISE=9999
05-16 11:27:15.754 I/WifiHW  (  571): REPLY: FREQUENCY=2472
05-16 11:27:18.764 I/WifiHW  (  571): CMD: IFNAME=wlan0 SIGNAL_POLL
05-16 11:27:18.774 D/wpa_supplicant(  649): nl80211: survey data missing!
05-16 11:27:18.774 I/wpa_supplicant(  649): nl80211: send_and_recv->nl_recvmsgs failed: 20
05-16 11:27:18.774 I/WifiHW  (  571): REPLY: RSSI=-62
05-16 11:27:18.774 I/WifiHW  (  571): REPLY: LINKSPEED=24
05-16 11:27:18.774 I/WifiHW  (  571): REPLY: NOISE=9999
05-16 11:27:18.774 I/WifiHW  (  571): REPLY: FREQUENCY=2472
05-16 11:27:21.784 I/WifiHW  (  571): CMD: IFNAME=wlan0 SIGNAL_POLL
05-16 11:27:21.794 D/wpa_supplicant(  649): nl80211: survey data missing!
05-16 11:27:21.794 I/wpa_supplicant(  649): nl80211: send_and_recv->nl_recvmsgs failed: 20
05-16 11:27:21.794 I/WifiHW  (  571): REPLY: RSSI=-61
05-16 11:27:21.794 I/WifiHW  (  571): REPLY: LINKSPEED=24
05-16 11:27:21.794 I/WifiHW  (  571): REPLY: NOISE=9999
05-16 11:27:21.794 I/WifiHW  (  571): REPLY: FREQUENCY=2472
05-16 11:27:24.794 I/WifiHW  (  571): CMD: IFNAME=wlan0 SIGNAL_POLL
05-16 11:27:24.814 D/wpa_supplicant(  649): nl80211: survey data missing!
05-16 11:27:24.814 I/wpa_supplicant(  649): nl80211: send_and_recv->nl_recvmsgs failed: 20
05-16 11:27:24.814 I/WifiHW  (  571): REPLY: RSSI=-62
05-16 11:27:24.814 I/WifiHW  (  571): REPLY: LINKSPEED=24
05-16 11:27:24.814 I/WifiHW  (  571): REPLY: NOISE=9999
05-16 11:27:24.814 I/WifiHW  (  571): REPLY: FREQUENCY=2472
05-16 11:27:27.814 I/WifiHW  (  571): CMD: IFNAME=wlan0 SIGNAL_POLL
05-16 11:27:27.834 D/wpa_supplicant(  649): nl80211: survey data missing!
05-16 11:27:27.834 I/wpa_supplicant(  649): nl80211: send_and_recv->nl_recvmsgs failed: 20
05-16 11:27:27.834 I/WifiHW  (  571): REPLY: RSSI=-63
05-16 11:27:27.834 I/WifiHW  (  571): REPLY: LINKSPEED=24
05-16 11:27:27.834 I/WifiHW  (  571): REPLY: NOISE=9999
05-16 11:27:27.834 I/WifiHW  (  571): REPLY: FREQUENCY=2472
05-16 11:27:30.834 I/WifiHW  (  571): CMD: IFNAME=wlan0 SIGNAL_POLL
05-16 11:27:30.844 D/wpa_supplicant(  649): nl80211: survey data missing!
05-16 11:27:30.844 I/wpa_supplicant(  649): nl80211: send_and_recv->nl_recvmsgs failed: 20
05-16 11:27:30.844 I/WifiHW  (  571): REPLY: RSSI=-62
05-16 11:27:30.844 I/WifiHW  (  571): REPLY: LINKSPEED=24
05-16 11:27:30.844 I/WifiHW  (  571): REPLY: NOISE=9999
05-16 11:27:30.844 I/WifiHW  (  571): REPLY: FREQUENCY=2472
05-16 11:27:33.854 I/WifiHW  (  571): CMD: IFNAME=wlan0 SIGNAL_POLL
05-16 11:27:33.864 D/wpa_supplicant(  649): nl80211: survey data missing!
05-16 11:27:33.864 I/wpa_supplicant(  649): nl80211: send_and_recv->nl_recvmsgs failed: 20
05-16 11:27:33.864 I/WifiHW  (  571): REPLY: RSSI=-62
05-16 11:27:33.864 I/WifiHW  (  571): REPLY: LINKSPEED=24
05-16 11:27:33.864 I/WifiHW  (  571): REPLY: NOISE=9999
05-16 11:27:33.864 I/WifiHW  (  571): REPLY: FREQUENCY=2472
05-16 11:27:36.874 I/WifiHW  (  571): CMD: IFNAME=wlan0 SIGNAL_POLL
05-16 11:27:36.884 D/wpa_supplicant(  649): nl80211: survey data missing!
05-16 11:27:36.884 I/wpa_supplicant(  649): nl80211: send_and_recv->nl_recvmsgs failed: 20
05-16 11:27:36.884 I/WifiHW  (  571): REPLY: RSSI=-63
05-16 11:27:36.884 I/WifiHW  (  571): REPLY: LINKSPEED=24
05-16 11:27:36.884 I/WifiHW  (  571): REPLY: NOISE=9999
05-16 11:27:36.884 I/WifiHW  (  571): REPLY: FREQUENCY=2472
05-16 11:27:39.884 I/WifiHW  (  571): CMD: IFNAME=wlan0 SIGNAL_POLL
05-16 11:27:39.904 D/wpa_supplicant(  649): nl80211: survey data missing!
05-16 11:27:39.904 I/wpa_supplicant(  649): nl80211: send_and_recv->nl_recvmsgs failed: 20
05-16 11:27:39.904 I/WifiHW  (  571): REPLY: RSSI=-62
05-16 11:27:39.904 I/WifiHW  (  571): REPLY: LINKSPEED=24
05-16 11:27:39.904 I/WifiHW  (  571): REPLY: NOISE=9999
05-16 11:27:39.904 I/WifiHW  (  571): REPLY: FREQUENCY=2472
05-16 11:27:42.324 E/ia_watchdog(  183): Refreshing Watchdog Timers
05-16 11:27:42.664 W/JsonManifestFetcher(15104): Failed to fetch manifest, reverting to local copy.
05-16 11:27:42.664 W/JsonManifestFetcher(15104): javax.net.ssl.SSLPeerUnverifiedException: No peer certificate
05-16 11:27:42.664 W/JsonManifestFetcher(15104): 	at com.android.org.conscrypt.SSLSessionImpl.getPeerCertificates(SSLSessionImpl.java:146)
05-16 11:27:42.664 W/JsonManifestFetcher(15104): 	at org.apache.http.conn.ssl.AbstractVerifier.verify(AbstractVerifier.java:93)
05-16 11:27:42.664 W/JsonManifestFetcher(15104): 	at org.apache.http.conn.ssl.SSLSocketFactory.createSocket(SSLSocketFactory.java:388)
05-16 11:27:42.664 W/JsonManifestFetcher(15104): 	at org.apache.http.impl.conn.DefaultClientConnectionOperator.openConnection(DefaultClientConnectionOperator.java:165)
05-16 11:27:42.664 W/JsonManifestFetcher(15104): 	at org.apache.http.impl.conn.AbstractPoolEntry.open(AbstractPoolEntry.java:164)
05-16 11:27:42.664 W/JsonManifestFetcher(15104): 	at org.apache.http.impl.conn.AbstractPooledConnAdapter.open(AbstractPooledConnAdapter.java:119)
05-16 11:27:42.664 W/JsonManifestFetcher(15104): 	at org.apache.http.impl.client.DefaultRequestDirector.execute(DefaultRequestDirector.java:360)
05-16 11:27:42.664 W/JsonManifestFetcher(15104): 	at org.apache.http.impl.client.AbstractHttpClient.execute(AbstractHttpClient.java:555)
05-16 11:27:42.664 W/JsonManifestFetcher(15104): 	at org.apache.http.impl.client.AbstractHttpClient.execute(AbstractHttpClient.java:487)
05-16 11:27:42.664 W/JsonManifestFetcher(15104): 	at org.apache.http.impl.client.AbstractHttpClient.execute(AbstractHttpClient.java:465)
05-16 11:27:42.664 W/JsonManifestFetcher(15104): 	at ayM.execute(HttpClientImpl.java:255)
05-16 11:27:42.664 W/JsonManifestFetcher(15104): 	at ayH.a(DefaultHttpIssuer.java:53)
05-16 11:27:42.664 W/JsonManifestFetcher(15104): 	at ayQ.b(HttpIssuerBase.java:123)
05-16 11:27:42.664 W/JsonManifestFetcher(15104): 	at ayQ.a(HttpIssuerBase.java:111)
05-16 11:27:42.664 W/JsonManifestFetcher(15104): 	at ayv.b(DefaultAuthenticatedHttpIssuer.java:213)
05-16 11:27:42.664 W/JsonManifestFetcher(15104): 	at ayv.a(DefaultAuthenticatedHttpIssuer.java:161)
05-16 11:27:42.664 W/JsonManifestFetcher(15104): 	at ayv.a(DefaultAuthenticatedHttpIssuer.java:100)
05-16 11:27:42.664 W/JsonManifestFetcher(15104): 	at ayE.a(RedirectHelper.java:96)
05-16 11:27:42.664 W/JsonManifestFetcher(15104): 	at azn.a(JsonManifestFetcher.java:92)
05-16 11:27:42.664 W/JsonManifestFetcher(15104): 	at com.google.android.apps.docs.editors.bulksyncer.BulkSyncerService.a(BulkSyncerService.java:667)
05-16 11:27:42.664 W/JsonManifestFetcher(15104): 	at com.google.android.apps.docs.editors.bulksyncer.BulkSyncerService.a(BulkSyncerService.java:598)
05-16 11:27:42.664 W/JsonManifestFetcher(15104): 	at com.google.android.apps.docs.editors.bulksyncer.BulkSyncerService.a(BulkSyncerService.java:90)
05-16 11:27:42.664 W/JsonManifestFetcher(15104): 	at sV.a(BulkSyncerService.java:290)
05-16 11:27:42.664 W/JsonManifestFetcher(15104): 	at aFH.a(BulkSyncerImpl.java:134)
05-16 11:27:42.664 W/JsonManifestFetcher(15104): 	at Vy.a(EditorsOfflineSyncManagerImpl.java:105)
05-16 11:27:42.664 W/JsonManifestFetcher(15104): 	at Vy.a(EditorsOfflineSyncManagerImpl.java:96)
05-16 11:27:42.664 W/JsonManifestFetcher(15104): 	at aJx.a(SyncManager.java:294)
05-16 11:27:42.664 W/JsonManifestFetcher(15104): 	at aIJ.a(DocsSyncAdapter.java:46)
05-16 11:27:42.664 W/JsonManifestFetcher(15104): 	at aIL.run(DocsSyncAdapter.java:122)
05-16 11:27:42.664 W/JsonManifestFetcher(15104): 	at aOc.a(NetworkUtilitiesImpl.java:29)
05-16 11:27:42.664 W/JsonManifestFetcher(15104): 	at aIK.run(DocsSyncAdapter.java:119)
05-16 11:27:42.664 E/HttpIssuerBase(15104): Attempt to close HttpIssuer when no request is executing.
05-16 11:27:42.664 E/HttpIssuerBase(15104): java.io.IOException
05-16 11:27:42.664 E/HttpIssuerBase(15104): 	at ayQ.b(HttpIssuerBase.java:191)
05-16 11:27:42.664 E/HttpIssuerBase(15104): 	at ayv.b(DefaultAuthenticatedHttpIssuer.java:141)
05-16 11:27:42.664 E/HttpIssuerBase(15104): 	at azn.a(JsonManifestFetcher.java:130)
05-16 11:27:42.664 E/HttpIssuerBase(15104): 	at com.google.android.apps.docs.editors.bulksyncer.BulkSyncerService.a(BulkSyncerService.java:667)
05-16 11:27:42.664 E/HttpIssuerBase(15104): 	at com.google.android.apps.docs.editors.bulksyncer.BulkSyncerService.a(BulkSyncerService.java:598)
05-16 11:27:42.664 E/HttpIssuerBase(15104): 	at com.google.android.apps.docs.editors.bulksyncer.BulkSyncerService.a(BulkSyncerService.java:90)
05-16 11:27:42.664 E/HttpIssuerBase(15104): 	at sV.a(BulkSyncerService.java:290)
05-16 11:27:42.664 E/HttpIssuerBase(15104): 	at aFH.a(BulkSyncerImpl.java:134)
05-16 11:27:42.664 E/HttpIssuerBase(15104): 	at Vy.a(EditorsOfflineSyncManagerImpl.java:105)
05-16 11:27:42.664 E/HttpIssuerBase(15104): 	at Vy.a(EditorsOfflineSyncManagerImpl.java:96)
05-16 11:27:42.664 E/HttpIssuerBase(15104): 	at aJx.a(SyncManager.java:294)
05-16 11:27:42.664 E/HttpIssuerBase(15104): 	at aIJ.a(DocsSyncAdapter.java:46)
05-16 11:27:42.664 E/HttpIssuerBase(15104): 	at aIL.run(DocsSyncAdapter.java:122)
05-16 11:27:42.664 E/HttpIssuerBase(15104): 	at aOc.a(NetworkUtilitiesImpl.java:29)
05-16 11:27:42.664 E/HttpIssuerBase(15104): 	at aIK.run(DocsSyncAdapter.java:119)
05-16 11:27:42.664 E/BulkSyncerService(15104): additionalData field absent in syncapp serverManifest, aborting
05-16 11:27:42.664 W/EditorsOfflineSyncManagerImpl(15104): Failed to sync offline metadata.
05-16 11:27:42.664 E/HttpIssuerBase(15104): HttpIssuer connection leak, number of active connections exceeded 10
05-16 11:27:42.664 E/HttpIssuerBase(15104): java.io.IOException
05-16 11:27:42.664 E/HttpIssuerBase(15104): 	at ayQ.b(HttpIssuerBase.java:252)
05-16 11:27:42.664 E/HttpIssuerBase(15104): 	at ayQ.b(HttpIssuerBase.java:123)
05-16 11:27:42.664 E/HttpIssuerBase(15104): 	at ayQ.a(HttpIssuerBase.java:111)
05-16 11:27:42.664 E/HttpIssuerBase(15104): 	at ayv.b(DefaultAuthenticatedHttpIssuer.java:213)
05-16 11:27:42.664 E/HttpIssuerBase(15104): 	at ayv.a(DefaultAuthenticatedHttpIssuer.java:161)
05-16 11:27:42.664 E/HttpIssuerBase(15104): 	at ayv.a(DefaultAuthenticatedHttpIssuer.java:100)
05-16 11:27:42.664 E/HttpIssuerBase(15104): 	at aIi.a(AccountMetadataUpdater.java:191)
05-16 11:27:42.664 E/HttpIssuerBase(15104): 	at aIi.a(AccountMetadataUpdater.java:113)
05-16 11:27:42.664 E/HttpIssuerBase(15104): 	at aJx.a(SyncManager.java:449)
05-16 11:27:42.664 E/HttpIssuerBase(15104): 	at aJx.a(SyncManager.java:298)
05-16 11:27:42.664 E/HttpIssuerBase(15104): 	at aIJ.a(DocsSyncAdapter.java:46)
05-16 11:27:42.664 E/HttpIssuerBase(15104): 	at aIL.run(DocsSyncAdapter.java:122)
05-16 11:27:42.664 E/HttpIssuerBase(15104): 	at aOc.a(NetworkUtilitiesImpl.java:29)
05-16 11:27:42.664 E/HttpIssuerBase(15104): 	at aIK.run(DocsSyncAdapter.java:119)
05-16 11:27:42.904 I/WifiHW  (  571): CMD: IFNAME=wlan0 SIGNAL_POLL
05-16 11:27:42.924 D/wpa_supplicant(  649): nl80211: survey data missing!
05-16 11:27:42.924 I/wpa_supplicant(  649): nl80211: send_and_recv->nl_recvmsgs failed: 20
05-16 11:27:42.924 I/WifiHW  (  571): REPLY: RSSI=-62
05-16 11:27:42.924 I/WifiHW  (  571): REPLY: LINKSPEED=24
05-16 11:27:42.924 I/WifiHW  (  571): REPLY: NOISE=9999
05-16 11:27:42.924 I/WifiHW  (  571): REPLY: FREQUENCY=2472
05-16 11:27:45.924 I/WifiHW  (  571): CMD: IFNAME=wlan0 SIGNAL_POLL
05-16 11:27:45.944 D/wpa_supplicant(  649): nl80211: survey data missing!
05-16 11:27:45.944 I/wpa_supplicant(  649): nl80211: send_and_recv->nl_recvmsgs failed: 20
05-16 11:27:45.944 I/WifiHW  (  571): REPLY: RSSI=-62
05-16 11:27:45.944 I/WifiHW  (  571): REPLY: LINKSPEED=24
05-16 11:27:45.944 I/WifiHW  (  571): REPLY: NOISE=9999
05-16 11:27:45.944 I/WifiHW  (  571): REPLY: FREQUENCY=2472
05-16 11:27:48.944 I/WifiHW  (  571): CMD: IFNAME=wlan0 SIGNAL_POLL
05-16 11:27:48.954 D/wpa_supplicant(  649): nl80211: survey data missing!
05-16 11:27:48.954 I/wpa_supplicant(  649): nl80211: send_and_recv->nl_recvmsgs failed: 20
05-16 11:27:48.954 I/WifiHW  (  571): REPLY: RSSI=-63
05-16 11:27:48.954 I/WifiHW  (  571): REPLY: LINKSPEED=36
05-16 11:27:48.954 I/WifiHW  (  571): REPLY: NOISE=9999
05-16 11:27:48.954 I/WifiHW  (  571): REPLY: FREQUENCY=2472
05-16 11:27:51.964 I/WifiHW  (  571): CMD: IFNAME=wlan0 SIGNAL_POLL
05-16 11:27:51.974 D/wpa_supplicant(  649): nl80211: survey data missing!
05-16 11:27:51.974 I/wpa_supplicant(  649): nl80211: send_and_recv->nl_recvmsgs failed: 20
05-16 11:27:51.974 I/WifiHW  (  571): REPLY: RSSI=-64
05-16 11:27:51.974 I/WifiHW  (  571): REPLY: LINKSPEED=36
05-16 11:27:51.974 I/WifiHW  (  571): REPLY: NOISE=9999
05-16 11:27:51.974 I/WifiHW  (  571): REPLY: FREQUENCY=2472
05-16 11:27:54.974 I/WifiHW  (  571): CMD: IFNAME=wlan0 SIGNAL_POLL
05-16 11:27:54.994 D/wpa_supplicant(  649): nl80211: survey data missing!
